Component: ARM Compiler 6.13.1 Tool: armlink [5d895400]

==============================================================================

Section Cross References

    startup_stm32f103xb.o(STACK) refers (Special) to heapauxi.o(.text) for __use_two_region_memory
    startup_stm32f103xb.o(HEAP) refers (Special) to heapauxi.o(.text) for __use_two_region_memory
    startup_stm32f103xb.o(RESET) refers (Special) to heapauxi.o(.text) for __use_two_region_memory
    startup_stm32f103xb.o(RESET) refers to startup_stm32f103xb.o(STACK) for __initial_sp
    startup_stm32f103xb.o(RESET) refers to startup_stm32f103xb.o(.text) for Reset_Handler
    startup_stm32f103xb.o(RESET) refers to stm32f1xx_it.o(.text.NMI_Handler) for NMI_Handler
    startup_stm32f103xb.o(RESET) refers to stm32f1xx_it.o(.text.HardFault_Handler) for HardFault_Handler
    startup_stm32f103xb.o(RESET) refers to stm32f1xx_it.o(.text.MemManage_Handler) for MemManage_Handler
    startup_stm32f103xb.o(RESET) refers to stm32f1xx_it.o(.text.BusFault_Handler) for BusFault_Handler
    startup_stm32f103xb.o(RESET) refers to stm32f1xx_it.o(.text.UsageFault_Handler) for UsageFault_Handler
    startup_stm32f103xb.o(RESET) refers to stm32f1xx_it.o(.text.SVC_Handler) for SVC_Handler
    startup_stm32f103xb.o(RESET) refers to stm32f1xx_it.o(.text.DebugMon_Handler) for DebugMon_Handler
    startup_stm32f103xb.o(RESET) refers to stm32f1xx_it.o(.text.PendSV_Handler) for PendSV_Handler
    startup_stm32f103xb.o(RESET) refers to stm32f1xx_it.o(.text.SysTick_Handler) for SysTick_Handler
    startup_stm32f103xb.o(.text) refers (Special) to heapauxi.o(.text) for __use_two_region_memory
    startup_stm32f103xb.o(.text) refers to system_stm32f1xx.o(.text.SystemInit) for SystemInit
    startup_stm32f103xb.o(.text) refers to __main.o(!!!main) for __main
    startup_stm32f103xb.o(.text) refers to startup_stm32f103xb.o(HEAP) for Heap_Mem
    startup_stm32f103xb.o(.text) refers to startup_stm32f103xb.o(STACK) for Stack_Mem
    main.o(.text.main) refers to stm32f1xx_hal.o(.text.HAL_Init) for HAL_Init
    main.o(.text.main) refers to main.o(.text.SystemClock_Config) for SystemClock_Config
    main.o(.text.main) refers to stm32f1xx_hal_i2c.o(.text.HAL_I2C_Init) for HAL_I2C_Init
    main.o(.text.main) refers to gy_87.o(.text.Gy87_Init) for Gy87_Init
    main.o(.text.main) refers to gy_87.o(.text.Gy_87_Read_Data_Handle) for Gy_87_Read_Data_Handle
    main.o(.text.main) refers to main.o(.bss.hi2c2) for hi2c2
    main.o(.ARM.exidx.text.main) refers to main.o(.text.main) for [Anonymous Symbol]
    main.o(.text.SystemClock_Config) refers to rt_memclr_w.o(.text) for __aeabi_memclr4
    main.o(.text.SystemClock_Config) refers to stm32f1xx_hal_rcc.o(.text.HAL_RCC_OscConfig) for HAL_RCC_OscConfig
    main.o(.text.SystemClock_Config) refers to stm32f1xx_hal_rcc.o(.text.HAL_RCC_ClockConfig) for HAL_RCC_ClockConfig
    main.o(.ARM.exidx.text.SystemClock_Config) refers to main.o(.text.SystemClock_Config) for [Anonymous Symbol]
    main.o(.ARM.exidx.text.Error_Handler) refers to main.o(.text.Error_Handler) for [Anonymous Symbol]
    stm32f1xx_it.o(.ARM.exidx.text.NMI_Handler) refers to stm32f1xx_it.o(.text.NMI_Handler) for [Anonymous Symbol]
    stm32f1xx_it.o(.ARM.exidx.text.HardFault_Handler) refers to stm32f1xx_it.o(.text.HardFault_Handler) for [Anonymous Symbol]
    stm32f1xx_it.o(.ARM.exidx.text.MemManage_Handler) refers to stm32f1xx_it.o(.text.MemManage_Handler) for [Anonymous Symbol]
    stm32f1xx_it.o(.ARM.exidx.text.BusFault_Handler) refers to stm32f1xx_it.o(.text.BusFault_Handler) for [Anonymous Symbol]
    stm32f1xx_it.o(.ARM.exidx.text.UsageFault_Handler) refers to stm32f1xx_it.o(.text.UsageFault_Handler) for [Anonymous Symbol]
    stm32f1xx_it.o(.ARM.exidx.text.SVC_Handler) refers to stm32f1xx_it.o(.text.SVC_Handler) for [Anonymous Symbol]
    stm32f1xx_it.o(.ARM.exidx.text.DebugMon_Handler) refers to stm32f1xx_it.o(.text.DebugMon_Handler) for [Anonymous Symbol]
    stm32f1xx_it.o(.ARM.exidx.text.PendSV_Handler) refers to stm32f1xx_it.o(.text.PendSV_Handler) for [Anonymous Symbol]
    stm32f1xx_it.o(.text.SysTick_Handler) refers to stm32f1xx_hal.o(.text.HAL_IncTick) for HAL_IncTick
    stm32f1xx_it.o(.ARM.exidx.text.SysTick_Handler) refers to stm32f1xx_it.o(.text.SysTick_Handler) for [Anonymous Symbol]
    stm32f1xx_hal_msp.o(.ARM.exidx.text.HAL_MspInit) refers to stm32f1xx_hal_msp.o(.text.HAL_MspInit) for [Anonymous Symbol]
    stm32f1xx_hal_msp.o(.text.HAL_I2C_MspInit) refers to stm32f1xx_hal_gpio.o(.text.HAL_GPIO_Init) for HAL_GPIO_Init
    stm32f1xx_hal_msp.o(.ARM.exidx.text.HAL_I2C_MspInit) refers to stm32f1xx_hal_msp.o(.text.HAL_I2C_MspInit) for [Anonymous Symbol]
    stm32f1xx_hal_msp.o(.text.HAL_I2C_MspDeInit) refers to stm32f1xx_hal_gpio.o(.text.HAL_GPIO_DeInit) for HAL_GPIO_DeInit
    stm32f1xx_hal_msp.o(.ARM.exidx.text.HAL_I2C_MspDeInit) refers to stm32f1xx_hal_msp.o(.text.HAL_I2C_MspDeInit) for [Anonymous Symbol]
[...]
    ../fplib/fcmpi.s                         0x00000000   Number         0  fcmpi.o ABSOLUTE
    ../fplib/fdiv.s                          0x00000000   Number         0  fdiv.o ABSOLUTE
    ../fplib/feqf.s                          0x00000000   Number         0  feqf.o ABSOLUTE
    ../fplib/ffix.s                          0x00000000   Number         0  ffix.o ABSOLUTE
    ../fplib/fflt.s                          0x00000000   Number         0  fflt_clz.o ABSOLUTE
    ../fplib/fgeqf.s                         0x00000000   Number         0  fgeqf.o ABSOLUTE
    ../fplib/fleqf.s                         0x00000000   Number         0  fleqf.o ABSOLUTE
    ../fplib/fmul.s                          0x00000000   Number         0  fmul.o ABSOLUTE
    ../fplib/fnaninf.s                       0x00000000   Number         0  fnaninf.o ABSOLUTE
    ../fplib/fpinit.s                        0x00000000   Number         0  fpinit.o ABSOLUTE
    ../fplib/fpinit_empty.s                  0x00000000   Number         0  fpinit_empty.o ABSOLUTE
    ../fplib/fretinf.s                       0x00000000   Number         0  fretinf.o ABSOLUTE
    ../fplib/retnan.s                        0x00000000   Number         0  retnan.o ABSOLUTE
    ../fplib/scalbn.s                        0x00000000   Number         0  scalbn.o ABSOLUTE
    ../fplib/scalbnf.s                       0x00000000   Number         0  scalbnf.o ABSOLUTE
    ../fplib/trapv.s                         0x00000000   Number         0  trapv.o ABSOLUTE
    ../fplib/usenofp.s                       0x00000000   Number         0  usenofp.o ABSOLUTE
    ../mathlib/asin.c                        0x00000000   Number         0  asin.o ABSOLUTE
    ../mathlib/asin.c                        0x00000000   Number         0  asin_x.o ABSOLUTE
    ../mathlib/atan.c                        0x00000000   Number         0  atan.o ABSOLUTE
    ../mathlib/atan.c                        0x00000000   Number         0  atan_x.o ABSOLUTE
    ../mathlib/atan2.c                       0x00000000   Number         0  atan2.o ABSOLUTE
    ../mathlib/atan2.c                       0x00000000   Number         0  atan2_x.o ABSOLUTE
    ../mathlib/atan2f.c                      0x00000000   Number         0  atan2f.o ABSOLUTE
    ../mathlib/atan2f.c                      0x00000000   Number         0  atan2f_x.o ABSOLUTE
    ../mathlib/dunder.c                      0x00000000   Number         0  dunder.o ABSOLUTE
    ../mathlib/fpclassify.c                  0x00000000   Number         0  fpclassify.o ABSOLUTE
    ../mathlib/fpclassifyf.c                 0x00000000   Number         0  fpclassifyf.o ABSOLUTE
    ../mathlib/funder.c                      0x00000000   Number         0  funder.o ABSOLUTE
    ../mathlib/poly.c                        0x00000000   Number         0  poly.o ABSOLUTE
    ../mathlib/qnan.c                        0x00000000   Number         0  qnan.o ABSOLUTE
    ../mathlib/sqrt.c                        0x00000000   Number         0  sqrt.o ABSOLUTE
    ../mathlib/sqrt.c                        0x00000000   Number         0  sqrt_x.o ABSOLUTE
    Gy_87.c                                  0x00000000   Number         0  gy_87.o ABSOLUTE
    app_angle.c                              0x00000000   Number         0  app_angle.o ABSOLUTE
    app_math.c                               0x00000000   Number         0  app_math.o ABSOLUTE
    dc.s                                     0x00000000   Number         0  dc.o ABSOLUTE
    main.c                                   0x00000000   Number         0  main.o ABSOLUTE
    mpu6050.c                                0x00000000   Number         0  mpu6050.o ABSOLUTE
    startup_stm32f103xb.s                    0x00000000   Number         0  startup_stm32f103xb.o ABSOLUTE
    stm32f1xx_hal.c                          0x00000000   Number         0  stm32f1xx_hal.o ABSOLUTE
    stm32f1xx_hal_cortex.c                   0x00000000   Number         0  stm32f1xx_hal_cortex.o ABSOLUTE
    stm32f1xx_hal_dma.c                      0x00000000   Number         0  stm32f1xx_hal_dma.o ABSOLUTE
    stm32f1xx_hal_exti.c                     0x00000000   Number         0  stm32f1xx_hal_exti.o ABSOLUTE
    stm32f1xx_hal_flash.c                    0x00000000   Number         0  stm32f1xx_hal_flash.o ABSOLUTE
    stm32f1xx_hal_flash_ex.c                 0x00000000   Number         0  stm32f1xx_hal_flash_ex.o ABSOLUTE
    stm32f1xx_hal_gpio.c                     0x00000000   Number         0  stm32f1xx_hal_gpio.o ABSOLUTE
    stm32f1xx_hal_gpio_ex.c                  0x00000000   Number         0  stm32f1xx_hal_gpio_ex.o ABSOLUTE
    stm32f1xx_hal_i2c.c                      0x00000000   Number         0  stm32f1xx_hal_i2c.o ABSOLUTE
    stm32f1xx_hal_msp.c                      0x00000000   Number         0  stm32f1xx_hal_msp.o ABSOLUTE
    stm32f1xx_hal_pwr.c                      0x00000000   Number         0  stm32f1xx_hal_pwr.o ABSOLUTE
    stm32f1xx_hal_rcc.c                      0x00000000   Number         0  stm32f1xx_hal_rcc.o ABSOLUTE
    stm32f1xx_hal_rcc_ex.c                   0x00000000   Number         0  stm32f1xx_hal_rcc_ex.o ABSOLUTE
    stm32f1xx_it.c                           0x00000000   Number         0  stm32f1xx_it.o ABSOLUTE
    system_stm32f1xx.c                       0x00000000   Number         0  system_stm32f1xx.o ABSOLUTE
    RESET                                    0x08000000   Section      236  startup_stm32f103xb.o(RESET)
    !!!main                                  0x080000ec   Section        8  __main.o(!!!main)
    !!!scatter                               0x080000f4   Section       52  __scatter.o(!!!scatter)
    !!handler_copy                           0x08000128   Section       26  __scatter_copy.o(!!handler_copy)
    !!handler_zi                             0x08000144   Section       28  __scatter_zi.o(!!handler_zi)
    .ARM.Collect$$libinit$$00000000          0x08000160   Section        2  libinit.o(.ARM.Collect$$libinit$$00000000)
    .ARM.Collect$$libinit$$00000002          0x08000162   Section        0  libinit2.o(.ARM.Collect$$libinit$$00000002)
    .ARM.Collect$$libinit$$00000004          0x08000162   Section        0  libinit2.o(.ARM.Collect$$libinit$$00000004)
    .ARM.Collect$$libinit$$0000000A          0x08000162   Section        0  libinit2.o(.ARM.Collect$$libinit$$0000000A)
    .ARM.Collect$$libinit$$0000000C          0x08000162   Section        0  libinit2.o(.ARM.Collect$$libinit$$0000000C)
    .ARM.Collect$$libinit$$0000000E          0x08000162   Section        0  libinit2.o(.ARM.Collect$$libinit$$0000000E)
    .ARM.Collect$$libinit$$00000011          0x08000162   Section        0  libinit2.o(.ARM.Collect$$libinit$$00000011)
    .ARM.Collect$$libinit$$00000013          0x08000162   Section        0  libinit2.o(.ARM.Collect$$libinit$$00000013)
    .ARM.Collect$$libinit$$00000015          0x08000162   Section        0  libinit2.o(.ARM.Collect$$libinit$$00000015)
    .ARM.Collect$$libinit$$00000017          0x08000162   Section        0  libinit2.o(.ARM.Collect$$libinit$$00000017)
    .ARM.Collect$$libinit$$00000019          0x08000162   Section        0  libinit2.o(.ARM.Collect$$libinit$$00000019)
    .ARM.Collect$$libinit$$0000001B          0x08000162   Section        0  libinit2.o(.ARM.Collect$$libinit$$0000001B)
    .ARM.Collect$$libinit$$0000001D          0x08000162   Section        0  libinit2.o(.ARM.Collect$$libinit$$0000001D)
    .ARM.Collect$$libinit$$0000001F          0x08000162   Section        0  libinit2.o(.ARM.Collect$$libinit$$0000001F)
    .ARM.Collect$$libinit$$00000021          0x08000162   Section        0  libinit2.o(.ARM.Collect$$libinit$$00000021)
    .ARM.Collect$$libinit$$00000023          0x08000162   Section        0  libinit2.o(.ARM.Collect$$libinit$$00000023)
    .ARM.Collect$$libinit$$00000025          0x08000162   Section        0  libinit2.o(.ARM.Collect$$libinit$$00000025)
    .ARM.Collect$$libinit$$0000002C          0x08000162   Section        0  libinit2.o(.ARM.Collect$$libinit$$0000002C)
    .ARM.Collect$$libinit$$0000002E          0x08000162   Section        0  libinit2.o(.ARM.Collect$$libinit$$0000002E)
    .ARM.Collect$$libinit$$00000030          0x08000162   Section        0  libinit2.o(.ARM.Collect$$libinit$$00000030)
    .ARM.Collect$$libinit$$00000032          0x08000162   Section        0  libinit2.o(.ARM.Collect$$libinit$$00000032)
    .ARM.Collect$$libinit$$00000033          0x08000162   Section        2  libinit2.o(.ARM.Collect$$libinit$$00000033)
    .ARM.Collect$$libshutdown$$00000000      0x08000164   Section        2  libshutdown.o(.ARM.Collect$$libshutdown$$00000000)
    .ARM.Collect$$libshutdown$$00000002      0x08000166   Section        0  libshutdown2.o(.ARM.Collect$$libshutdown$$00000002)
    .ARM.Collect$$libshutdown$$00000004      0x08000166   Section        0  libshutdown2.o(.ARM.Collect$$libshutdown$$00000004)
    .ARM.Collect$$libshutdown$$00000007      0x08000166   Section        0  libshutdown2.o(.ARM.Collect$$libshutdown$$00000007)
    .ARM.Collect$$libshutdown$$0000000A      0x08000166   Section        0  libshutdown2.o(.ARM.Collect$$libshutdown$$0000000A)
    .ARM.Collect$$libshutdown$$0000000C      0x08000166   Section        0  libshutdown2.o(.ARM.Collect$$libshutdown$$0000000C)
    .ARM.Collect$$libshutdown$$0000000F      0x08000166   Section        0  libshutdown2.o(.ARM.Collect$$libshutdown$$0000000F)
    .ARM.Collect$$libshutdown$$00000010      0x08000166   Section        2  libshutdown2.o(.ARM.Collect$$libshutdown$$00000010)
    .ARM.Collect$$rtentry$$00000000          0x08000168   Section        0  __rtentry.o(.ARM.Collect$$rtentry$$00000000)
    .ARM.Collect$$rtentry$$00000002          0x08000168   Section        0  __rtentry2.o(.ARM.Collect$$rtentry$$00000002)
    .ARM.Collect$$rtentry$$00000004          0x08000168   Section        6  __rtentry4.o(.ARM.Collect$$rtentry$$00000004)
    .ARM.Collect$$rtentry$$00000009          0x0800016e   Section        0  __rtentry2.o(.ARM.Collect$$rtentry$$00000009)
    .ARM.Collect$$rtentry$$0000000A          0x0800016e   Section        4  __rtentry2.o(.ARM.Collect$$rtentry$$0000000A)
    .ARM.Collect$$rtentry$$0000000C          0x08000172   Section        0  __rtentry2.o(.ARM.Collect$$rtentry$$0000000C)
    .ARM.Collect$$rtentry$$0000000D          0x08000172   Section        8  __rtentry2.o(.ARM.Collect$$rtentry$$0000000D)
    .ARM.Collect$$rtexit$$00000000           0x0800017a   Section        2  rtexit.o(.ARM.Collect$$rtexit$$00000000)
    .ARM.Collect$$rtexit$$00000002           0x0800017c   Section        0  rtexit2.o(.ARM.Collect$$rtexit$$00000002)
    .ARM.Collect$$rtexit$$00000003           0x0800017c   Section        4  rtexit2.o(.ARM.Collect$$rtexit$$00000003)
    .ARM.Collect$$rtexit$$00000004           0x08000180   Section        6  rtexit2.o(.ARM.Collect$$rtexit$$00000004)
    .text                                    0x08000188   Section       64  startup_stm32f103xb.o(.text)
    .text                                    0x080001c8   Section       78  rt_memclr_w.o(.text)
    .text                                    0x08000216   Section        0  heapauxi.o(.text)
    .text                                    0x0800021c   Section        0  _rserrno.o(.text)
    .text                                    0x08000234   Section        8  rt_errno_addr_intlibspace.o(.text)
    .text                                    0x0800023c   Section        8  libspace.o(.text)
    .text                                    0x08000244   Section       74  sys_stackheap_outer.o(.text)
    .text                                    0x0800028e   Section        0  exit.o(.text)
    .text                                    0x080002a0   Section        0  sys_exit.o(.text)
    .text                                    0x080002ac   Section        2  use_no_semi.o(.text)
    [Anonymous Symbol]                       0x080002ae   Section        0  stm32f1xx_it.o(.text.BusFault_Handler)
    .text                                    0x080002ae   Section        0  indicate_semi.o(.text)
    [Anonymous Symbol]                       0x080002b0   Section        0  stm32f1xx_it.o(.text.DebugMon_Handler)
    [Anonymous Symbol]                       0x080002b4   Section        0  gy_87.o(.text.Gy87_Init)
    [Anonymous Symbol]                       0x080002f8   Section        0  gy_87.o(.text.Gy_87_Read_Data_Handle)
    __arm_cp.7_0                             0x08000378   Number         4  gy_87.o(.text.Gy_87_Read_Data_Handle)
    __arm_cp.7_1                             0x0800037c   Number         4  gy_87.o(.text.Gy_87_Read_Data_Handle)
    __arm_cp.7_2                             0x08000380   Number         4  gy_87.o(.text.Gy_87_Read_Data_Handle)
    __arm_cp.7_3                             0x08000384   Number         4  gy_87.o(.text.Gy_87_Read_Data_Handle)
    [Anonymous Symbol]                       0x08000388   Section        0  stm32f1xx_hal.o(.text.HAL_Delay)
    __arm_cp.10_0                            0x080003a8   Number         4  stm32f1xx_hal.o(.text.HAL_Delay)
    [Anonymous Symbol]                       0x080003ac   Section        0  stm32f1xx_hal_gpio.o(.text.HAL_GPIO_Init)
    __arm_cp.0_0                             0x08000518   Number         4  stm32f1xx_hal_gpio.o(.text.HAL_GPIO_Init)
    __arm_cp.0_1                             0x0800051c   Number         4  stm32f1xx_hal_gpio.o(.text.HAL_GPIO_Init)
    __arm_cp.0_2                             0x08000520   Number         4  stm32f1xx_hal_gpio.o(.text.HAL_GPIO_Init)
    __arm_cp.0_3                             0x08000524   Number         4  stm32f1xx_hal_gpio.o(.text.HAL_GPIO_Init)
    __arm_cp.0_4                             0x08000528   Number         4  stm32f1xx_hal_gpio.o(.text.HAL_GPIO_Init)
    __arm_cp.0_5                             0x0800052c   Number         4  stm32f1xx_hal_gpio.o(.text.HAL_GPIO_Init)
    __arm_cp.0_6                             0x08000530   Number         4  stm32f1xx_hal_gpio.o(.text.HAL_GPIO_Init)
    __arm_cp.0_7                             0x08000534   Number         4  stm32f1xx_hal_gpio.o(.text.HAL_GPIO_Init)
    __arm_cp.0_8                             0x08000538   Number         4  stm32f1xx_hal_gpio.o(.text.HAL_GPIO_Init)
    __arm_cp.0_9                             0x0800053c   Number         4  stm32f1xx_hal_gpio.o(.text.HAL_GPIO_Init)
    __arm_cp.0_10                            0x08000540   Number         4  stm32f1xx_hal_gpio.o(.text.HAL_GPIO_Init)
    __arm_cp.0_11                            0x08000544   Number         4  stm32f1xx_hal_gpio.o(.text.HAL_GPIO_Init)
    __arm_cp.0_12                            0x08000548   Number         4  stm32f1xx_hal_gpio.o(.text.HAL_GPIO_Init)
    [Anonymous Symbol]                       0x0800054c   Section        0  stm32f1xx_hal.o(.text.HAL_GetTick)
    __arm_cp.6_0                             0x08000554   Number         4  stm32f1xx_hal.o(.text.HAL_GetTick)
    [Anonymous Symbol]                       0x08000558   Section        0  stm32f1xx_hal_i2c.o(.text.HAL_I2C_Init)
    __arm_cp.0_0                             0x080006bc   Number         4  stm32f1xx_hal_i2c.o(.text.HAL_I2C_Init)
    __arm_cp.0_1                             0x080006c0   Number         4  stm32f1xx_hal_i2c.o(.text.HAL_I2C_Init)
    __arm_cp.0_2                             0x080006c4   Number         4  stm32f1xx_hal_i2c.o(.text.HAL_I2C_Init)
    __arm_cp.0_3                             0x080006c8   Number         4  stm32f1xx_hal_i2c.o(.text.HAL_I2C_Init)
    __arm_cp.0_4                             0x080006cc   Number         4  stm32f1xx_hal_i2c.o(.text.HAL_I2C_Init)
    [Anonymous Symbol]                       0x080006d0   Section        0  stm32f1xx_hal_i2c.o(.text.HAL_I2C_Mem_Read)
    __arm_cp.24_2                            0x08000970   Number         4  stm32f1xx_hal_i2c.o(.text.HAL_I2C_Mem_Read)
    [Anonymous Symbol]                       0x08000974   Section        0  stm32f1xx_hal_i2c.o(.text.HAL_I2C_Mem_Write)
    __arm_cp.22_0                            0x08000a90   Number         4  stm32f1xx_hal_i2c.o(.text.HAL_I2C_Mem_Write)
    __arm_cp.22_1                            0x08000a94   Number         4  stm32f1xx_hal_i2c.o(.text.HAL_I2C_Mem_Write)
    [Anonymous Symbol]                       0x08000a98   Section        0  stm32f1xx_hal_msp.o(.text.HAL_I2C_MspInit)
    __arm_cp.1_0                             0x08000af0   Number         4  stm32f1xx_hal_msp.o(.text.HAL_I2C_MspInit)
    [Anonymous Symbol]                       0x08000af4   Section        0  stm32f1xx_hal.o(.text.HAL_IncTick)
    __arm_cp.5_1                             0x08000b04   Number         4  stm32f1xx_hal.o(.text.HAL_IncTick)
    [Anonymous Symbol]                       0x08000b08   Section        0  stm32f1xx_hal.o(.text.HAL_Init)
    [Anonymous Symbol]                       0x08000b28   Section        0  stm32f1xx_hal.o(.text.HAL_InitTick)
    __arm_cp.1_0                             0x08000b60   Number         4  stm32f1xx_hal.o(.text.HAL_InitTick)
    [Anonymous Symbol]                       0x08000b64   Section        0  stm32f1xx_hal_msp.o(.text.HAL_MspInit)
    __arm_cp.0_0                             0x08000b9c   Number         4  stm32f1xx_hal_msp.o(.text.HAL_MspInit)
    __arm_cp.0_1                             0x08000ba0   Number         4  stm32f1xx_hal_msp.o(.text.HAL_MspInit)
    [Anonymous Symbol]                       0x08000ba4   Section        0  stm32f1xx_hal_cortex.o(.text.HAL_NVIC_SetPriority)
    [Anonymous Symbol]                       0x08000bdc   Section        0  stm32f1xx_hal_cortex.o(.text.HAL_NVIC_SetPriorityGrouping)
    __arm_cp.0_0                             0x08000bf4   Number         4  stm32f1xx_hal_cortex.o(.text.HAL_NVIC_SetPriorityGrouping)
    __arm_cp.0_1                             0x08000bf8   Number         4  stm32f1xx_hal_cortex.o(.text.HAL_NVIC_SetPriorityGrouping)
    [Anonymous Symbol]                       0x08000bfc   Section        0  stm32f1xx_hal_rcc.o(.text.HAL_RCC_ClockConfig)
    __arm_cp.2_0                             0x08000d2c   Number         4  stm32f1xx_hal_rcc.o(.text.HAL_RCC_ClockConfig)
    __arm_cp.2_2                             0x08000d30   Number         4  stm32f1xx_hal_rcc.o(.text.HAL_RCC_ClockConfig)
    __arm_cp.2_4                             0x08000d34   Number         4  stm32f1xx_hal_rcc.o(.text.HAL_RCC_ClockConfig)
    [Anonymous Symbol]                       0x08000d38   Section        0  stm32f1xx_hal_rcc.o(.text.HAL_RCC_GetPCLK1Freq)
    __arm_cp.8_0                             0x08000d4c   Number         4  stm32f1xx_hal_rcc.o(.text.HAL_RCC_GetPCLK1Freq)
    __arm_cp.8_2                             0x08000d50   Number         4  stm32f1xx_hal_rcc.o(.text.HAL_RCC_GetPCLK1Freq)
    [Anonymous Symbol]                       0x08000d54   Section        0  stm32f1xx_hal_rcc.o(.text.HAL_RCC_GetSysClockFreq)
    __arm_cp.3_0                             0x08000d88   Number         4  stm32f1xx_hal_rcc.o(.text.HAL_RCC_GetSysClockFreq)
    __arm_cp.3_1                             0x08000d8c   Number         4  stm32f1xx_hal_rcc.o(.text.HAL_RCC_GetSysClockFreq)
    HAL_RCC_GetSysClockFreq.aPLLMULFactorTable 0x08000d90   Number         0  stm32f1xx_hal_rcc.o(.text.HAL_RCC_GetSysClockFreq)
    HAL_RCC_GetSysClockFreq.aPredivFactorTable 0x08000da0   Number         0  stm32f1xx_hal_rcc.o(.text.HAL_RCC_GetSysClockFreq)
    __arm_cp.3_4                             0x08000da4   Number         4  stm32f1xx_hal_rcc.o(.text.HAL_RCC_GetSysClockFreq)
    [Anonymous Symbol]                       0x08000da8   Section        0  stm32f1xx_hal_rcc.o(.text.HAL_RCC_OscConfig)
    __arm_cp.1_0                             0x080010c8   Number         4  stm32f1xx_hal_rcc.o(.text.HAL_RCC_OscConfig)
    __arm_cp.1_1                             0x080010cc   Number         4  stm32f1xx_hal_rcc.o(.text.HAL_RCC_OscConfig)
    __arm_cp.1_2                             0x080010d0   Number         4  stm32f1xx_hal_rcc.o(.text.HAL_RCC_OscConfig)
    __arm_cp.1_3                             0x080010d4   Number         4  stm32f1xx_hal_rcc.o(.text.HAL_RCC_OscConfig)
    [Anonymous Symbol]                       0x080010d8   Section        0  stm32f1xx_hal_cortex.o(.text.HAL_SYSTICK_Config)
    __arm_cp.7_0                             0x080010f8   Number         4  stm32f1xx_hal_cortex.o(.text.HAL_SYSTICK_Config)
    __arm_cp.7_1                             0x080010fc   Number         4  stm32f1xx_hal_cortex.o(.text.HAL_SYSTICK_Config)
    [Anonymous Symbol]                       0x08001100   Section        0  gy_87.o(.text.HMC5883L_setScale)
    __arm_cp.2_0                             0x08001270   Number         4  gy_87.o(.text.HMC5883L_setScale)
    __arm_cp.2_1                             0x08001274   Number         4  gy_87.o(.text.HMC5883L_setScale)
    __arm_cp.2_2                             0x08001278   Number         4  gy_87.o(.text.HMC5883L_setScale)
    __arm_cp.2_3                             0x0800127c   Number         4  gy_87.o(.text.HMC5883L_setScale)
    __arm_cp.2_4                             0x08001280   Number         4  gy_87.o(.text.HMC5883L_setScale)
    __arm_cp.2_5                             0x08001284   Number         4  gy_87.o(.text.HMC5883L_setScale)
    __arm_cp.2_6                             0x08001288   Number         4  gy_87.o(.text.HMC5883L_setScale)
    __arm_cp.2_7                             0x0800128c   Number         4  gy_87.o(.text.HMC5883L_setScale)
    __arm_cp.2_8                             0x08001290   Number         4  gy_87.o(.text.HMC5883L_setScale)
    __arm_cp.2_9                             0x08001294   Number         4  gy_87.o(.text.HMC5883L_setScale)
    __arm_cp.2_10                            0x08001298   Number         4  gy_87.o(.text.HMC5883L_setScale)
    __arm_cp.2_11                            0x0800129c   Number         4  gy_87.o(.text.HMC5883L_setScale)
    __arm_cp.2_12                            0x080012a0   Number         4  gy_87.o(.text.HMC5883L_setScale)
    __arm_cp.2_13                            0x080012a4   Number         4  gy_87.o(.text.HMC5883L_setScale)
    __arm_cp.2_14                            0x080012a8   Number         4  gy_87.o(.text.HMC5883L_setScale)
    __arm_cp.2_15                            0x080012ac   Number         4  gy_87.o(.text.HMC5883L_setScale)
    __arm_cp.2_16                            0x080012b0   Number         4  gy_87.o(.text.HMC5883L_setScale)
    __arm_cp.2_17                            0x080012b4   Number         4  gy_87.o(.text.HMC5883L_setScale)
    __arm_cp.2_18                            0x080012b8   Number         4  gy_87.o(.text.HMC5883L_setScale)
    __arm_cp.2_19                            0x080012bc   Number         4  gy_87.o(.text.HMC5883L_setScale)
    __arm_cp.2_20                            0x080012c0   Number         4  gy_87.o(.text.HMC5883L_setScale)
    [Anonymous Symbol]                       0x080012c4   Section        0  stm32f1xx_it.o(.text.HardFault_Handler)
    I2C_IsAcknowledgeFailed                  0x080012c7   Thumb Code    48  stm32f1xx_hal_i2c.o(.text.I2C_IsAcknowledgeFailed)
    [Anonymous Symbol]                       0x080012c6   Section        0  stm32f1xx_hal_i2c.o(.text.I2C_IsAcknowledgeFailed)
    I2C_RequestMemoryRead                    0x080012f9   Thumb Code   256  stm32f1xx_hal_i2c.o(.text.I2C_RequestMemoryRead)
    [Anonymous Symbol]                       0x080012f8   Section        0  stm32f1xx_hal_i2c.o(.text.I2C_RequestMemoryRead)
    I2C_RequestMemoryWrite                   0x080013f9   Thumb Code   184  stm32f1xx_hal_i2c.o(.text.I2C_RequestMemoryWrite)
    [Anonymous Symbol]                       0x080013f8   Section        0  stm32f1xx_hal_i2c.o(.text.I2C_RequestMemoryWrite)
    __arm_cp.23_0                            0x080014ac   Number         4  stm32f1xx_hal_i2c.o(.text.I2C_RequestMemoryWrite)
    I2C_WaitOnBTFFlagUntilTimeout            0x080014b1   Thumb Code    84  stm32f1xx_hal_i2c.o(.text.I2C_WaitOnBTFFlagUntilTimeout)
    [Anonymous Symbol]                       0x080014b0   Section        0  stm32f1xx_hal_i2c.o(.text.I2C_WaitOnBTFFlagUntilTimeout)
    I2C_WaitOnFlagUntilTimeout               0x08001505   Thumb Code   142  stm32f1xx_hal_i2c.o(.text.I2C_WaitOnFlagUntilTimeout)
    [Anonymous Symbol]                       0x08001504   Section        0  stm32f1xx_hal_i2c.o(.text.I2C_WaitOnFlagUntilTimeout)
    I2C_WaitOnMasterAddressFlagUntilTimeout  0x08001593   Thumb Code   160  stm32f1xx_hal_i2c.o(.text.I2C_WaitOnMasterAddressFlagUntilTimeout)
    [Anonymous Symbol]                       0x08001592   Section        0  stm32f1xx_hal_i2c.o(.text.I2C_WaitOnMasterAddressFlagUntilTimeout)
    I2C_WaitOnRXNEFlagUntilTimeout           0x08001633   Thumb Code   102  stm32f1xx_hal_i2c.o(.text.I2C_WaitOnRXNEFlagUntilTimeout)
    [Anonymous Symbol]                       0x08001632   Section        0  stm32f1xx_hal_i2c.o(.text.I2C_WaitOnRXNEFlagUntilTimeout)
    I2C_WaitOnTXEFlagUntilTimeout            0x08001699   Thumb Code    84  stm32f1xx_hal_i2c.o(.text.I2C_WaitOnTXEFlagUntilTimeout)
    [Anonymous Symbol]                       0x08001698   Section        0  stm32f1xx_hal_i2c.o(.text.I2C_WaitOnTXEFlagUntilTimeout)
    [Anonymous Symbol]                       0x080016ec   Section        0  gy_87.o(.text.MPU_Basic_Init)
    __arm_cp.1_0                             0x080018bc   Number         4  gy_87.o(.text.MPU_Basic_Init)
    __arm_cp.1_1                             0x080018c0   Number         4  gy_87.o(.text.MPU_Basic_Init)
    __arm_cp.1_2                             0x080018c4   Number         4  gy_87.o(.text.MPU_Basic_Init)
    __arm_cp.1_3                             0x080018c8   Number         4  gy_87.o(.text.MPU_Basic_Init)
    __arm_cp.1_4                             0x080018cc   Number         4  gy_87.o(.text.MPU_Basic_Init)
    [Anonymous Symbol]                       0x080018d0   Section        0  gy_87.o(.text.MPU_Get_Accelerometer)
    [Anonymous Symbol]                       0x08001914   Section        0  gy_87.o(.text.MPU_Get_Gyroscope)
    __arm_cp.4_0                             0x0800199c   Number         4  gy_87.o(.text.MPU_Get_Gyroscope)
    [Anonymous Symbol]                       0x080019a0   Section        0  gy_87.o(.text.MPU_Get_Magnetometer)
    __arm_cp.6_0                             0x08001a2c   Number         4  gy_87.o(.text.MPU_Get_Magnetometer)
    [Anonymous Symbol]                       0x08001a30   Section        0  stm32f1xx_it.o(.text.MemManage_Handler)
    [Anonymous Symbol]                       0x08001a32   Section        0  stm32f1xx_it.o(.text.NMI_Handler)
    [Anonymous Symbol]                       0x08001a34   Section        0  stm32f1xx_it.o(.text.PendSV_Handler)
    [Anonymous Symbol]                       0x08001a36   Section        0  stm32f1xx_it.o(.text.SVC_Handler)
    [Anonymous Symbol]                       0x08001a38   Section        0  stm32f1xx_it.o(.text.SysTick_Handler)
    [Anonymous Symbol]                       0x08001a3c   Section        0  main.o(.text.SystemClock_Config)
    [Anonymous Symbol]                       0x08001aa2   Section        0  system_stm32f1xx.o(.text.SystemInit)
    [Anonymous Symbol]                       0x08001aa4   Section        0  stm32f1xx_it.o(.text.UsageFault_Handler)
    __NVIC_SetPriority                       0x08001aa9   Thumb Code    36  stm32f1xx_hal_cortex.o(.text.__NVIC_SetPriority)
    [Anonymous Symbol]                       0x08001aa8   Section        0  stm32f1xx_hal_cortex.o(.text.__NVIC_SetPriority)
    __arm_cp.2_0                             0x08001ac4   Number         4  stm32f1xx_hal_cortex.o(.text.__NVIC_SetPriority)
    __arm_cp.2_1                             0x08001ac8   Number         4  stm32f1xx_hal_cortex.o(.text.__NVIC_SetPriority)
    [Anonymous Symbol]                       0x08001acc   Section        0  app_angle.o(.text.get_attitude_angle)
    __arm_cp.2_0                             0x08001ff8   Number         4  app_angle.o(.text.get_attitude_angle)
    __arm_cp.2_1                             0x08001ffc   Number         4  app_angle.o(.text.get_attitude_angle)
    __arm_cp.2_2                             0x08002000   Number         4  app_angle.o(.text.get_attitude_angle)
    __arm_cp.2_3                             0x08002004   Number         4  app_angle.o(.text.get_attitude_angle)
    [Anonymous Symbol]                       0x08002008   Section        0  main.o(.text.main)
    __arm_cp.0_0                             0x08002074   Number         4  main.o(.text.main)
    __arm_cp.0_1                             0x08002078   Number         4  main.o(.text.main)
    __arm_cp.0_2                             0x0800207c   Number         4  main.o(.text.main)
    __arm_cp.0_3                             0x08002080   Number         4  main.o(.text.main)
    [Anonymous Symbol]                       0x08002084   Section        0  app_angle.o(.text.q_rsqrt)
    __arm_cp.0_0                             0x080020b4   Number         4  app_angle.o(.text.q_rsqrt)
    i.__ARM_fpclassify                       0x080020b8   Section        0  fpclassify.o(i.__ARM_fpclassify)
    i.__ARM_fpclassifyf                      0x080020e0   Section        0  fpclassifyf.o(i.__ARM_fpclassifyf)
    i.__kernel_poly                          0x08002106   Section        0  poly.o(i.__kernel_poly)
    i.__mathlib_dbl_infnan                   0x080021b0   Section        0  dunder.o(i.__mathlib_dbl_infnan)
    i.__mathlib_dbl_infnan2                  0x080021b6   Section        0  dunder.o(i.__mathlib_dbl_infnan2)
    i.__mathlib_dbl_invalid                  0x080021ba   Section        0  dunder.o(i.__mathlib_dbl_invalid)
    i.__mathlib_dbl_underflow                0x080021c8   Section        0  dunder.o(i.__mathlib_dbl_underflow)
    i.__mathlib_flt_infnan2                  0x080021d8   Section        0  funder.o(i.__mathlib_flt_infnan2)
    i.__mathlib_flt_underflow                0x080021dc   Section        0  funder.o(i.__mathlib_flt_underflow)
    i.asin                                   0x080021e8   Section        0  asin.o(i.asin)
    i.atan                                   0x08002458   Section        0  atan.o(i.atan)
    i.atan2                                  0x08002678   Section        0  atan2.o(i.atan2)
    i.atan2f                                 0x08002814   Section        0  atan2f.o(i.atan2f)
    i.sqrt                                   0x08002ab8   Section        0  sqrt.o(i.sqrt)
    x$fpl$d2f                                0x08002b04   Section       98  d2f.o(x$fpl$d2f)
    x$fpl$dadd                               0x08002b68   Section      336  daddsub_clz.o(x$fpl$dadd)
    _dadd1                                   0x08002b79   Thumb Code     0  daddsub_clz.o(x$fpl$dadd)
    x$fpl$dcheck1                            0x08002cb8   Section       16  dcheck1.o(x$fpl$dcheck1)
    x$fpl$dcmpinf                            0x08002cc8   Section       24  dcmpi.o(x$fpl$dcmpinf)
    x$fpl$ddiv                               0x08002ce0   Section      688  ddiv.o(x$fpl$ddiv)
    ddiv_entry                               0x08002ce7   Thumb Code     0  ddiv.o(x$fpl$ddiv)
    x$fpl$deqf                               0x08002f90   Section      120  deqf.o(x$fpl$deqf)
    x$fpl$dgeqf                              0x08003008   Section      120  dgeqf.o(x$fpl$dgeqf)
    x$fpl$dleqf                              0x08003080   Section      120  dleqf.o(x$fpl$dleqf)
    x$fpl$dmul                               0x080030f8   Section      340  dmul.o(x$fpl$dmul)
    x$fpl$dnaninf                            0x0800324c   Section      156  dnaninf.o(x$fpl$dnaninf)
    x$fpl$dretinf                            0x080032e8   Section       12  dretinf.o(x$fpl$dretinf)
    x$fpl$drsb                               0x080032f4   Section       22  daddsub_clz.o(x$fpl$drsb)
    x$fpl$dsqrt                              0x0800330c   Section      460  dsqrt_noumaal.o(x$fpl$dsqrt)
    x$fpl$dsub                               0x080034d8   Section      468  daddsub_clz.o(x$fpl$dsub)
    _dsub1                                   0x080034e9   Thumb Code     0  daddsub_clz.o(x$fpl$dsub)
    x$fpl$f2d                                0x080036ac   Section       86  f2d.o(x$fpl$f2d)
    x$fpl$fadd                               0x08003704   Section      196  faddsub_clz.o(x$fpl$fadd)
    _fadd1                                   0x08003713   Thumb Code     0  faddsub_clz.o(x$fpl$fadd)
    x$fpl$fcheck1                            0x080037c8   Section       12  fcheck1.o(x$fpl$fcheck1)
    x$fpl$fcmp                               0x080037d4   Section       84  dcmp.o(x$fpl$fcmp)
    _fdiv1                                   0x08003829   Thumb Code     0  fdiv.o(x$fpl$fdiv)
    x$fpl$fdiv                               0x08003828   Section      388  fdiv.o(x$fpl$fdiv)
    x$fpl$ffix                               0x080039ac   Section       54  ffix.o(x$fpl$ffix)
    x$fpl$fflt                               0x080039e4   Section       48  fflt_clz.o(x$fpl$fflt)
    x$fpl$fmul                               0x08003a14   Section      258  fmul.o(x$fpl$fmul)
    x$fpl$fnaninf                            0x08003b16   Section      140  fnaninf.o(x$fpl$fnaninf)
    x$fpl$fretinf                            0x08003ba2   Section       10  fretinf.o(x$fpl$fretinf)
    x$fpl$frsb                               0x08003bac   Section       20  faddsub_clz.o(x$fpl$frsb)
    x$fpl$fsub                               0x08003bc0   Section      234  faddsub_clz.o(x$fpl$fsub)
    _fsub1                                   0x08003bcf   Thumb Code     0  faddsub_clz.o(x$fpl$fsub)
    x$fpl$retnan                             0x08003caa   Section      100  retnan.o(x$fpl$retnan)
    x$fpl$scalbn                             0x08003d0e   Section       92  scalbn.o(x$fpl$scalbn)
    x$fpl$scalbnf                            0x08003d6a   Section       76  scalbnf.o(x$fpl$scalbnf)
    x$fpl$trapveneer                         0x08003db6   Section       48  trapv.o(x$fpl$trapveneer)
    x$fpl$usenofp                            0x08003de6   Section        0  usenofp.o(x$fpl$usenofp)
    pS                                       0x08003de8   Data          48  asin.o(.constdata)
    .constdata                               0x08003de8   Section       80  asin.o(.constdata)
    qS                                       0x08003e18   Data          32  asin.o(.constdata)
    atanhi                                   0x08003e38   Data          32  atan.o(.constdata)
    .constdata                               0x08003e38   Section      152  atan.o(.constdata)
    atanlo                                   0x08003e58   Data          32  atan.o(.constdata)
    aTodd                                    0x08003e78   Data          40  atan.o(.constdata)
    aTeven                                   0x08003ea0   Data          48  atan.o(.constdata)
    .constdata                               0x08003ed0   Section        8  qnan.o(.constdata)
    [Anonymous Symbol]                       0x20000000   Section        0  stm32f1xx_hal.o(.data..L_MergedGlobals)
    .bss                                     0x20000020   Section       96  libspace.o(.bss)
    [Anonymous Symbol]                       0x20000080   Section        0  app_angle.o(.bss..L_MergedGlobals)
    get_attitude_angle.GyroIntegError.0      0x2000008c   Data           4  app_angle.o(.bss..L_MergedGlobals)
    get_attitude_angle.GyroIntegError.1      0x20000090   Data           4  app_angle.o(.bss..L_MergedGlobals)
    get_attitude_angle.GyroIntegError.2      0x20000094   Data           4  app_angle.o(.bss..L_MergedGlobals)
    [Anonymous Symbol]                       0x200000c8   Section        0  gy_87.o(.bss..L_MergedGlobals)
    Heap_Mem                                 0x20000198   Data         512  startup_stm32f103xb.o(HEAP)
    HEAP                                     0x20000198   Section      512  startup_stm32f103xb.o(HEAP)
    Stack_Mem                                0x20000398   Data        1024  startup_stm32f103xb.o(STACK)
    STACK                                    0x20000398   Section     1024  startup_stm32f103xb.o(STACK)
    __initial_sp                             0x20000798   Data           0  startup_stm32f103xb.o(STACK)

    Global Symbols

    Symbol Name                              Value     Ov Type        Size  Object(Section)

    BuildAttributes$$THM_ISAv4$P$D$K$B$S$PE$A:L22UL41UL21$X:L11$S22US41US21$IEEE1$IW$~IW$USESV6$~STKCKD$USESV7$~SHL$OTIME$ROPI$IEEEX$EBA8$UX$STANDARDLIB$REQ8$PRES8$EABIv2 0x00000000   Number         0  anon$$obj.o ABSOLUTE
    __fp_init_empty                          0x00000000   Number         0  fpinit_empty.o ABSOLUTE
    __ARM_exceptions_init                     - Undefined Weak Reference
    __alloca_initialize                       - Undefined Weak Reference
    __arm_preinit_                            - Undefined Weak Reference
    __cpp_initialize__aeabi_                  - Undefined Weak Reference
    __cxa_finalize                            - Undefined Weak Reference
    __rt_locale                               - Undefined Weak Reference
    __sigvec_lookup                           - Undefined Weak Reference
    _atexit_init                              - Undefined Weak Reference
    _call_atexit_fns                          - Undefined Weak Reference
    _clock_init                               - Undefined Weak Reference
    _fp_trap_init                             - Undefined Weak Reference
    _fp_trap_shutdown                         - Undefined Weak Reference
    _get_lc_collate                           - Undefined Weak Reference
    _get_lc_ctype                             - Undefined Weak Reference
    _get_lc_monetary                          - Undefined Weak Reference
    _get_lc_numeric                           - Undefined Weak Reference
    _get_lc_time                              - Undefined Weak Reference
    _getenv_init                              - Undefined Weak Reference
    _handle_redirection                       - Undefined Weak Reference
    _init_alloc                               - Undefined Weak Reference
    _init_user_alloc                          - Undefined Weak Reference
    _initio                                   - Undefined Weak Reference
    _rand_init                                - Undefined Weak Reference
    _signal_finish                            - Undefined Weak Reference
    _signal_init                              - Undefined Weak Reference
    _terminate_alloc                          - Undefined Weak Reference
    _terminate_user_alloc                     - Undefined Weak Reference
    _terminateio                              - Undefined Weak Reference
    __Vectors_Size                           0x000000ec   Number         0  startup_stm32f103xb.o ABSOLUTE
    __Vectors                                0x08000000   Data           4  startup_stm32f103xb.o(RESET)
    __Vectors_End                            0x080000ec   Data           0  startup_stm32f103xb.o(RESET)
    __main                                   0x080000ed   Thumb Code     8  __main.o(!!!main)
    __scatterload                            0x080000f5   Thumb Code     0  __scatter.o(!!!scatter)
    __scatterload_rt2                        0x080000f5   Thumb Code    44  __scatter.o(!!!scatter)
    __scatterload_rt2_thumb_only             0x080000f5   Thumb Code     0  __scatter.o(!!!scatter)
    __scatterload_null                       0x08000103   Thumb Code     0  __scatter.o(!!!scatter)
    __scatterload_copy                       0x08000129   Thumb Code    26  __scatter_copy.o(!!handler_copy)
    __scatterload_zeroinit                   0x08000145   Thumb Code    28  __scatter_zi.o(!!handler_zi)
    __rt_lib_init                            0x08000161   Thumb Code     0  libinit.o(.ARM.Collect$$libinit$$00000000)
    __rt_lib_init_alloca_1                   0x08000163   Thumb Code     0  libinit2.o(.ARM.Collect$$libinit$$0000002E)
    __rt_lib_init_argv_1                     0x08000163   Thumb Code     0  libinit2.o(.ARM.Collect$$libinit$$0000002C)
    __rt_lib_init_atexit_1                   0x08000163   Thumb Code     0  libinit2.o(.ARM.Collect$$libinit$$0000001B)
    __rt_lib_init_clock_1                    0x08000163   Thumb Code     0  libinit2.o(.ARM.Collect$$libinit$$00000021)
    __rt_lib_init_cpp_1                      0x08000163   Thumb Code     0  libinit2.o(.ARM.Collect$$libinit$$00000032)
    __rt_lib_init_exceptions_1               0x08000163   Thumb Code     0  libinit2.o(.ARM.Collect$$libinit$$00000030)
    __rt_lib_init_fp_1                       0x08000163   Thumb Code     0  libinit2.o(.ARM.Collect$$libinit$$00000002)
    __rt_lib_init_fp_trap_1                  0x08000163   Thumb Code     0  libinit2.o(.ARM.Collect$$libinit$$0000001F)
    __rt_lib_init_getenv_1                   0x08000163   Thumb Code     0  libinit2.o(.ARM.Collect$$libinit$$00000023)
    __rt_lib_init_heap_1                     0x08000163   Thumb Code     0  libinit2.o(.ARM.Collect$$libinit$$0000000A)
    __rt_lib_init_lc_collate_1               0x08000163   Thumb Code     0  libinit2.o(.ARM.Collect$$libinit$$00000011)
    __rt_lib_init_lc_ctype_1                 0x08000163   Thumb Code     0  libinit2.o(.ARM.Collect$$libinit$$00000013)
    __rt_lib_init_lc_monetary_1              0x08000163   Thumb Code     0  libinit2.o(.ARM.Collect$$libinit$$00000015)
    __rt_lib_init_lc_numeric_1               0x08000163   Thumb Code     0  libinit2.o(.ARM.Collect$$libinit$$00000017)
    __rt_lib_init_lc_time_1                  0x08000163   Thumb Code     0  libinit2.o(.ARM.Collect$$libinit$$00000019)
    __rt_lib_init_preinit_1                  0x08000163   Thumb Code     0  libinit2.o(.ARM.Collect$$libinit$$00000004)
    __rt_lib_init_rand_1                     0x08000163   Thumb Code     0  libinit2.o(.ARM.Collect$$libinit$$0000000E)
    __rt_lib_init_return                     0x08000163   Thumb Code     0  libinit2.o(.ARM.Collect$$libinit$$00000033)
    __rt_lib_init_signal_1                   0x08000163   Thumb Code     0  libinit2.o(.ARM.Collect$$libinit$$0000001D)
    __rt_lib_init_stdio_1                    0x08000163   Thumb Code     0  libinit2.o(.ARM.Collect$$libinit$$00000025)
    __rt_lib_init_user_alloc_1               0x08000163   Thumb Code     0  libinit2.o(.ARM.Collect$$libinit$$0000000C)
    __rt_lib_shutdown                        0x08000165   Thumb Code     0  libshutdown.o(.ARM.Collect$$libshutdown$$00000000)
    __rt_lib_shutdown_cpp_1                  0x08000167   Thumb Code     0  libshutdown2.o(.ARM.Collect$$libshutdown$$00000002)
    __rt_lib_shutdown_fp_trap_1              0x08000167   Thumb Code     0  libshutdown2.o(.ARM.Collect$$libshutdown$$00000007)
    __rt_lib_shutdown_heap_1                 0x08000167   Thumb Code     0  libshutdown2.o(.ARM.Collect$$libshutdown$$0000000F)
    __rt_lib_shutdown_return                 0x08000167   Thumb Code     0  libshutdown2.o(.ARM.Collect$$libshutdown$$00000010)
    __rt_lib_shutdown_signal_1               0x08000167   Thumb Code     0  libshutdown2.o(.ARM.Collect$$libshutdown$$0000000A)
    __rt_lib_shutdown_stdio_1                0x08000167   Thumb Code     0  libshutdown2.o(.ARM.Collect$$libshutdown$$00000004)
    __rt_lib_shutdown_user_alloc_1           0x08000167   Thumb Code     0  libshutdown2.o(.ARM.Collect$$libshutdown$$0000000C)
    __rt_entry                               0x08000169   Thumb Code     0  __rtentry.o(.ARM.Collect$$rtentry$$00000000)
    __rt_entry_presh_1                       0x08000169   Thumb Code     0  __rtentry2.o(.ARM.Collect$$rtentry$$00000002)
    __rt_entry_sh                            0x08000169   Thumb Code     0  __rtentry4.o(.ARM.Collect$$rtentry$$00000004)
    __rt_entry_li                            0x0800016f   Thumb Code     0  __rtentry2.o(.ARM.Collect$$rtentry$$0000000A)
    __rt_entry_postsh_1                      0x0800016f   Thumb Code     0  __rtentry2.o(.ARM.Collect$$rtentry$$00000009)
    __rt_entry_main                          0x08000173   Thumb Code     0  __rtentry2.o(.ARM.Collect$$rtentry$$0000000D)
    __rt_entry_postli_1                      0x08000173   Thumb Code     0  __rtentry2.o(.ARM.Collect$$rtentry$$0000000C)
    __rt_exit                                0x0800017b   Thumb Code     0  rtexit.o(.ARM.Collect$$rtexit$$00000000)
    __rt_exit_ls                             0x0800017d   Thumb Code     0  rtexit2.o(.ARM.Collect$$rtexit$$00000003)
    __rt_exit_prels_1                        0x0800017d   Thumb Code     0  rtexit2.o(.ARM.Collect$$rtexit$$00000002)
    __rt_exit_exit                           0x08000181   Thumb Code     0  rtexit2.o(.ARM.Collect$$rtexit$$00000004)
    Reset_Handler                            0x08000189   Thumb Code     8  startup_stm32f103xb.o(.text)
    ADC1_2_IRQHandler                        0x080001a3   Thumb Code     0  startup_stm32f103xb.o(.text)
    CAN1_RX1_IRQHandler                      0x080001a3   Thumb Code     0  startup_stm32f103xb.o(.text)
    CAN1_SCE_IRQHandler                      0x080001a3   Thumb Code     0  startup_stm32f103xb.o(.text)
    DMA1_Channel1_IRQHandler                 0x080001a3   Thumb Code     0  startup_stm32f103xb.o(.text)
    DMA1_Channel2_IRQHandler                 0x080001a3   Thumb Code     0  startup_stm32f103xb.o(.text)
    DMA1_Channel3_IRQHandler                 0x080001a3   Thumb Code     0  startup_stm32f103xb.o(.text)
    DMA1_Channel4_IRQHandler                 0x080001a3   Thumb Code     0  startup_stm32f103xb.o(.text)
    DMA1_Channel5_IRQHandler                 0x080001a3   Thumb Code     0  startup_stm32f103xb.o(.text)
    DMA1_Channel6_IRQHandler                 0x080001a3   Thumb Code     0  startup_stm32f103xb.o(.text)
    DMA1_Channel7_IRQHandler                 0x080001a3   Thumb Code     0  startup_stm32f103xb.o(.text)
    EXTI0_IRQHandler                         0x080001a3   Thumb Code     0  startup_stm32f103xb.o(.text)
    EXTI15_10_IRQHandler                     0x080001a3   Thumb Code     0  startup_stm32f103xb.o(.text)
    EXTI1_IRQHandler                         0x080001a3   Thumb Code     0  startup_stm32f103xb.o(.text)
    EXTI2_IRQHandler                         0x080001a3   Thumb Code     0  startup_stm32f103xb.o(.text)
    EXTI3_IRQHandler                         0x080001a3   Thumb Code     0  startup_stm32f103xb.o(.text)
    EXTI4_IRQHandler                         0x080001a3   Thumb Code     0  startup_stm32f103xb.o(.text)
    EXTI9_5_IRQHandler                       0x080001a3   Thumb Code     0  startup_stm32f103xb.o(.text)
    FLASH_IRQHandler                         0x080001a3   Thumb Code     0  startup_stm32f103xb.o(.text)
    I2C1_ER_IRQHandler                       0x080001a3   Thumb Code     0  startup_stm32f103xb.o(.text)
    I2C1_EV_IRQHandler                       0x080001a3   Thumb Code     0  startup_stm32f103xb.o(.text)
    I2C2_ER_IRQHandler                       0x080001a3   Thumb Code     0  startup_stm32f103xb.o(.text)
    I2C2_EV_IRQHandler                       0x080001a3   Thumb Code     0  startup_stm32f103xb.o(.text)
    PVD_IRQHandler                           0x080001a3   Thumb Code     0  startup_stm32f103xb.o(.text)
    RCC_IRQHandler                           0x080001a3   Thumb Code     0  startup_stm32f103xb.o(.text)
    RTC_Alarm_IRQHandler                     0x080001a3   Thumb Code     0  startup_stm32f103xb.o(.text)
    RTC_IRQHandler                           0x080001a3   Thumb Code     0  startup_stm32f103xb.o(.text)
    SPI1_IRQHandler                          0x080001a3   Thumb Code     0  startup_stm32f103xb.o(.text)
    SPI2_IRQHandler                          0x080001a3   Thumb Code     0  startup_stm32f103xb.o(.text)
    TAMPER_IRQHandler                        0x080001a3   Thumb Code     0  startup_stm32f103xb.o(.text)
    TIM1_BRK_IRQHandler                      0x080001a3   Thumb Code     0  startup_stm32f103xb.o(.text)
    TIM1_CC_IRQHandler                       0x080001a3   Thumb Code     0  startup_stm32f103xb.o(.text)
    TIM1_TRG_COM_IRQHandler                  0x080001a3   Thumb Code     0  startup_stm32f103xb.o(.text)
    TIM1_UP_IRQHandler                       0x080001a3   Thumb Code     0  startup_stm32f103xb.o(.text)
    TIM2_IRQHandler                          0x080001a3   Thumb Code     0  startup_stm32f103xb.o(.text)
    TIM3_IRQHandler                          0x080001a3   Thumb Code     0  startup_stm32f103xb.o(.text)
    TIM4_IRQHandler                          0x080001a3   Thumb Code     0  startup_stm32f103xb.o(.text)
    USART1_IRQHandler                        0x080001a3   Thumb Code     0  startup_stm32f103xb.o(.text)
    USART2_IRQHandler                        0x080001a3   Thumb Code     0  startup_stm32f103xb.o(.text)
    USART3_IRQHandler                        0x080001a3   Thumb Code     0  startup_stm32f103xb.o(.text)
    USBWakeUp_IRQHandler                     0x080001a3   Thumb Code     0  startup_stm32f103xb.o(.text)
    USB_HP_CAN1_TX_IRQHandler                0x080001a3   Thumb Code     0  startup_stm32f103xb.o(.text)
    USB_LP_CAN1_RX0_IRQHandler               0x080001a3   Thumb Code     0  startup_stm32f103xb.o(.text)
    WWDG_IRQHandler                          0x080001a3   Thumb Code     0  startup_stm32f103xb.o(.text)
    __user_initial_stackheap                 0x080001a5   Thumb Code     0  startup_stm32f103xb.o(.text)
    __aeabi_memclr4                          0x080001c9   Thumb Code     0  rt_memclr_w.o(.text)
    __aeabi_memclr8                          0x080001c9   Thumb Code     0  rt_memclr_w.o(.text)
    __rt_memclr_w                            0x080001c9   Thumb Code    78  rt_memclr_w.o(.text)
    _memset_w                                0x080001cd   Thumb Code     0  rt_memclr_w.o(.text)
    __use_two_region_memory                  0x08000217   Thumb Code     2  heapauxi.o(.text)
    __rt_heap_escrow$2region                 0x08000219   Thumb Code     2  heapauxi.o(.text)
    __rt_heap_expand$2region                 0x0800021b   Thumb Code     2  heapauxi.o(.text)
    __read_errno                             0x0800021d   Thumb Code    10  _rserrno.o(.text)
    __set_errno                              0x08000227   Thumb Code    12  _rserrno.o(.text)
    __aeabi_errno_addr                       0x08000235   Thumb Code     8  rt_errno_addr_intlibspace.o(.text)
    __errno$intlibspace                      0x08000235   Thumb Code     0  rt_errno_addr_intlibspace.o(.text)
    __rt_errno_addr$intlibspace              0x08000235   Thumb Code     0  rt_errno_addr_intlibspace.o(.text)
    __user_libspace                          0x0800023d   Thumb Code     8  libspace.o(.text)
    __user_perproc_libspace                  0x0800023d   Thumb Code     0  libspace.o(.text)
    __user_perthread_libspace                0x0800023d   Thumb Code     0  libspace.o(.text)
    __user_setup_stackheap                   0x08000245   Thumb Code    74  sys_stackheap_outer.o(.text)
    exit                                     0x0800028f   Thumb Code    18  exit.o(.text)
    _sys_exit                                0x080002a1   Thumb Code     8  sys_exit.o(.text)
    __I$use$semihosting                      0x080002ad   Thumb Code     0  use_no_semi.o(.text)
    __use_no_semihosting_swi                 0x080002ad   Thumb Code     2  use_no_semi.o(.text)
    BusFault_Handler                         0x080002af   Thumb Code     2  stm32f1xx_it.o(.text.BusFault_Handler)
    __semihosting_library_function           0x080002af   Thumb Code     0  indicate_semi.o(.text)
    DebugMon_Handler                         0x080002b1   Thumb Code     2  stm32f1xx_it.o(.text.DebugMon_Handler)
    Gy87_Init                                0x080002b5   Thumb Code    68  gy_87.o(.text.Gy87_Init)
    Gy_87_Read_Data_Handle                   0x080002f9   Thumb Code   144  gy_87.o(.text.Gy_87_Read_Data_Handle)
    HAL_Delay                                0x08000389   Thumb Code    36  stm32f1xx_hal.o(.text.HAL_Delay)
    HAL_GPIO_Init                            0x080003ad   Thumb Code   416  stm32f1xx_hal_gpio.o(.text.HAL_GPIO_Init)
    HAL_GetTick                              0x0800054d   Thumb Code    12  stm32f1xx_hal.o(.text.HAL_GetTick)
    HAL_I2C_Init                             0x08000559   Thumb Code   376  stm32f1xx_hal_i2c.o(.text.HAL_I2C_Init)
    HAL_I2C_Mem_Read                         0x080006d1   Thumb Code   676  stm32f1xx_hal_i2c.o(.text.HAL_I2C_Mem_Read)
    HAL_I2C_Mem_Write                        0x08000975   Thumb Code   292  stm32f1xx_hal_i2c.o(.text.HAL_I2C_Mem_Write)
    HAL_I2C_MspInit                          0x08000a99   Thumb Code    92  stm32f1xx_hal_msp.o(.text.HAL_I2C_MspInit)
    HAL_IncTick                              0x08000af5   Thumb Code    20  stm32f1xx_hal.o(.text.HAL_IncTick)
    HAL_Init                                 0x08000b09   Thumb Code    32  stm32f1xx_hal.o(.text.HAL_Init)
    HAL_InitTick                             0x08000b29   Thumb Code    60  stm32f1xx_hal.o(.text.HAL_InitTick)
    HAL_MspInit                              0x08000b65   Thumb Code    64  stm32f1xx_hal_msp.o(.text.HAL_MspInit)
    HAL_NVIC_SetPriority                     0x08000ba5   Thumb Code    56  stm32f1xx_hal_cortex.o(.text.HAL_NVIC_SetPriority)
    HAL_NVIC_SetPriorityGrouping             0x08000bdd   Thumb Code    32  stm32f1xx_hal_cortex.o(.text.HAL_NVIC_SetPriorityGrouping)
    HAL_RCC_ClockConfig                      0x08000bfd   Thumb Code   316  stm32f1xx_hal_rcc.o(.text.HAL_RCC_ClockConfig)
    HAL_RCC_GetPCLK1Freq                     0x08000d39   Thumb Code    28  stm32f1xx_hal_rcc.o(.text.HAL_RCC_GetPCLK1Freq)
    HAL_RCC_GetSysClockFreq                  0x08000d55   Thumb Code    84  stm32f1xx_hal_rcc.o(.text.HAL_RCC_GetSysClockFreq)
    HAL_RCC_OscConfig                        0x08000da9   Thumb Code   816  stm32f1xx_hal_rcc.o(.text.HAL_RCC_OscConfig)
    HAL_SYSTICK_Config                       0x080010d9   Thumb Code    40  stm32f1xx_hal_cortex.o(.text.HAL_SYSTICK_Config)
    HMC5883L_setScale                        0x08001101   Thumb Code   452  gy_87.o(.text.HMC5883L_setScale)
    HardFault_Handler                        0x080012c5   Thumb Code     2  stm32f1xx_it.o(.text.HardFault_Handler)
    MPU_Basic_Init                           0x080016ed   Thumb Code   484  gy_87.o(.text.MPU_Basic_Init)
    MPU_Get_Accelerometer                    0x080018d1   Thumb Code    66  gy_87.o(.text.MPU_Get_Accelerometer)
    MPU_Get_Gyroscope                        0x08001915   Thumb Code   140  gy_87.o(.text.MPU_Get_Gyroscope)
    MPU_Get_Magnetometer                     0x080019a1   Thumb Code   144  gy_87.o(.text.MPU_Get_Magnetometer)
    MemManage_Handler                        0x08001a31   Thumb Code     2  stm32f1xx_it.o(.text.MemManage_Handler)
    NMI_Handler                              0x08001a33   Thumb Code     2  stm32f1xx_it.o(.text.NMI_Handler)
    PendSV_Handler                           0x08001a35   Thumb Code     2  stm32f1xx_it.o(.text.PendSV_Handler)
    SVC_Handler                              0x08001a37   Thumb Code     2  stm32f1xx_it.o(.text.SVC_Handler)
    SysTick_Handler                          0x08001a39   Thumb Code     4  stm32f1xx_it.o(.text.SysTick_Handler)
    SystemClock_Config                       0x08001a3d   Thumb Code   102  main.o(.text.SystemClock_Config)
    SystemInit                               0x08001aa3   Thumb Code     2  system_stm32f1xx.o(.text.SystemInit)
    UsageFault_Handler                       0x08001aa5   Thumb Code     2  stm32f1xx_it.o(.text.UsageFault_Handler)
    get_attitude_angle                       0x08001acd   Thumb Code  1340  app_angle.o(.text.get_attitude_angle)
    main                                     0x08002009   Thumb Code   124  main.o(.text.main)
    q_rsqrt                                  0x08002085   Thumb Code    52  app_angle.o(.text.q_rsqrt)
    __ARM_fpclassify                         0x080020b9   Thumb Code    40  fpclassify.o(i.__ARM_fpclassify)
    __ARM_fpclassifyf                        0x080020e1   Thumb Code    38  fpclassifyf.o(i.__ARM_fpclassifyf)
    __kernel_poly                            0x08002107   Thumb Code   170  poly.o(i.__kernel_poly)
    __mathlib_dbl_infnan                     0x080021b1   Thumb Code     6  dunder.o(i.__mathlib_dbl_infnan)
    __mathlib_dbl_infnan2                    0x080021b7   Thumb Code     4  dunder.o(i.__mathlib_dbl_infnan2)
    __mathlib_dbl_invalid                    0x080021bb   Thumb Code    12  dunder.o(i.__mathlib_dbl_invalid)
    __mathlib_dbl_underflow                  0x080021c9   Thumb Code    10  dunder.o(i.__mathlib_dbl_underflow)
    __mathlib_flt_infnan2                    0x080021d9   Thumb Code     4  funder.o(i.__mathlib_flt_infnan2)
    __mathlib_flt_underflow                  0x080021dd   Thumb Code    10  funder.o(i.__mathlib_flt_underflow)
    asin                                     0x080021e9   Thumb Code   572  asin.o(i.asin)
    atan                                     0x08002459   Thumb Code   474  atan.o(i.atan)
    atan2                                    0x08002679   Thumb Code   374  atan2.o(i.atan2)
    atan2f                                   0x08002815   Thumb Code   598  atan2f.o(i.atan2f)
    sqrt                                     0x08002ab9   Thumb Code    76  sqrt.o(i.sqrt)
    __aeabi_d2f                              0x08002b05   Thumb Code     0  d2f.o(x$fpl$d2f)
    _d2f                                     0x08002b05   Thumb Code    98  d2f.o(x$fpl$d2f)
    __aeabi_dadd                             0x08002b69   Thumb Code     0  daddsub_clz.o(x$fpl$dadd)
    _dadd                                    0x08002b69   Thumb Code   332  daddsub_clz.o(x$fpl$dadd)
    __fpl_dcheck_NaN1                        0x08002cb9   Thumb Code    10  dcheck1.o(x$fpl$dcheck1)
    __fpl_dcmp_Inf                           0x08002cc9   Thumb Code    24  dcmpi.o(x$fpl$dcmpinf)
    __aeabi_ddiv                             0x08002ce1   Thumb Code     0  ddiv.o(x$fpl$ddiv)
    _ddiv                                    0x08002ce1   Thumb Code   552  ddiv.o(x$fpl$ddiv)
    __aeabi_cdcmpeq                          0x08002f91   Thumb Code     0  deqf.o(x$fpl$deqf)
    _dcmpeq                                  0x08002f91   Thumb Code   120  deqf.o(x$fpl$deqf)
    __aeabi_cdcmpge                          0x08003009   Thumb Code     0  dgeqf.o(x$fpl$dgeqf)
    _dcmpge                                  0x08003009   Thumb Code   120  dgeqf.o(x$fpl$dgeqf)
    __aeabi_cdcmple                          0x08003081   Thumb Code     0  dleqf.o(x$fpl$dleqf)
    _dcmple                                  0x08003081   Thumb Code   120  dleqf.o(x$fpl$dleqf)
    __fpl_dcmple_InfNaN                      0x080030e3   Thumb Code     0  dleqf.o(x$fpl$dleqf)
    __aeabi_dmul                             0x080030f9   Thumb Code     0  dmul.o(x$fpl$dmul)
    _dmul                                    0x080030f9   Thumb Code   332  dmul.o(x$fpl$dmul)
    __fpl_dnaninf                            0x0800324d   Thumb Code   156  dnaninf.o(x$fpl$dnaninf)
    __fpl_dretinf                            0x080032e9   Thumb Code    12  dretinf.o(x$fpl$dretinf)
    __aeabi_drsub                            0x080032f5   Thumb Code     0  daddsub_clz.o(x$fpl$drsb)
    _drsb                                    0x080032f5   Thumb Code    22  daddsub_clz.o(x$fpl$drsb)
    _dsqrt                                   0x0800330d   Thumb Code   456  dsqrt_noumaal.o(x$fpl$dsqrt)
    __aeabi_dsub                             0x080034d9   Thumb Code     0  daddsub_clz.o(x$fpl$dsub)
    _dsub                                    0x080034d9   Thumb Code   464  daddsub_clz.o(x$fpl$dsub)
    __aeabi_f2d                              0x080036ad   Thumb Code     0  f2d.o(x$fpl$f2d)
    _f2d                                     0x080036ad   Thumb Code    86  f2d.o(x$fpl$f2d)
    __aeabi_fadd                             0x08003705   Thumb Code     0  faddsub_clz.o(x$fpl$fadd)
    _fadd                                    0x08003705   Thumb Code   196  faddsub_clz.o(x$fpl$fadd)
    __fpl_fcheck_NaN1                        0x080037c9   Thumb Code     6  fcheck1.o(x$fpl$fcheck1)
    __aeabi_dcmpeq                           0x080037d5   Thumb Code     0  dcmp.o(x$fpl$fcmp)
    _deq                                     0x080037d5   Thumb Code    14  dcmp.o(x$fpl$fcmp)
    _dneq                                    0x080037e3   Thumb Code    14  dcmp.o(x$fpl$fcmp)
    __aeabi_dcmpgt                           0x080037f1   Thumb Code     0  dcmp.o(x$fpl$fcmp)
    _dgr                                     0x080037f1   Thumb Code    14  dcmp.o(x$fpl$fcmp)
    __aeabi_dcmpge                           0x080037ff   Thumb Code     0  dcmp.o(x$fpl$fcmp)
    _dgeq                                    0x080037ff   Thumb Code    14  dcmp.o(x$fpl$fcmp)
    __aeabi_dcmple                           0x0800380d   Thumb Code     0  dcmp.o(x$fpl$fcmp)
    _dleq                                    0x0800380d   Thumb Code    14  dcmp.o(x$fpl$fcmp)
    __aeabi_dcmplt                           0x0800381b   Thumb Code     0  dcmp.o(x$fpl$fcmp)
    _dls                                     0x0800381b   Thumb Code    14  dcmp.o(x$fpl$fcmp)
    __aeabi_fdiv                             0x08003829   Thumb Code     0  fdiv.o(x$fpl$fdiv)
    _fdiv                                    0x08003829   Thumb Code   384  fdiv.o(x$fpl$fdiv)
    __aeabi_f2iz                             0x080039ad   Thumb Code     0  ffix.o(x$fpl$ffix)
    _ffix                                    0x080039ad   Thumb Code    54  ffix.o(x$fpl$ffix)
    __aeabi_i2f                              0x080039e5   Thumb Code     0  fflt_clz.o(x$fpl$fflt)
    _fflt                                    0x080039e5   Thumb Code    48  fflt_clz.o(x$fpl$fflt)
    __aeabi_fmul                             0x08003a15   Thumb Code     0  fmul.o(x$fpl$fmul)
    _fmul                                    0x08003a15   Thumb Code   258  fmul.o(x$fpl$fmul)
    __fpl_fnaninf                            0x08003b17   Thumb Code   140  fnaninf.o(x$fpl$fnaninf)
    __fpl_fretinf                            0x08003ba3   Thumb Code    10  fretinf.o(x$fpl$fretinf)
    __aeabi_frsub                            0x08003bad   Thumb Code     0  faddsub_clz.o(x$fpl$frsb)
    _frsb                                    0x08003bad   Thumb Code    20  faddsub_clz.o(x$fpl$frsb)
    __aeabi_fsub                             0x08003bc1   Thumb Code     0  faddsub_clz.o(x$fpl$fsub)
    _fsub                                    0x08003bc1   Thumb Code   234  faddsub_clz.o(x$fpl$fsub)
    __fpl_return_NaN                         0x08003cab   Thumb Code   100  retnan.o(x$fpl$retnan)
    __ARM_scalbn                             0x08003d0f   Thumb Code    92  scalbn.o(x$fpl$scalbn)
    __ARM_scalbnf                            0x08003d6b   Thumb Code    76  scalbnf.o(x$fpl$scalbnf)
    __fpl_cmpreturn                          0x08003db7   Thumb Code    48  trapv.o(x$fpl$trapveneer)
    __I$use$fp                               0x08003de6   Number         0  usenofp.o(x$fpl$usenofp)
    __mathlib_zero                           0x08003ed0   Data           8  qnan.o(.constdata)
    AHBPrescTable                            0x08003ed8   Data          16  system_stm32f1xx.o(.rodata.AHBPrescTable)
    APBPrescTable                            0x08003ee8   Data           8  system_stm32f1xx.o(.rodata.APBPrescTable)
    Region$$Table$$Base                      0x08003ef0   Number         0  anon$$obj.o(Region$$Table)
    Region$$Table$$Limit                     0x08003f10   Number         0  anon$$obj.o(Region$$Table)
    uwTickFreq                               0x20000000   Data           1  stm32f1xx_hal.o(.data..L_MergedGlobals)
    uwTickPrio                               0x20000004   Data           4  stm32f1xx_hal.o(.data..L_MergedGlobals)
    NumQ                                     0x20000008   Data          16  app_angle.o(.data.NumQ)
    SystemCoreClock                          0x20000018   Data           4  system_stm32f1xx.o(.data.SystemCoreClock)
    __libspace_start                         0x20000020   Data          96  libspace.o(.bss)
    __temporary_stack_top$libspace           0x20000080   Data           0  libspace.o(.bss)
    vecxZ                                    0x20000080   Data           4  app_angle.o(.bss..L_MergedGlobals)
    vecyZ                                    0x20000084   Data           4  app_angle.o(.bss..L_MergedGlobals)
    veczZ                                    0x20000088   Data           4  app_angle.o(.bss..L_MergedGlobals)
    Gravity                                  0x20000098   Data          12  app_angle.o(.bss..L_MergedGlobals)
    Acc                                      0x200000a4   Data          12  app_angle.o(.bss..L_MergedGlobals)
    AccGravity                               0x200000b0   Data          12  app_angle.o(.bss..L_MergedGlobals)
    Gyro                                     0x200000bc   Data          12  app_angle.o(.bss..L_MergedGlobals)
    res_2                                    0x200000c8   Data           1  gy_87.o(.bss..L_MergedGlobals)
    Deviation_Count                          0x200000cc   Data           4  gy_87.o(.bss..L_MergedGlobals)
    Deviation_gyro                           0x200000d0   Data           6  gy_87.o(.bss..L_MergedGlobals)
    Original_gyro                            0x200000d6   Data           6  gy_87.o(.bss..L_MergedGlobals)
    mpu_data                                 0x200000dc   Data          32  gy_87.o(.bss..L_MergedGlobals)
    g_attitude                               0x200000fc   Data          12  app_angle.o(.bss.g_attitude)
    g_imu_data                               0x20000108   Data          48  app_angle.o(.bss.g_imu_data)
    hi2c2                                    0x20000138   Data          84  main.o(.bss.hi2c2)
    m_Scale                                  0x2000018c   Data           4  gy_87.o(.bss.m_Scale)
    res                                      0x20000190   Data           1  gy_87.o(.bss.res)
    uwTick                                   0x20000194   Data           4  stm32f1xx_hal.o(.bss.uwTick)



==============================================================================

Memory Map of the image

  Image Entry point : 0x080000ed

  Load Region LR_IROM1 (Base: 0x08000000, Size: 0x00003f30, Max: 0x00010000, ABSOLUTE)

    Execution Region ER_IROM1 (Exec base: 0x08000000, Load base: 0x08000000, Size: 0x00003f10, Max: 0x00010000, ABSOLUTE)

    Exec Addr    Load Addr    Size         Type   Attr      Idx    E Section Name        Object

    0x08000000   0x08000000   0x000000ec   Data   RO            3    RESET               startup_stm32f103xb.o
    0x080000ec   0x080000ec   0x00000008   Code   RO          686  * !!!main             c_w.l(__main.o)
    0x080000f4   0x080000f4   0x00000034   Code   RO         1022    !!!scatter          c_w.l(__scatter.o)
    0x08000128   0x08000128   0x0000001a   Code   RO         1024    !!handler_copy      c_w.l(__scatter_copy.o)
    0x08000142   0x08000142   0x00000002   PAD
    0x08000144   0x08000144   0x0000001c   Code   RO         1026    !!handler_zi        c_w.l(__scatter_zi.o)
    0x08000160   0x08000160   0x00000002   Code   RO          883    .ARM.Collect$$libinit$$00000000  c_w.l(libinit.o)
    0x08000162   0x08000162   0x00000000   Code   RO          891    .ARM.Collect$$libinit$$00000002  c_w.l(libinit2.o)
    0x08000162   0x08000162   0x00000000   Code   RO          893    .ARM.Collect$$libinit$$00000004  c_w.l(libinit2.o)
    0x08000162   0x08000162   0x00000000   Code   RO          896    .ARM.Collect$$libinit$$0000000A  c_w.l(libinit2.o)
    0x08000162   0x08000162   0x00000000   Code   RO          898    .ARM.Collect$$libinit$$0000000C  c_w.l(libinit2.o)
    0x08000162   0x08000162   0x00000000   Code   RO          900    .ARM.Collect$$libinit$$0000000E  c_w.l(libinit2.o)
    0x08000162   0x08000162   0x00000000   Code   RO          903    .ARM.Collect$$libinit$$00000011  c_w.l(libinit2.o)
    0x08000162   0x08000162   0x00000000   Code   RO          905    .ARM.Collect$$libinit$$00000013  c_w.l(libinit2.o)
    0x08000162   0x08000162   0x00000000   Code   RO          907    .ARM.Collect$$libinit$$00000015  c_w.l(libinit2.o)
    0x08000162   0x08000162   0x00000000   Code   RO          909    .ARM.Collect$$libinit$$00000017  c_w.l(libinit2.o)
    0x08000162   0x08000162   0x00000000   Code   RO          911    .ARM.Collect$$libinit$$00000019  c_w.l(libinit2.o)
    0x08000162   0x08000162   0x00000000   Code   RO          913    .ARM.Collect$$libinit$$0000001B  c_w.l(libinit2.o)
    0x08000162   0x08000162   0x00000000   Code   RO          915    .ARM.Collect$$libinit$$0000001D  c_w.l(libinit2.o)
    0x08000162   0x08000162   0x00000000   Code   RO          917    .ARM.Collect$$libinit$$0000001F  c_w.l(libinit2.o)
    0x08000162   0x08000162   0x00000000   Code   RO          919    .ARM.Collect$$libinit$$00000021  c_w.l(libinit2.o)
    0x08000162   0x08000162   0x00000000   Code   RO          921    .ARM.Collect$$libinit$$00000023  c_w.l(libinit2.o)
    0x08000162   0x08000162   0x00000000   Code   RO          923    .ARM.Collect$$libinit$$00000025  c_w.l(libinit2.o)
    0x08000162   0x08000162   0x00000000   Code   RO          927    .ARM.Collect$$libinit$$0000002C  c_w.l(libinit2.o)
    0x08000162   0x08000162   0x00000000   Code   RO          929    .ARM.Collect$$libinit$$0000002E  c_w.l(libinit2.o)
    0x08000162   0x08000162   0x00000000   Code   RO          931    .ARM.Collect$$libinit$$00000030  c_w.l(libinit2.o)
    0x08000162   0x08000162   0x00000000   Code   RO          933    .ARM.Collect$$libinit$$00000032  c_w.l(libinit2.o)
    0x08000162   0x08000162   0x00000002   Code   RO          934    .ARM.Collect$$libinit$$00000033  c_w.l(libinit2.o)
    0x08000164   0x08000164   0x00000002   Code   RO          958    .ARM.Collect$$libshutdown$$00000000  c_w.l(libshutdown.o)
    0x08000166   0x08000166   0x00000000   Code   RO          973    .ARM.Collect$$libshutdown$$00000002  c_w.l(libshutdown2.o)
    0x08000166   0x08000166   0x00000000   Code   RO          975    .ARM.Collect$$libshutdown$$00000004  c_w.l(libshutdown2.o)
    0x08000166   0x08000166   0x00000000   Code   RO          978    .ARM.Collect$$libshutdown$$00000007  c_w.l(libshutdown2.o)
    0x08000166   0x08000166   0x00000000   Code   RO          981    .ARM.Collect$$libshutdown$$0000000A  c_w.l(libshutdown2.o)
    0x08000166   0x08000166   0x00000000   Code   RO          983    .ARM.Collect$$libshutdown$$0000000C  c_w.l(libshutdown2.o)
    0x08000166   0x08000166   0x00000000   Code   RO          986    .ARM.Collect$$libshutdown$$0000000F  c_w.l(libshutdown2.o)
    0x08000166   0x08000166   0x00000002   Code   RO          987    .ARM.Collect$$libshutdown$$00000010  c_w.l(libshutdown2.o)
    0x08000168   0x08000168   0x00000000   Code   RO          780    .ARM.Collect$$rtentry$$00000000  c_w.l(__rtentry.o)
    0x08000168   0x08000168   0x00000000   Code   RO          844    .ARM.Collect$$rtentry$$00000002  c_w.l(__rtentry2.o)
    0x08000168   0x08000168   0x00000006   Code   RO          856    .ARM.Collect$$rtentry$$00000004  c_w.l(__rtentry4.o)
    0x0800016e   0x0800016e   0x00000000   Code   RO          846    .ARM.Collect$$rtentry$$00000009  c_w.l(__rtentry2.o)
    0x0800016e   0x0800016e   0x00000004   Code   RO          847    .ARM.Collect$$rtentry$$0000000A  c_w.l(__rtentry2.o)
    0x08000172   0x08000172   0x00000000   Code   RO          849    .ARM.Collect$$rtentry$$0000000C  c_w.l(__rtentry2.o)
    0x08000172   0x08000172   0x00000008   Code   RO          850    .ARM.Collect$$rtentry$$0000000D  c_w.l(__rtentry2.o)
    0x0800017a   0x0800017a   0x00000002   Code   RO          888    .ARM.Collect$$rtexit$$00000000  c_w.l(rtexit.o)
    0x0800017c   0x0800017c   0x00000000   Code   RO          938    .ARM.Collect$$rtexit$$00000002  c_w.l(rtexit2.o)
    0x0800017c   0x0800017c   0x00000004   Code   RO          939    .ARM.Collect$$rtexit$$00000003  c_w.l(rtexit2.o)
    0x08000180   0x08000180   0x00000006   Code   RO          940    .ARM.Collect$$rtexit$$00000004  c_w.l(rtexit2.o)
    0x08000186   0x08000186   0x00000002   PAD
    0x08000188   0x08000188   0x00000040   Code   RO            4    .text               startup_stm32f103xb.o
    0x080001c8   0x080001c8   0x0000004e   Code   RO          682    .text               c_w.l(rt_memclr_w.o)
    0x08000216   0x08000216   0x00000006   Code   RO          684    .text               c_w.l(heapauxi.o)
    0x0800021c   0x0800021c   0x00000016   Code   RO          781    .text               c_w.l(_rserrno.o)
    0x08000232   0x08000232   0x00000002   PAD
    0x08000234   0x08000234   0x00000008   Code   RO          861    .text               c_w.l(rt_errno_addr_intlibspace.o)
    0x0800023c   0x0800023c   0x00000008   Code   RO          871    .text               c_w.l(libspace.o)
    0x08000244   0x08000244   0x0000004a   Code   RO          874    .text               c_w.l(sys_stackheap_outer.o)
    0x0800028e   0x0800028e   0x00000012   Code   RO          876    .text               c_w.l(exit.o)
    0x080002a0   0x080002a0   0x0000000c   Code   RO          948    .text               c_w.l(sys_exit.o)
    0x080002ac   0x080002ac   0x00000002   Code   RO          963    .text               c_w.l(use_no_semi.o)
    0x080002ae   0x080002ae   0x00000000   Code   RO          965    .text               c_w.l(indicate_semi.o)
    0x080002ae   0x080002ae   0x00000002   Code   RO           33    .text.BusFault_Handler  stm32f1xx_it.o
    0x080002b0   0x080002b0   0x00000002   Code   RO           39    .text.DebugMon_Handler  stm32f1xx_it.o
    0x080002b2   0x080002b2   0x00000002   PAD
    0x080002b4   0x080002b4   0x00000044   Code   RO          112    .text.Gy87_Init     gy_87.o
    0x080002f8   0x080002f8   0x00000090   Code   RO          120    .text.Gy_87_Read_Data_Handle  gy_87.o
    0x08000388   0x08000388   0x00000024   Code   RO          332    .text.HAL_Delay     stm32f1xx_hal.o
    0x080003ac   0x080003ac   0x000001a0   Code   RO          425    .text.HAL_GPIO_Init  stm32f1xx_hal_gpio.o
    0x0800054c   0x0800054c   0x0000000c   Code   RO          324    .text.HAL_GetTick   stm32f1xx_hal.o
    0x08000558   0x08000558   0x00000178   Code   RO          179    .text.HAL_I2C_Init  stm32f1xx_hal_i2c.o
    0x080006d0   0x080006d0   0x000002a4   Code   RO          227    .text.HAL_I2C_Mem_Read  stm32f1xx_hal_i2c.o
    0x08000974   0x08000974   0x00000124   Code   RO          223    .text.HAL_I2C_Mem_Write  stm32f1xx_hal_i2c.o
    0x08000a98   0x08000a98   0x0000005c   Code   RO           55    .text.HAL_I2C_MspInit  stm32f1xx_hal_msp.o
    0x08000af4   0x08000af4   0x00000014   Code   RO          322    .text.HAL_IncTick   stm32f1xx_hal.o
    0x08000b08   0x08000b08   0x00000020   Code   RO          312    .text.HAL_Init      stm32f1xx_hal.o
    0x08000b28   0x08000b28   0x0000003c   Code   RO          314    .text.HAL_InitTick  stm32f1xx_hal.o
    0x08000b64   0x08000b64   0x00000040   Code   RO           53    .text.HAL_MspInit   stm32f1xx_hal_msp.o
    0x08000ba4   0x08000ba4   0x00000038   Code   RO          487    .text.HAL_NVIC_SetPriority  stm32f1xx_hal_cortex.o
    0x08000bdc   0x08000bdc   0x00000020   Code   RO          485    .text.HAL_NVIC_SetPriorityGrouping  stm32f1xx_hal_cortex.o
    0x08000bfc   0x08000bfc   0x0000013c   Code   RO          377    .text.HAL_RCC_ClockConfig  stm32f1xx_hal_rcc.o
    0x08000d38   0x08000d38   0x0000001c   Code   RO          389    .text.HAL_RCC_GetPCLK1Freq  stm32f1xx_hal_rcc.o
    0x08000d54   0x08000d54   0x00000054   Code   RO          379    .text.HAL_RCC_GetSysClockFreq  stm32f1xx_hal_rcc.o
    0x08000da8   0x08000da8   0x00000330   Code   RO          375    .text.HAL_RCC_OscConfig  stm32f1xx_hal_rcc.o
    0x080010d8   0x080010d8   0x00000028   Code   RO          499    .text.HAL_SYSTICK_Config  stm32f1xx_hal_cortex.o
    0x08001100   0x08001100   0x000001c4   Code   RO          110    .text.HMC5883L_setScale  gy_87.o
    0x080012c4   0x080012c4   0x00000002   Code   RO           29    .text.HardFault_Handler  stm32f1xx_it.o
    0x080012c6   0x080012c6   0x00000030   Code   RO          301    .text.I2C_IsAcknowledgeFailed  stm32f1xx_hal_i2c.o
    0x080012f6   0x080012f6   0x00000002   PAD
    0x080012f8   0x080012f8   0x00000100   Code   RO          229    .text.I2C_RequestMemoryRead  stm32f1xx_hal_i2c.o
    0x080013f8   0x080013f8   0x000000b8   Code   RO          225    .text.I2C_RequestMemoryWrite  stm32f1xx_hal_i2c.o
    0x080014b0   0x080014b0   0x00000054   Code   RO          193    .text.I2C_WaitOnBTFFlagUntilTimeout  stm32f1xx_hal_i2c.o
    0x08001504   0x08001504   0x0000008e   Code   RO          189    .text.I2C_WaitOnFlagUntilTimeout  stm32f1xx_hal_i2c.o
    0x08001592   0x08001592   0x000000a0   Code   RO          299    .text.I2C_WaitOnMasterAddressFlagUntilTimeout  stm32f1xx_hal_i2c.o
    0x08001632   0x08001632   0x00000066   Code   RO          197    .text.I2C_WaitOnRXNEFlagUntilTimeout  stm32f1xx_hal_i2c.o
    0x08001698   0x08001698   0x00000054   Code   RO          191    .text.I2C_WaitOnTXEFlagUntilTimeout  stm32f1xx_hal_i2c.o
    0x080016ec   0x080016ec   0x000001e4   Code   RO          108    .text.MPU_Basic_Init  gy_87.o
    0x080018d0   0x080018d0   0x00000042   Code   RO          116    .text.MPU_Get_Accelerometer  gy_87.o
    0x08001912   0x08001912   0x00000002   PAD
    0x08001914   0x08001914   0x0000008c   Code   RO          114    .text.MPU_Get_Gyroscope  gy_87.o
    0x080019a0   0x080019a0   0x00000090   Code   RO          118    .text.MPU_Get_Magnetometer  gy_87.o
    0x08001a30   0x08001a30   0x00000002   Code   RO           31    .text.MemManage_Handler  stm32f1xx_it.o
    0x08001a32   0x08001a32   0x00000002   Code   RO           27    .text.NMI_Handler   stm32f1xx_it.o
    0x08001a34   0x08001a34   0x00000002   Code   RO           41    .text.PendSV_Handler  stm32f1xx_it.o
    0x08001a36   0x08001a36   0x00000002   Code   RO           37    .text.SVC_Handler   stm32f1xx_it.o
    0x08001a38   0x08001a38   0x00000004   Code   RO           43    .text.SysTick_Handler  stm32f1xx_it.o
    0x08001a3c   0x08001a3c   0x00000066   Code   RO           13    .text.SystemClock_Config  main.o
    0x08001aa2   0x08001aa2   0x00000002   Code   RO          663    .text.SystemInit    system_stm32f1xx.o
    0x08001aa4   0x08001aa4   0x00000002   Code   RO           35    .text.UsageFault_Handler  stm32f1xx_it.o
    0x08001aa6   0x08001aa6   0x00000002   PAD
    0x08001aa8   0x08001aa8   0x00000024   Code   RO          489    .text.__NVIC_SetPriority  stm32f1xx_hal_cortex.o
    0x08001acc   0x08001acc   0x0000053c   Code   RO           72    .text.get_attitude_angle  app_angle.o
    0x08002008   0x08002008   0x0000007c   Code   RO           11    .text.main          main.o
    0x08002084   0x08002084   0x00000034   Code   RO           68    .text.q_rsqrt       app_angle.o
    0x080020b8   0x080020b8   0x00000028   Code   RO          822    i.__ARM_fpclassify  m_ws.l(fpclassify.o)
    0x080020e0   0x080020e0   0x00000026   Code   RO          824    i.__ARM_fpclassifyf  m_ws.l(fpclassifyf.o)
    0x08002106   0x08002106   0x000000aa   Code   RO          840    i.__kernel_poly     m_ws.l(poly.o)
    0x080021b0   0x080021b0   0x00000006   Code   RO          809    i.__mathlib_dbl_infnan  m_ws.l(dunder.o)
    0x080021b6   0x080021b6   0x00000004   Code   RO          810    i.__mathlib_dbl_infnan2  m_ws.l(dunder.o)
    0x080021ba   0x080021ba   0x0000000c   Code   RO          811    i.__mathlib_dbl_invalid  m_ws.l(dunder.o)
    0x080021c6   0x080021c6   0x00000002   PAD
    0x080021c8   0x080021c8   0x00000010   Code   RO          814    i.__mathlib_dbl_underflow  m_ws.l(dunder.o)
    0x080021d8   0x080021d8   0x00000004   Code   RO          828    i.__mathlib_flt_infnan2  m_ws.l(funder.o)
    0x080021dc   0x080021dc   0x0000000a   Code   RO          832    i.__mathlib_flt_underflow  m_ws.l(funder.o)
    0x080021e6   0x080021e6   0x00000002   PAD
    0x080021e8   0x080021e8   0x00000270   Code   RO          737    i.asin              m_ws.l(asin.o)
    0x08002458   0x08002458   0x00000220   Code   RO          747    i.atan              m_ws.l(atan.o)
    0x08002678   0x08002678   0x0000019c   Code   RO          757    i.atan2             m_ws.l(atan2.o)
    0x08002814   0x08002814   0x000002a4   Code   RO          765    i.atan2f            m_ws.l(atan2f.o)
    0x08002ab8   0x08002ab8   0x0000004c   Code   RO          773    i.sqrt              m_ws.l(sqrt.o)
    0x08002b04   0x08002b04   0x00000062   Code   RO          688    x$fpl$d2f           fz_ws.l(d2f.o)
    0x08002b66   0x08002b66   0x00000002   PAD
    0x08002b68   0x08002b68   0x00000150   Code   RO          690    x$fpl$dadd          fz_ws.l(daddsub_clz.o)
    0x08002cb8   0x08002cb8   0x00000010   Code   RO          863    x$fpl$dcheck1       fz_ws.l(dcheck1.o)
    0x08002cc8   0x08002cc8   0x00000018   Code   RO          865    x$fpl$dcmpinf       fz_ws.l(dcmpi.o)
    0x08002ce0   0x08002ce0   0x000002b0   Code   RO          699    x$fpl$ddiv          fz_ws.l(ddiv.o)
    0x08002f90   0x08002f90   0x00000078   Code   RO          783    x$fpl$deqf          fz_ws.l(deqf.o)
    0x08003008   0x08003008   0x00000078   Code   RO          785    x$fpl$dgeqf         fz_ws.l(dgeqf.o)
    0x08003080   0x08003080   0x00000078   Code   RO          787    x$fpl$dleqf         fz_ws.l(dleqf.o)
    0x080030f8   0x080030f8   0x00000154   Code   RO          708    x$fpl$dmul          fz_ws.l(dmul.o)
    0x0800324c   0x0800324c   0x0000009c   Code   RO          789    x$fpl$dnaninf       fz_ws.l(dnaninf.o)
    0x080032e8   0x080032e8   0x0000000c   Code   RO          791    x$fpl$dretinf       fz_ws.l(dretinf.o)
    0x080032f4   0x080032f4   0x00000016   Code   RO          691    x$fpl$drsb          fz_ws.l(daddsub_clz.o)
    0x0800330a   0x0800330a   0x00000002   PAD
    0x0800330c   0x0800330c   0x000001cc   Code   RO          793    x$fpl$dsqrt         fz_ws.l(dsqrt_noumaal.o)
    0x080034d8   0x080034d8   0x000001d4   Code   RO          692    x$fpl$dsub          fz_ws.l(daddsub_clz.o)
    0x080036ac   0x080036ac   0x00000056   Code   RO          710    x$fpl$f2d           fz_ws.l(f2d.o)
    0x08003702   0x08003702   0x00000002   PAD
    0x08003704   0x08003704   0x000000c4   Code   RO          712    x$fpl$fadd          fz_ws.l(faddsub_clz.o)
    0x080037c8   0x080037c8   0x0000000c   Code   RO          884    x$fpl$fcheck1       fz_ws.l(fcheck1.o)
    0x080037d4   0x080037d4   0x00000054   Code   RO          696    x$fpl$fcmp          fz_ws.l(dcmp.o)
    0x08003828   0x08003828   0x00000184   Code   RO          721    x$fpl$fdiv          fz_ws.l(fdiv.o)
    0x080039ac   0x080039ac   0x00000036   Code   RO          724    x$fpl$ffix          fz_ws.l(ffix.o)
    0x080039e2   0x080039e2   0x00000002   PAD
    0x080039e4   0x080039e4   0x00000030   Code   RO          729    x$fpl$fflt          fz_ws.l(fflt_clz.o)
    0x08003a14   0x08003a14   0x00000102   Code   RO          734    x$fpl$fmul          fz_ws.l(fmul.o)
    0x08003b16   0x08003b16   0x0000008c   Code   RO          801    x$fpl$fnaninf       fz_ws.l(fnaninf.o)
    0x08003ba2   0x08003ba2   0x0000000a   Code   RO          803    x$fpl$fretinf       fz_ws.l(fretinf.o)
    0x08003bac   0x08003bac   0x00000014   Code   RO          713    x$fpl$frsb          fz_ws.l(faddsub_clz.o)
    0x08003bc0   0x08003bc0   0x000000ea   Code   RO          714    x$fpl$fsub          fz_ws.l(faddsub_clz.o)
    0x08003caa   0x08003caa   0x00000064   Code   RO          886    x$fpl$retnan        fz_ws.l(retnan.o)
    0x08003d0e   0x08003d0e   0x0000005c   Code   RO          805    x$fpl$scalbn        fz_ws.l(scalbn.o)
    0x08003d6a   0x08003d6a   0x0000004c   Code   RO          869    x$fpl$scalbnf       fz_ws.l(scalbnf.o)
    0x08003db6   0x08003db6   0x00000030   Code   RO          935    x$fpl$trapveneer    fz_ws.l(trapv.o)
    0x08003de6   0x08003de6   0x00000000   Code   RO          807    x$fpl$usenofp       fz_ws.l(usenofp.o)
    0x08003de6   0x08003de6   0x00000002   PAD
    0x08003de8   0x08003de8   0x00000050   Data   RO          738    .constdata          m_ws.l(asin.o)
    0x08003e38   0x08003e38   0x00000098   Data   RO          748    .constdata          m_ws.l(atan.o)
    0x08003ed0   0x08003ed0   0x00000008   Data   RO          842    .constdata          m_ws.l(qnan.o)
    0x08003ed8   0x08003ed8   0x00000010   Data   RO          668    .rodata.AHBPrescTable  system_stm32f1xx.o
    0x08003ee8   0x08003ee8   0x00000008   Data   RO          669    .rodata.APBPrescTable  system_stm32f1xx.o
    0x08003ef0   0x08003ef0   0x00000020   Data   RO         1021    Region$$Table       anon$$obj.o


    Execution Region RW_IRAM1 (Exec base: 0x20000000, Load base: 0x08003f10, Size: 0x00000798, Max: 0x00005000, ABSOLUTE)

    Exec Addr    Load Addr    Size         Type   Attr      Idx    E Section Name        Object

    0x20000000   0x08003f10   0x00000008   Data   RW          363    .data..L_MergedGlobals  stm32f1xx_hal.o
    0x20000008   0x08003f18   0x00000010   Data   RW           75    .data.NumQ          app_angle.o
    0x20000018   0x08003f28   0x00000004   Data   RW          667    .data.SystemCoreClock  system_stm32f1xx.o
    0x2000001c   0x08003f2c   0x00000004   PAD
    0x20000020        -       0x00000060   Zero   RW          872    .bss                c_w.l(libspace.o)
    0x20000080        -       0x00000048   Zero   RW           79    .bss..L_MergedGlobals  app_angle.o
    0x200000c8        -       0x00000034   Zero   RW          128    .bss..L_MergedGlobals  gy_87.o
    0x200000fc        -       0x0000000c   Zero   RW           77    .bss.g_attitude     app_angle.o
    0x20000108        -       0x00000030   Zero   RW           78    .bss.g_imu_data     app_angle.o
    0x20000138        -       0x00000054   Zero   RW           17    .bss.hi2c2          main.o
    0x2000018c        -       0x00000004   Zero   RW          125    .bss.m_Scale        gy_87.o
    0x20000190        -       0x00000001   Zero   RW          124    .bss.res            gy_87.o
    0x20000191   0x08003f2c   0x00000003   PAD
    0x20000194        -       0x00000004   Zero   RW          362    .bss.uwTick         stm32f1xx_hal.o
    0x20000198        -       0x00000200   Zero   RW            2    HEAP                startup_stm32f103xb.o
    0x20000398        -       0x00000400   Zero   RW            1    STACK               startup_stm32f103xb.o


==============================================================================

Image component sizes


      Code (inc. data)   RO Data    RW Data    ZI Data      Debug   Object Name

      1392         20          0         16        132       2846   app_angle.o
      1498        128          0          0         57       7470   gy_87.o
       226         16          0          0         84       4861   main.o
        64         26        236          0       1536        768   startup_stm32f103xb.o
       160         16          0          8          4       5751   stm32f1xx_hal.o
       164         24          0          0          0       7945   stm32f1xx_hal_cortex.o
       416         56          0          0          0       4407   stm32f1xx_hal_gpio.o
      2404         36          0          0          0      36909   stm32f1xx_hal_i2c.o
       156         12          0          0          0       4437   stm32f1xx_hal_msp.o
      1244         68          0          0          0       6930   stm32f1xx_hal_rcc.o
        20          0          0          0          0        991   stm32f1xx_it.o
         2          0         24          4          0       1509   system_stm32f1xx.o

    ----------------------------------------------------------------------
      7754        402        292         28       1820      84824   Object Totals
         0          0         32          0          0          0   (incl. Generated)
         8          0          0          0          7          0   (incl. Padding)

    ----------------------------------------------------------------------

      Code (inc. data)   RO Data    RW Data    ZI Data      Debug   Library Member Name

         8          0          0          0          0         68   __main.o
         0          0          0          0          0          0   __rtentry.o
        12          0          0          0          0          0   __rtentry2.o
         6          0          0          0          0          0   __rtentry4.o
        52          8          0          0          0          0   __scatter.o
        26          0          0          0          0          0   __scatter_copy.o
        28          0          0          0          0          0   __scatter_zi.o
        22          0          0          0          0        100   _rserrno.o
        18          0          0          0          0         80   exit.o
         6          0          0          0          0        152   heapauxi.o
         0          0          0          0          0          0   indicate_semi.o
         2          0          0          0          0          0   libinit.o
         2          0          0          0          0          0   libinit2.o
         2          0          0          0          0          0   libshutdown.o
         2          0          0          0          0          0   libshutdown2.o
         8          4          0          0         96         68   libspace.o
         8          4          0          0          0         68   rt_errno_addr_intlibspace.o
        78          0          0          0          0         80   rt_memclr_w.o
         2          0          0          0          0          0   rtexit.o
        10          0          0          0          0          0   rtexit2.o
        12          4          0          0          0         68   sys_exit.o
        74          0          0          0          0         80   sys_stackheap_outer.o
         2          0          0          0          0         68   use_no_semi.o
        98          4          0          0          0         92   d2f.o
       826         16          0          0          0        356   daddsub_clz.o
        16          4          0          0          0         68   dcheck1.o
        84          0          0          0          0        196   dcmp.o
        24          0          0          0          0         68   dcmpi.o
       688        140          0          0          0        216   ddiv.o
       120          4          0          0          0         92   deqf.o
       120          4          0          0          0         92   dgeqf.o
       120          4          0          0          0         92   dleqf.o
       340         12          0          0          0        104   dmul.o
       156          4          0          0          0         92   dnaninf.o
        12          0          0          0          0         68   dretinf.o
       460         56          0          0          0        120   dsqrt_noumaal.o
        86          4          0          0          0         84   f2d.o
       450          8          0          0          0        236   faddsub_clz.o
        12          4          0          0          0         68   fcheck1.o
       388         76          0          0          0         96   fdiv.o
        54          4          0          0          0         84   ffix.o
        48          0          0          0          0         68   fflt_clz.o
       258          4          0          0          0         84   fmul.o
       140          4          0          0          0         84   fnaninf.o
        10          0          0          0          0         68   fretinf.o
       100          0          0          0          0         68   retnan.o
        92          0          0          0          0         68   scalbn.o
        76          0          0          0          0         68   scalbnf.o
        48          0          0          0          0         68   trapv.o
         0          0          0          0          0          0   usenofp.o
       624         52         80          0          0        168   asin.o
       544         70        152          0          0        124   atan.o
       412         38          0          0          0        144   atan2.o
       676         78          0          0          0        116   atan2f.o
        38          6          0          0          0        272   dunder.o
        40          0          0          0          0         68   fpclassify.o
        38          0          0          0          0         68   fpclassifyf.o
        14          0          0          0          0        136   funder.o
       170          0          0          0          0         96   poly.o
         0          0          8          0          0          0   qnan.o
        76          0          0          0          0         84   sqrt.o

    ----------------------------------------------------------------------
      7858        616        240          0         96       4908   Library Totals
        20          0          0          0          0          0   (incl. Padding)

    ----------------------------------------------------------------------

      Code (inc. data)   RO Data    RW Data    ZI Data      Debug   Library Name

       380         20          0          0         96        832   c_w.l
      4826        352          0          0          0       2800   fz_ws.l
      2632        244        240          0          0       1276   m_ws.l

    ----------------------------------------------------------------------
      7858        616        240          0         96       4908   Library Totals

    ----------------------------------------------------------------------

==============================================================================


      Code (inc. data)   RO Data    RW Data    ZI Data      Debug   

     15612       1018        532         28       1916      87020   Grand Totals
     15612       1018        532         28       1916      87020   ELF Image Totals
     15612       1018        532         28          0          0   ROM Totals

==============================================================================

    Total RO  Size (Code + RO Data)                16144 (  15.77kB)
    Total RW  Size (RW Data + ZI Data)              1944 (   1.90kB)
    Total ROM Size (Code + RO Data + RW Data)      16172 (  15.79kB)

==============================================================================

