<html>
<body>
<pre>
<h1>µVision Build Log</h1>
<h2>Tool Versions:</h2>
IDE-Version: µVision V5.29.0.0
Copyright (C) 2019 ARM Ltd and ARM Germany GmbH. All rights reserved.
License Information: nam dao, 123, LIC=76F5U-S2J7T-JJP6S-LVXT4-CQL62-F70LP
 
Tool Versions:
Toolchain:       MDK-ARM Plus  Version: 5.29.0.0
Toolchain Path:  D:\Nam\keilc\ARM\ARMCLANG\Bin
C Compiler:      ArmClang.exe V6.13.1
Assembler:       Armasm.exe V6.13.1
Linker/Locator:  ArmLink.exe V6.13.1
Library Manager: ArmAr.exe V6.13.1
Hex Converter:   FromElf.exe V6.13.1
CPU DLL:         SARMCM3.DLL V5.29.0.0
Dialog DLL:      DARMCM1.DLL V1.19.2.0
Target DLL:      STLink\ST-LINKIII-KEIL_SWO.dll V3.0.7.0
Dialog DLL:      TARMCM1.DLL V1.14.1.0
 
<h2>Project:</h2>
C:\study_stm32\gy87_test2\MDK-ARM\gy87_test2.uvprojx
Project File Date:  08/18/2026

<h2>Output:</h2>
*** Using Compiler 'V6.13.1', folder: 'D:\Nam\keilc\ARM\ARMCLANG\Bin'
Build target 'gy87_test2'
linking...
Program Size: Code=15632 RO-data=656 RW-data=28 ZI-data=1916  
FromELF: creating hex file...
"gy87_test2\gy87_test2.axf" - 0 Error(s), 0 Warning(s).

<h2>Software Packages used:</h2>

Package Vendor: ARM
                http://www.keil.com/pack/ARM.CMSIS.5.6.0.pack
                ARM.CMSIS.5.6.0
                CMSIS (Cortex Microcontroller Software Interface Standard)
   * Component: CORE Version: 5.3.0

Package Vendor: Keil
                https://www.keil.com/pack/Keil.STM32F0xx_DFP.3.1.1.pack
                Keil.STM32F0xx_DFP.3.1.1
                STMicroelectronics STM32F0 Series Device Support

<h2>Collection of Component include folders:</h2>
  .\RTE\_gy87_test2
  C:\Users\Admin\AppData\Local\Arm\Packs\ARM\CMSIS\5.6.0\CMSIS\Core\Include

<h2>Collection of Component Files used:</h2>

   * Component: ARM::CMSIS:CORE:5.3.0
Build Time Elapsed:  00:00:01
</pre>
</body>
</html>
