Component: ARM Compiler 6.13.1 Tool: armlink [5d895400]

==============================================================================

Section Cross References

    startup_stm32f030x6.o(STACK) refers (Special) to heapauxi.o(.text) for __use_two_region_memory
    startup_stm32f030x6.o(HEAP) refers (Special) to heapauxi.o(.text) for __use_two_region_memory
    startup_stm32f030x6.o(RESET) refers (Special) to heapauxi.o(.text) for __use_two_region_memory
    startup_stm32f030x6.o(RESET) refers to startup_stm32f030x6.o(STACK) for __initial_sp
    startup_stm32f030x6.o(RESET) refers to startup_stm32f030x6.o(.text) for Reset_Handler
    startup_stm32f030x6.o(RESET) refers to stm32f0xx_it.o(.text.NMI_Handler) for NMI_Handler
    startup_stm32f030x6.o(RESET) refers to stm32f0xx_it.o(.text.HardFault_Handler) for HardFault_Handler
    startup_stm32f030x6.o(RESET) refers to stm32f0xx_it.o(.text.SVC_Handler) for SVC_Handler
    startup_stm32f030x6.o(RESET) refers to stm32f0xx_it.o(.text.PendSV_Handler) for PendSV_Handler
    startup_stm32f030x6.o(RESET) refers to stm32f0xx_it.o(.text.SysTick_Handler) for SysTick_Handler
    startup_stm32f030x6.o(.text) refers (Special) to heapauxi.o(.text) for __use_two_region_memory
    startup_stm32f030x6.o(.text) refers to system_stm32f0xx.o(.text.SystemInit) for SystemInit
    startup_stm32f030x6.o(.text) refers to __main.o(!!!main) for __main
    startup_stm32f030x6.o(.text) refers to startup_stm32f030x6.o(HEAP) for Heap_Mem
    startup_stm32f030x6.o(.text) refers to startup_stm32f030x6.o(STACK) for Stack_Mem
    gy_87.o(.text.MPU_Delay_ms) refers to stm32f0xx_hal.o(.text.HAL_Delay) for HAL_Delay
    gy_87.o(.ARM.exidx.text.MPU_Delay_ms) refers to gy_87.o(.text.MPU_Delay_ms) for [Anonymous Symbol]
    gy_87.o(.text.MPU_Basic_Init) refers to stm32f0xx_hal_i2c.o(.text.HAL_I2C_Mem_Read) for HAL_I2C_Mem_Read
    gy_87.o(.text.MPU_Basic_Init) refers to stm32f0xx_hal_i2c.o(.text.HAL_I2C_Mem_Write) for HAL_I2C_Mem_Write
    gy_87.o(.text.MPU_Basic_Init) refers to gy_87.o(.text.HMC5883L_setScale) for HMC5883L_setScale
    gy_87.o(.text.MPU_Basic_Init) refers to gy_87.o(.bss.res) for res
    gy_87.o(.text.MPU_Basic_Init) refers to stm32f0xx_hal.o(.text.HAL_Delay) for HAL_Delay
    gy_87.o(.text.MPU_Basic_Init) refers to main.o(.bss.hi2c1) for hi2c1
    gy_87.o(.ARM.exidx.text.MPU_Basic_Init) refers to gy_87.o(.text.MPU_Basic_Init) for [Anonymous Symbol]
    gy_87.o(.text.HMC5883L_setScale) refers to f2d.o(.text) for __aeabi_f2d
    gy_87.o(.text.HMC5883L_setScale) refers to daddsub.o(.text) for __aeabi_dadd
    gy_87.o(.text.HMC5883L_setScale) refers to dcmp.o(i._dgeq) for __aeabi_dcmpge
    gy_87.o(.text.HMC5883L_setScale) refers to stm32f0xx_hal_i2c.o(.text.HAL_I2C_Mem_Write) for HAL_I2C_Mem_Write
    gy_87.o(.text.HMC5883L_setScale) refers to gy_87.o(.bss.m_Scale) for m_Scale
    gy_87.o(.ARM.exidx.text.HMC5883L_setScale) refers to gy_87.o(.text.HMC5883L_setScale) for [Anonymous Symbol]
    gy_87.o(.text.Gy87_Init) refers to gy_87.o(.text.MPU_Basic_Init) for MPU_Basic_Init
    gy_87.o(.text.Gy87_Init) refers to stm32f0xx_hal.o(.text.HAL_Delay) for HAL_Delay
    gy_87.o(.text.Gy87_Init) refers to gy_87.o(.text.MPU_Get_Gyroscope) for MPU_Get_Gyroscope
    gy_87.o(.text.Gy87_Init) refers to gy_87.o(.bss..L_MergedGlobals) for [Anonymous Symbol]
    gy_87.o(.ARM.exidx.text.Gy87_Init) refers to gy_87.o(.text.Gy87_Init) for [Anonymous Symbol]
    gy_87.o(.text.MPU_Get_Gyroscope) refers to stm32f0xx_hal_i2c.o(.text.HAL_I2C_Mem_Read) for HAL_I2C_Mem_Read
    gy_87.o(.text.MPU_Get_Gyroscope) refers to gy_87.o(.bss..L_MergedGlobals) for [Anonymous Symbol]
    gy_87.o(.ARM.exidx.text.MPU_Get_Gyroscope) refers to gy_87.o(.text.MPU_Get_Gyroscope) for [Anonymous Symbol]
    gy_87.o(.text.MPU_Get_Accelerometer) refers to stm32f0xx_hal_i2c.o(.text.HAL_I2C_Mem_Read) for HAL_I2C_Mem_Read
    gy_87.o(.ARM.exidx.text.MPU_Get_Accelerometer) refers to gy_87.o(.text.MPU_Get_Accelerometer) for [Anonymous Symbol]
    gy_87.o(.text.MPU_Get_Magnetometer) refers to stm32f0xx_hal_i2c.o(.text.HAL_I2C_Mem_Read) for HAL_I2C_Mem_Read
    gy_87.o(.text.MPU_Get_Magnetometer) refers to fflti.o(.text) for __aeabi_i2f
    gy_87.o(.text.MPU_Get_Magnetometer) refers to fmul.o(x$fpl$fmul) for __aeabi_fmul
    gy_87.o(.text.MPU_Get_Magnetometer) refers to ffixi.o(.text) for __aeabi_f2iz
    gy_87.o(.text.MPU_Get_Magnetometer) refers to gy_87.o(.bss.m_Scale) for m_Scale
    gy_87.o(.ARM.exidx.text.MPU_Get_Magnetometer) refers to gy_87.o(.text.MPU_Get_Magnetometer) for [Anonymous Symbol]
    gy_87.o(.text.Gy_87_Read_Data_Handle) refers to gy_87.o(.text.MPU_Get_Gyroscope) for MPU_Get_Gyroscope
    gy_87.o(.text.Gy_87_Read_Data_Handle) refers to gy_87.o(.text.MPU_Get_Accelerometer) for MPU_Get_Accelerometer
    gy_87.o(.text.Gy_87_Read_Data_Handle) refers to gy_87.o(.text.MPU_Get_Magnetometer) for MPU_Get_Magnetometer
    gy_87.o(.text.Gy_87_Read_Data_Handle) refers to fflti.o(.text) for __aeabi_i2f
[...]

Image Symbol Table

    Local Symbols

    Symbol Name                              Value     Ov Type        Size  Object(Section)

    ../clib/angel/boardlib.s                 0x00000000   Number         0  boardinit1.o ABSOLUTE
    ../clib/angel/boardlib.s                 0x00000000   Number         0  boardinit2.o ABSOLUTE
    ../clib/angel/boardlib.s                 0x00000000   Number         0  boardinit3.o ABSOLUTE
    ../clib/angel/boardlib.s                 0x00000000   Number         0  boardshut.o ABSOLUTE
    ../clib/angel/handlers.s                 0x00000000   Number         0  __scatter_copy.o ABSOLUTE
    ../clib/angel/handlers.s                 0x00000000   Number         0  __scatter_zi.o ABSOLUTE
    ../clib/angel/kernel.s                   0x00000000   Number         0  __rtentry.o ABSOLUTE
    ../clib/angel/kernel.s                   0x00000000   Number         0  __rtentry2.o ABSOLUTE
    ../clib/angel/kernel.s                   0x00000000   Number         0  __rtentry4.o ABSOLUTE
    ../clib/angel/kernel.s                   0x00000000   Number         0  rtexit.o ABSOLUTE
    ../clib/angel/kernel.s                   0x00000000   Number         0  rtexit2.o ABSOLUTE
    ../clib/angel/rt.s                       0x00000000   Number         0  aeabi_idiv0.o ABSOLUTE
    ../clib/angel/rt.s                       0x00000000   Number         0  aeabi_idiv0_sigfpe.o ABSOLUTE
    ../clib/angel/rt.s                       0x00000000   Number         0  rt_div0.o ABSOLUTE
    ../clib/angel/rt.s                       0x00000000   Number         0  rt_errno_addr.o ABSOLUTE
    ../clib/angel/rt.s                       0x00000000   Number         0  rt_errno_addr_intlibspace.o ABSOLUTE
    ../clib/angel/rt.s                       0x00000000   Number         0  rt_raise.o ABSOLUTE
    ../clib/angel/scatterp.s                 0x00000000   Number         0  __scatter.o ABSOLUTE
    ../clib/angel/startup.s                  0x00000000   Number         0  __main.o ABSOLUTE
    ../clib/angel/sys.s                      0x00000000   Number         0  libspace.o ABSOLUTE
    ../clib/angel/sys.s                      0x00000000   Number         0  sys_stackheap_outer.o ABSOLUTE
    ../clib/angel/sys.s                      0x00000000   Number         0  tempstk.o ABSOLUTE
    ../clib/angel/sys.s                      0x00000000   Number         0  use_no_semi.o ABSOLUTE
    ../clib/angel/sys.s                      0x00000000   Number         0  indicate_semi.o ABSOLUTE
    ../clib/angel/sysapp.c                   0x00000000   Number         0  sys_exit.o ABSOLUTE
    ../clib/angel/sysapp.c                   0x00000000   Number         0  sys_exit_hlt.o ABSOLUTE
    ../clib/angel/sysapp.c                   0x00000000   Number         0  sys_wrch.o ABSOLUTE
    ../clib/angel/sysapp.c                   0x00000000   Number         0  sys_wrch_hlt.o ABSOLUTE
    ../clib/angel/sysapp.c                   0x00000000   Number         0  sys_command.o ABSOLUTE
    ../clib/angel/sysapp.c                   0x00000000   Number         0  sys_command_hlt.o ABSOLUTE
    ../clib/armsys.c                         0x00000000   Number         0  argv_veneer.o ABSOLUTE
    ../clib/armsys.c                         0x00000000   Number         0  _get_argv_nomalloc.o ABSOLUTE
    ../clib/armsys.c                         0x00000000   Number         0  no_argv.o ABSOLUTE
    ../clib/division.s                       0x00000000   Number         0  aeabi_sdiv.o ABSOLUTE
    ../clib/division.s                       0x00000000   Number         0  aeabi_sdiv_div0.o ABSOLUTE
    ../clib/fenv.c                           0x00000000   Number         0  _rserrno.o ABSOLUTE
    ../clib/heapalloc.c                      0x00000000   Number         0  hrguard.o ABSOLUTE
    ../clib/heapaux.c                        0x00000000   Number         0  heapauxi.o ABSOLUTE
    ../clib/libinit.s                        0x00000000   Number         0  libinit.o ABSOLUTE
    ../clib/libinit.s                        0x00000000   Number         0  libinit2.o ABSOLUTE
    ../clib/libinit.s                        0x00000000   Number         0  libshutdown.o ABSOLUTE
    ../clib/libinit.s                        0x00000000   Number         0  libshutdown2.o ABSOLUTE
    ../clib/longlong.c                       0x00000000   Number         0  llushr.o ABSOLUTE
    ../clib/memcpset.c                       0x00000000   Number         0  rt_memclr.o ABSOLUTE
    ../clib/signal.c                         0x00000000   Number         0  defsig_fpe_outer.o ABSOLUTE
    ../clib/signal.c                         0x00000000   Number         0  defsig_fpe_formal.o ABSOLUTE
    ../clib/signal.c                         0x00000000   Number         0  defsig_exit.o ABSOLUTE
    ../clib/signal.c                         0x00000000   Number         0  defsig_fpe_inner.o ABSOLUTE
    ../clib/signal.c                         0x00000000   Number         0  __raise.o ABSOLUTE
    ../clib/signal.c                         0x00000000   Number         0  defsig_general.o ABSOLUTE
    ../clib/signal.c                         0x00000000   Number         0  defsig_abrt_inner.o ABSOLUTE
    ../clib/signal.c                         0x00000000   Number         0  defsig_rtred_inner.o ABSOLUTE
    ../clib/signal.c                         0x00000000   Number         0  defsig_rtmem_inner.o ABSOLUTE
    ../clib/signal.c                         0x00000000   Number         0  defsig_rtmem_outer.o ABSOLUTE
    ../clib/signal.c                         0x00000000   Number         0  defsig_rtmem_formal.o ABSOLUTE
    ../clib/signal.c                         0x00000000   Number         0  defsig_stak_inner.o ABSOLUTE
    ../clib/signal.c                         0x00000000   Number         0  defsig_pvfn_inner.o ABSOLUTE
    ../clib/signal.c                         0x00000000   Number         0  defsig_cppl_inner.o ABSOLUTE
    ../clib/signal.c                         0x00000000   Number         0  defsig_segv_inner.o ABSOLUTE
    ../clib/signal.c                         0x00000000   Number         0  defsig_other.o ABSOLUTE
    ../clib/signal.s                         0x00000000   Number         0  defsig.o ABSOLUTE
    ../clib/stdlib.c                         0x00000000   Number         0  exit.o ABSOLUTE
    ../fplib/cfplib/cmp.c                    0x00000000   Number         0  dcmp.o ABSOLUTE
    ../fplib/cfplib/cmp.c                    0x00000000   Number         0  fcmp.o ABSOLUTE
    ../fplib/cfplib/cmpret.c                 0x00000000   Number         0  cmpret.o ABSOLUTE
    ../fplib/cfplib/d2f.c                    0x00000000   Number         0  d2f.o ABSOLUTE
    ../fplib/cfplib/daddsub.c                0x00000000   Number         0  daddsub.o ABSOLUTE
    ../fplib/cfplib/dcmpin.c                 0x00000000   Number         0  dcmpin.o ABSOLUTE
    ../fplib/cfplib/ddiv.c                   0x00000000   Number         0  ddiv.o ABSOLUTE
    ../fplib/cfplib/dmul.c                   0x00000000   Number         0  dmul.o ABSOLUTE
    ../fplib/cfplib/dsqrt.c                  0x00000000   Number         0  dsqrt.o ABSOLUTE
    ../fplib/cfplib/f2d.c                    0x00000000   Number         0  f2d.o ABSOLUTE
    ../fplib/cfplib/fcmpin.c                 0x00000000   Number         0  fcmpin.o ABSOLUTE
    ../fplib/cfplib/fdiv.c                   0x00000000   Number         0  fdiv.o ABSOLUTE
    ../fplib/cfplib/ffix.c                   0x00000000   Number         0  ffixi.o ABSOLUTE
    ../fplib/cfplib/fflt.c                   0x00000000   Number         0  dflti.o ABSOLUTE
    ../fplib/cfplib/fflt.c                   0x00000000   Number         0  fflti.o ABSOLUTE
    ../fplib/cfplib/fpinit.c                 0x00000000   Number         0  fpinit.o ABSOLUTE
    ../fplib/cfplib/nan2.c                   0x00000000   Number         0  dnan2.o ABSOLUTE
    ../fplib/cfplib/nan2.c                   0x00000000   Number         0  fnan2.o ABSOLUTE
    ../fplib/cfplib/retnan.c                 0x00000000   Number         0  retnan.o ABSOLUTE
    ../fplib/cfplib/scalbn.c                 0x00000000   Number         0  dscalbn.o ABSOLUTE
    ../fplib/cfplib/scalbn.c                 0x00000000   Number         0  fscalbn.o ABSOLUTE
    ../fplib/deqf6m.s                        0x00000000   Number         0  deqf.o ABSOLUTE
    ../fplib/dgeqf6m.s                       0x00000000   Number         0  dgef.o ABSOLUTE
    ../fplib/dleqf6m.s                       0x00000000   Number         0  dlef.o ABSOLUTE
    ../fplib/faddsub6m.s                     0x00000000   Number         0  faddsub.o ABSOLUTE
    ../fplib/feqf6m.s                        0x00000000   Number         0  feqf.o ABSOLUTE
    ../fplib/fgeqf6m.s                       0x00000000   Number         0  fgef.o ABSOLUTE
    ../fplib/fleqf6m.s                       0x00000000   Number         0  flef.o ABSOLUTE
    ../fplib/fmul6m.s                        0x00000000   Number         0  fmul.o ABSOLUTE
    ../fplib/usenofp.s                       0x00000000   Number         0  usenofp.o ABSOLUTE
    ../mathlib/asin.c                        0x00000000   Number         0  asin.o ABSOLUTE
    ../mathlib/asin.c                        0x00000000   Number         0  asin_x.o ABSOLUTE
    ../mathlib/atan.c                        0x00000000   Number         0  atan.o ABSOLUTE
    ../mathlib/atan.c                        0x00000000   Number         0  atan_x.o ABSOLUTE
    ../mathlib/atan2.c                       0x00000000   Number         0  atan2.o ABSOLUTE
    ../mathlib/atan2.c                       0x00000000   Number         0  atan2_x.o ABSOLUTE
    ../mathlib/atan2f.c                      0x00000000   Number         0  atan2f.o ABSOLUTE
    ../mathlib/atan2f.c                      0x00000000   Number         0  atan2f_x.o ABSOLUTE
    ../mathlib/dunder.c                      0x00000000   Number         0  dunder.o ABSOLUTE
    ../mathlib/fpclassify.c                  0x00000000   Number         0  fpclassify.o ABSOLUTE
    ../mathlib/fpclassifyf.c                 0x00000000   Number         0  fpclassifyf.o ABSOLUTE
    ../mathlib/funder.c                      0x00000000   Number         0  funder.o ABSOLUTE
    ../mathlib/poly.c                        0x00000000   Number         0  poly.o ABSOLUTE
    ../mathlib/qnan.c                        0x00000000   Number         0  qnan.o ABSOLUTE
    ../mathlib/sqrt.c                        0x00000000   Number         0  sqrt.o ABSOLUTE
    ../mathlib/sqrt.c                        0x00000000   Number         0  sqrt_x.o ABSOLUTE
    Gy_87.c                                  0x00000000   Number         0  gy_87.o ABSOLUTE
    app_angle.c                              0x00000000   Number         0  app_angle.o ABSOLUTE
    app_math.c                               0x00000000   Number         0  app_math.o ABSOLUTE
    dc.s                                     0x00000000   Number         0  dc.o ABSOLUTE
    main.c                                   0x00000000   Number         0  main.o ABSOLUTE
    mpu6050.c                                0x00000000   Number         0  mpu6050.o ABSOLUTE
    startup_stm32f030x6.s                    0x00000000   Number         0  startup_stm32f030x6.o ABSOLUTE
    stm32f0xx_hal.c                          0x00000000   Number         0  stm32f0xx_hal.o ABSOLUTE
    stm32f0xx_hal_cortex.c                   0x00000000   Number         0  stm32f0xx_hal_cortex.o ABSOLUTE
    stm32f0xx_hal_dma.c                      0x00000000   Number         0  stm32f0xx_hal_dma.o ABSOLUTE
    stm32f0xx_hal_exti.c                     0x00000000   Number         0  stm32f0xx_hal_exti.o ABSOLUTE
    stm32f0xx_hal_flash.c                    0x00000000   Number         0  stm32f0xx_hal_flash.o ABSOLUTE
    stm32f0xx_hal_flash_ex.c                 0x00000000   Number         0  stm32f0xx_hal_flash_ex.o ABSOLUTE
    stm32f0xx_hal_gpio.c                     0x00000000   Number         0  stm32f0xx_hal_gpio.o ABSOLUTE
    stm32f0xx_hal_i2c.c                      0x00000000   Number         0  stm32f0xx_hal_i2c.o ABSOLUTE
    stm32f0xx_hal_i2c_ex.c                   0x00000000   Number         0  stm32f0xx_hal_i2c_ex.o ABSOLUTE
    stm32f0xx_hal_msp.c                      0x00000000   Number         0  stm32f0xx_hal_msp.o ABSOLUTE
    stm32f0xx_hal_pwr.c                      0x00000000   Number         0  stm32f0xx_hal_pwr.o ABSOLUTE
    stm32f0xx_hal_pwr_ex.c                   0x00000000   Number         0  stm32f0xx_hal_pwr_ex.o ABSOLUTE
    stm32f0xx_hal_rcc.c                      0x00000000   Number         0  stm32f0xx_hal_rcc.o ABSOLUTE
    stm32f0xx_hal_rcc_ex.c                   0x00000000   Number         0  stm32f0xx_hal_rcc_ex.o ABSOLUTE
    stm32f0xx_it.c                           0x00000000   Number         0  stm32f0xx_it.o ABSOLUTE
    system_stm32f0xx.c                       0x00000000   Number         0  system_stm32f0xx.o ABSOLUTE
    RESET                                    0x08000000   Section      176  startup_stm32f030x6.o(RESET)
    !!!main                                  0x080000b0   Section        8  __main.o(!!!main)
    !!!scatter                               0x080000b8   Section       60  __scatter.o(!!!scatter)
    !!handler_copy                           0x080000f4   Section       26  __scatter_copy.o(!!handler_copy)
    !!handler_zi                             0x08000110   Section       28  __scatter_zi.o(!!handler_zi)
    .ARM.Collect$$libinit$$00000000          0x0800012c   Section        2  libinit.o(.ARM.Collect$$libinit$$00000000)
    .ARM.Collect$$libinit$$00000002          0x0800012e   Section        0  libinit2.o(.ARM.Collect$$libinit$$00000002)
    .ARM.Collect$$libinit$$00000004          0x0800012e   Section        0  libinit2.o(.ARM.Collect$$libinit$$00000004)
    .ARM.Collect$$libinit$$0000000A          0x0800012e   Section        0  libinit2.o(.ARM.Collect$$libinit$$0000000A)
    .ARM.Collect$$libinit$$0000000C          0x0800012e   Section        0  libinit2.o(.ARM.Collect$$libinit$$0000000C)
    .ARM.Collect$$libinit$$0000000E          0x0800012e   Section        0  libinit2.o(.ARM.Collect$$libinit$$0000000E)
    .ARM.Collect$$libinit$$00000011          0x0800012e   Section        0  libinit2.o(.ARM.Collect$$libinit$$00000011)
    .ARM.Collect$$libinit$$00000013          0x0800012e   Section        0  libinit2.o(.ARM.Collect$$libinit$$00000013)
    .ARM.Collect$$libinit$$00000015          0x0800012e   Section        0  libinit2.o(.ARM.Collect$$libinit$$00000015)
    .ARM.Collect$$libinit$$00000017          0x0800012e   Section        0  libinit2.o(.ARM.Collect$$libinit$$00000017)
    .ARM.Collect$$libinit$$00000019          0x0800012e   Section        0  libinit2.o(.ARM.Collect$$libinit$$00000019)
    .ARM.Collect$$libinit$$0000001B          0x0800012e   Section        0  libinit2.o(.ARM.Collect$$libinit$$0000001B)
    .ARM.Collect$$libinit$$0000001D          0x0800012e   Section        0  libinit2.o(.ARM.Collect$$libinit$$0000001D)
    .ARM.Collect$$libinit$$0000001F          0x0800012e   Section        0  libinit2.o(.ARM.Collect$$libinit$$0000001F)
    .ARM.Collect$$libinit$$00000021          0x0800012e   Section        0  libinit2.o(.ARM.Collect$$libinit$$00000021)
    .ARM.Collect$$libinit$$00000023          0x0800012e   Section        0  libinit2.o(.ARM.Collect$$libinit$$00000023)
    .ARM.Collect$$libinit$$00000025          0x0800012e   Section        0  libinit2.o(.ARM.Collect$$libinit$$00000025)
    .ARM.Collect$$libinit$$0000002C          0x0800012e   Section        0  libinit2.o(.ARM.Collect$$libinit$$0000002C)
    .ARM.Collect$$libinit$$0000002E          0x0800012e   Section        0  libinit2.o(.ARM.Collect$$libinit$$0000002E)
    .ARM.Collect$$libinit$$00000030          0x0800012e   Section        0  libinit2.o(.ARM.Collect$$libinit$$00000030)
    .ARM.Collect$$libinit$$00000032          0x0800012e   Section        0  libinit2.o(.ARM.Collect$$libinit$$00000032)
    .ARM.Collect$$libinit$$00000033          0x0800012e   Section        2  libinit2.o(.ARM.Collect$$libinit$$00000033)
    .ARM.Collect$$libshutdown$$00000000      0x08000130   Section        2  libshutdown.o(.ARM.Collect$$libshutdown$$00000000)
    .ARM.Collect$$libshutdown$$00000002      0x08000132   Section        0  libshutdown2.o(.ARM.Collect$$libshutdown$$00000002)
    .ARM.Collect$$libshutdown$$00000004      0x08000132   Section        0  libshutdown2.o(.ARM.Collect$$libshutdown$$00000004)
    .ARM.Collect$$libshutdown$$00000007      0x08000132   Section        0  libshutdown2.o(.ARM.Collect$$libshutdown$$00000007)
    .ARM.Collect$$libshutdown$$0000000A      0x08000132   Section        0  libshutdown2.o(.ARM.Collect$$libshutdown$$0000000A)
    .ARM.Collect$$libshutdown$$0000000C      0x08000132   Section        0  libshutdown2.o(.ARM.Collect$$libshutdown$$0000000C)
    .ARM.Collect$$libshutdown$$0000000F      0x08000132   Section        0  libshutdown2.o(.ARM.Collect$$libshutdown$$0000000F)
    .ARM.Collect$$libshutdown$$00000010      0x08000132   Section        2  libshutdown2.o(.ARM.Collect$$libshutdown$$00000010)
    .ARM.Collect$$rtentry$$00000000          0x08000134   Section        0  __rtentry.o(.ARM.Collect$$rtentry$$00000000)
    .ARM.Collect$$rtentry$$00000002          0x08000134   Section        0  __rtentry2.o(.ARM.Collect$$rtentry$$00000002)
    .ARM.Collect$$rtentry$$00000004          0x08000134   Section        6  __rtentry4.o(.ARM.Collect$$rtentry$$00000004)
    .ARM.Collect$$rtentry$$00000009          0x0800013a   Section        0  __rtentry2.o(.ARM.Collect$$rtentry$$00000009)
    .ARM.Collect$$rtentry$$0000000A          0x0800013a   Section        4  __rtentry2.o(.ARM.Collect$$rtentry$$0000000A)
    .ARM.Collect$$rtentry$$0000000C          0x0800013e   Section        0  __rtentry2.o(.ARM.Collect$$rtentry$$0000000C)
    .ARM.Collect$$rtentry$$0000000D          0x0800013e   Section        8  __rtentry2.o(.ARM.Collect$$rtentry$$0000000D)
    .ARM.Collect$$rtexit$$00000000           0x08000146   Section        2  rtexit.o(.ARM.Collect$$rtexit$$00000000)
    .ARM.Collect$$rtexit$$00000002           0x08000148   Section        0  rtexit2.o(.ARM.Collect$$rtexit$$00000002)
    .ARM.Collect$$rtexit$$00000003           0x08000148   Section        4  rtexit2.o(.ARM.Collect$$rtexit$$00000003)
    .ARM.Collect$$rtexit$$00000004           0x0800014c   Section        6  rtexit2.o(.ARM.Collect$$rtexit$$00000004)
    .text                                    0x08000154   Section       56  startup_stm32f030x6.o(.text)
    .text                                    0x0800018c   Section        0  rt_memclr.o(.text)
    .text                                    0x080001cc   Section      364  aeabi_sdiv.o(.text)
    .text                                    0x08000338   Section        0  heapauxi.o(.text)
    .text                                    0x08000340   Section        0  d2f.o(.text)
    _dadd1                                   0x080003bd   Thumb Code   290  daddsub.o(.text)
    .text                                    0x080003bc   Section        0  daddsub.o(.text)
    _dsub1                                   0x080004df   Thumb Code   470  daddsub.o(.text)
    .text                                    0x08000714   Section        0  ddiv.o(.text)
    .text                                    0x08000b5c   Section        0  dmul.o(.text)
    .text                                    0x08000da4   Section        0  f2d.o(.text)
    .text                                    0x08000df8   Section        0  fdiv.o(.text)
    .text                                    0x08000f58   Section        0  ffixi.o(.text)
    .text                                    0x08000fa4   Section        0  fflti.o(.text)
    .text                                    0x08001002   Section        0  _rserrno.o(.text)
    .text                                    0x08001018   Section        0  dscalbn.o(.text)
    .text                                    0x08001078   Section        0  dsqrt.o(.text)
    .text                                    0x08001178   Section        8  rt_errno_addr_intlibspace.o(.text)
    .text                                    0x08001180   Section        0  dcmpin.o(.text)
    .text                                    0x08001220   Section        0  fscalbn.o(.text)
    .text                                    0x08001264   Section        8  libspace.o(.text)
    .text                                    0x0800126c   Section       62  sys_stackheap_outer.o(.text)
    .text                                    0x080012aa   Section        0  exit.o(.text)
    .text                                    0x080012ba   Section        0  cmpret.o(.text)
    .text                                    0x080012e8   Section        0  dnan2.o(.text)
    .text                                    0x080012fc   Section        0  retnan.o(.text)
    .text                                    0x0800135c   Section        0  sys_exit.o(.text)
    .text                                    0x08001368   Section        2  use_no_semi.o(.text)
    .text                                    0x0800136a   Section        0  indicate_semi.o(.text)
    [Anonymous Symbol]                       0x0800136c   Section        0  gy_87.o(.text.Gy87_Init)
    [Anonymous Symbol]                       0x080013ac   Section        0  gy_87.o(.text.Gy_87_Read_Data_Handle)
    __arm_cp.7_0                             0x08001414   Number         4  gy_87.o(.text.Gy_87_Read_Data_Handle)
    __arm_cp.7_1                             0x08001418   Number         4  gy_87.o(.text.Gy_87_Read_Data_Handle)
    [Anonymous Symbol]                       0x0800141c   Section        0  stm32f0xx_hal.o(.text.HAL_Delay)
    __arm_cp.10_0                            0x0800143c   Number         4  stm32f0xx_hal.o(.text.HAL_Delay)
    [Anonymous Symbol]                       0x08001440   Section        0  stm32f0xx_hal_gpio.o(.text.HAL_GPIO_Init)
    __arm_cp.0_0                             0x080015c4   Number         4  stm32f0xx_hal_gpio.o(.text.HAL_GPIO_Init)
    __arm_cp.0_1                             0x080015c8   Number         4  stm32f0xx_hal_gpio.o(.text.HAL_GPIO_Init)
    __arm_cp.0_2                             0x080015cc   Number         4  stm32f0xx_hal_gpio.o(.text.HAL_GPIO_Init)
    __arm_cp.0_3                             0x080015d0   Number         4  stm32f0xx_hal_gpio.o(.text.HAL_GPIO_Init)
    __arm_cp.0_4                             0x080015d4   Number         4  stm32f0xx_hal_gpio.o(.text.HAL_GPIO_Init)
    __arm_cp.0_5                             0x080015d8   Number         4  stm32f0xx_hal_gpio.o(.text.HAL_GPIO_Init)
    [Anonymous Symbol]                       0x080015dc   Section        0  stm32f0xx_hal.o(.text.HAL_GetTick)
    __arm_cp.6_0                             0x080015e4   Number         4  stm32f0xx_hal.o(.text.HAL_GetTick)
    [Anonymous Symbol]                       0x080015e8   Section        0  stm32f0xx_hal_i2c_ex.o(.text.HAL_I2CEx_ConfigAnalogFilter)
    [Anonymous Symbol]                       0x0800162c   Section        0  stm32f0xx_hal_i2c_ex.o(.text.HAL_I2CEx_ConfigDigitalFilter)
    [Anonymous Symbol]                       0x08001670   Section        0  stm32f0xx_hal_i2c.o(.text.HAL_I2C_Init)
    __arm_cp.0_0                             0x08001718   Number         4  stm32f0xx_hal_i2c.o(.text.HAL_I2C_Init)
    __arm_cp.0_1                             0x0800171c   Number         4  stm32f0xx_hal_i2c.o(.text.HAL_I2C_Init)
    [Anonymous Symbol]                       0x08001720   Section        0  stm32f0xx_hal_i2c.o(.text.HAL_I2C_Mem_Read)
    __arm_cp.33_1                            0x080018c4   Number         4  stm32f0xx_hal_i2c.o(.text.HAL_I2C_Mem_Read)
    [Anonymous Symbol]                       0x080018c8   Section        0  stm32f0xx_hal_i2c.o(.text.HAL_I2C_Mem_Write)
    __arm_cp.32_0                            0x08001a74   Number         4  stm32f0xx_hal_i2c.o(.text.HAL_I2C_Mem_Write)
    __arm_cp.32_1                            0x08001a78   Number         4  stm32f0xx_hal_i2c.o(.text.HAL_I2C_Mem_Write)
    [Anonymous Symbol]                       0x08001a7c   Section        0  stm32f0xx_hal_msp.o(.text.HAL_I2C_MspInit)
    __arm_cp.1_0                             0x08001ad8   Number         4  stm32f0xx_hal_msp.o(.text.HAL_I2C_MspInit)
    __arm_cp.1_1                             0x08001adc   Number         4  stm32f0xx_hal_msp.o(.text.HAL_I2C_MspInit)
    [Anonymous Symbol]                       0x08001ae0   Section        0  stm32f0xx_hal.o(.text.HAL_IncTick)
    __arm_cp.5_1                             0x08001af0   Number         4  stm32f0xx_hal.o(.text.HAL_IncTick)
    [Anonymous Symbol]                       0x08001af4   Section        0  stm32f0xx_hal.o(.text.HAL_Init)
    [Anonymous Symbol]                       0x08001b10   Section        0  stm32f0xx_hal.o(.text.HAL_InitTick)
    __arm_cp.1_0                             0x08001b4c   Number         4  stm32f0xx_hal.o(.text.HAL_InitTick)
    [Anonymous Symbol]                       0x08001b50   Section        0  stm32f0xx_hal_msp.o(.text.HAL_MspInit)
    __arm_cp.0_0                             0x08001b78   Number         4  stm32f0xx_hal_msp.o(.text.HAL_MspInit)
    [Anonymous Symbol]                       0x08001b7c   Section        0  stm32f0xx_hal_cortex.o(.text.HAL_NVIC_SetPriority)
    [Anonymous Symbol]                       0x08001b84   Section        0  stm32f0xx_hal_rcc_ex.o(.text.HAL_RCCEx_PeriphCLKConfig)
    __arm_cp.0_0                             0x08001c74   Number         4  stm32f0xx_hal_rcc_ex.o(.text.HAL_RCCEx_PeriphCLKConfig)
    __arm_cp.0_1                             0x08001c78   Number         4  stm32f0xx_hal_rcc_ex.o(.text.HAL_RCCEx_PeriphCLKConfig)
    __arm_cp.0_2                             0x08001c7c   Number         4  stm32f0xx_hal_rcc_ex.o(.text.HAL_RCCEx_PeriphCLKConfig)
    [Anonymous Symbol]                       0x08001c80   Section        0  stm32f0xx_hal_rcc.o(.text.HAL_RCC_ClockConfig)
    __arm_cp.2_0                             0x08001d84   Number         4  stm32f0xx_hal_rcc.o(.text.HAL_RCC_ClockConfig)
    __arm_cp.2_2                             0x08001d88   Number         4  stm32f0xx_hal_rcc.o(.text.HAL_RCC_ClockConfig)
    __arm_cp.2_3                             0x08001d8c   Number         4  stm32f0xx_hal_rcc.o(.text.HAL_RCC_ClockConfig)
    __arm_cp.2_4                             0x08001d90   Number         4  stm32f0xx_hal_rcc.o(.text.HAL_RCC_ClockConfig)
    [Anonymous Symbol]                       0x08001d94   Section        0  stm32f0xx_hal_rcc.o(.text.HAL_RCC_GetSysClockFreq)
    __arm_cp.3_0                             0x08001dcc   Number         4  stm32f0xx_hal_rcc.o(.text.HAL_RCC_GetSysClockFreq)
    __arm_cp.3_1                             0x08001dd0   Number         4  stm32f0xx_hal_rcc.o(.text.HAL_RCC_GetSysClockFreq)
    HAL_RCC_GetSysClockFreq.aPLLMULFactorTable 0x08001dd4   Number         0  stm32f0xx_hal_rcc.o(.text.HAL_RCC_GetSysClockFreq)
    HAL_RCC_GetSysClockFreq.aPredivFactorTable 0x08001de4   Number         0  stm32f0xx_hal_rcc.o(.text.HAL_RCC_GetSysClockFreq)
    __arm_cp.3_4                             0x08001df4   Number         4  stm32f0xx_hal_rcc.o(.text.HAL_RCC_GetSysClockFreq)
    [Anonymous Symbol]                       0x08001df8   Section        0  stm32f0xx_hal_rcc.o(.text.HAL_RCC_OscConfig)
    __arm_cp.1_0                             0x080021c8   Number         4  stm32f0xx_hal_rcc.o(.text.HAL_RCC_OscConfig)
    __arm_cp.1_1                             0x080021cc   Number         4  stm32f0xx_hal_rcc.o(.text.HAL_RCC_OscConfig)
    __arm_cp.1_2                             0x080021d0   Number         4  stm32f0xx_hal_rcc.o(.text.HAL_RCC_OscConfig)
    [Anonymous Symbol]                       0x080021d4   Section        0  stm32f0xx_hal_cortex.o(.text.HAL_SYSTICK_Config)
    __arm_cp.6_0                             0x080021fc   Number         4  stm32f0xx_hal_cortex.o(.text.HAL_SYSTICK_Config)
    __arm_cp.6_1                             0x08002200   Number         4  stm32f0xx_hal_cortex.o(.text.HAL_SYSTICK_Config)
    __arm_cp.6_2                             0x08002204   Number         4  stm32f0xx_hal_cortex.o(.text.HAL_SYSTICK_Config)
    [Anonymous Symbol]                       0x08002208   Section        0  gy_87.o(.text.HMC5883L_setScale)
    __arm_cp.2_0                             0x08002370   Number         4  gy_87.o(.text.HMC5883L_setScale)
    __arm_cp.2_1                             0x08002374   Number         4  gy_87.o(.text.HMC5883L_setScale)
    __arm_cp.2_2                             0x08002378   Number         4  gy_87.o(.text.HMC5883L_setScale)
    __arm_cp.2_3                             0x0800237c   Number         4  gy_87.o(.text.HMC5883L_setScale)
    __arm_cp.2_4                             0x08002380   Number         4  gy_87.o(.text.HMC5883L_setScale)
    __arm_cp.2_5                             0x08002384   Number         4  gy_87.o(.text.HMC5883L_setScale)
    __arm_cp.2_6                             0x08002388   Number         4  gy_87.o(.text.HMC5883L_setScale)
    __arm_cp.2_7                             0x0800238c   Number         4  gy_87.o(.text.HMC5883L_setScale)
    __arm_cp.2_8                             0x08002390   Number         4  gy_87.o(.text.HMC5883L_setScale)
    __arm_cp.2_9                             0x08002394   Number         4  gy_87.o(.text.HMC5883L_setScale)
    __arm_cp.2_10                            0x08002398   Number         4  gy_87.o(.text.HMC5883L_setScale)
    __arm_cp.2_11                            0x0800239c   Number         4  gy_87.o(.text.HMC5883L_setScale)
    __arm_cp.2_12                            0x080023a0   Number         4  gy_87.o(.text.HMC5883L_setScale)
    __arm_cp.2_13                            0x080023a4   Number         4  gy_87.o(.text.HMC5883L_setScale)
    __arm_cp.2_14                            0x080023a8   Number         4  gy_87.o(.text.HMC5883L_setScale)
    __arm_cp.2_15                            0x080023ac   Number         4  gy_87.o(.text.HMC5883L_setScale)
    __arm_cp.2_16                            0x080023b0   Number         4  gy_87.o(.text.HMC5883L_setScale)
    __arm_cp.2_17                            0x080023b4   Number         4  gy_87.o(.text.HMC5883L_setScale)
    __arm_cp.2_18                            0x080023b8   Number         4  gy_87.o(.text.HMC5883L_setScale)
    __arm_cp.2_19                            0x080023bc   Number         4  gy_87.o(.text.HMC5883L_setScale)
    __arm_cp.2_20                            0x080023c0   Number         4  gy_87.o(.text.HMC5883L_setScale)
    __arm_cp.2_21                            0x080023c4   Number         4  gy_87.o(.text.HMC5883L_setScale)
    __arm_cp.2_22                            0x080023c8   Number         4  gy_87.o(.text.HMC5883L_setScale)
    [Anonymous Symbol]                       0x080023cc   Section        0  stm32f0xx_it.o(.text.HardFault_Handler)
    I2C_Flush_TXDR                           0x080023cf   Thumb Code    28  stm32f0xx_hal_i2c.o(.text.I2C_Flush_TXDR)
    [Anonymous Symbol]                       0x080023ce   Section        0  stm32f0xx_hal_i2c.o(.text.I2C_Flush_TXDR)
    I2C_IsErrorOccurred                      0x080023ed   Thumb Code   268  stm32f0xx_hal_i2c.o(.text.I2C_IsErrorOccurred)
    [Anonymous Symbol]                       0x080023ec   Section        0  stm32f0xx_hal_i2c.o(.text.I2C_IsErrorOccurred)
    __arm_cp.78_0                            0x080024f4   Number         4  stm32f0xx_hal_i2c.o(.text.I2C_IsErrorOccurred)
    I2C_TransferConfig                       0x080024f9   Thumb Code    48  stm32f0xx_hal_i2c.o(.text.I2C_TransferConfig)
    [Anonymous Symbol]                       0x080024f8   Section        0  stm32f0xx_hal_i2c.o(.text.I2C_TransferConfig)
    __arm_cp.6_0                             0x08002520   Number         4  stm32f0xx_hal_i2c.o(.text.I2C_TransferConfig)
    __arm_cp.6_1                             0x08002524   Number         4  stm32f0xx_hal_i2c.o(.text.I2C_TransferConfig)
    I2C_WaitOnFlagUntilTimeout               0x08002529   Thumb Code   116  stm32f0xx_hal_i2c.o(.text.I2C_WaitOnFlagUntilTimeout)
    [Anonymous Symbol]                       0x08002528   Section        0  stm32f0xx_hal_i2c.o(.text.I2C_WaitOnFlagUntilTimeout)
    I2C_WaitOnSTOPFlagUntilTimeout           0x0800259d   Thumb Code    84  stm32f0xx_hal_i2c.o(.text.I2C_WaitOnSTOPFlagUntilTimeout)
    [Anonymous Symbol]                       0x0800259c   Section        0  stm32f0xx_hal_i2c.o(.text.I2C_WaitOnSTOPFlagUntilTimeout)
    I2C_WaitOnTXISFlagUntilTimeout           0x080025f1   Thumb Code    88  stm32f0xx_hal_i2c.o(.text.I2C_WaitOnTXISFlagUntilTimeout)
    [Anonymous Symbol]                       0x080025f0   Section        0  stm32f0xx_hal_i2c.o(.text.I2C_WaitOnTXISFlagUntilTimeout)
    [Anonymous Symbol]                       0x08002648   Section        0  gy_87.o(.text.MPU_Basic_Init)
    __arm_cp.1_0                             0x08002830   Number         4  gy_87.o(.text.MPU_Basic_Init)
    __arm_cp.1_1                             0x08002834   Number         4  gy_87.o(.text.MPU_Basic_Init)
    __arm_cp.1_2                             0x08002838   Number         4  gy_87.o(.text.MPU_Basic_Init)
    __arm_cp.1_3                             0x0800283c   Number         4  gy_87.o(.text.MPU_Basic_Init)
    __arm_cp.1_4                             0x08002840   Number         4  gy_87.o(.text.MPU_Basic_Init)
    [Anonymous Symbol]                       0x08002844   Section        0  gy_87.o(.text.MPU_Get_Accelerometer)
    [Anonymous Symbol]                       0x0800287c   Section        0  gy_87.o(.text.MPU_Get_Gyroscope)
    __arm_cp.4_0                             0x080028f4   Number         4  gy_87.o(.text.MPU_Get_Gyroscope)
    [Anonymous Symbol]                       0x080028f8   Section        0  gy_87.o(.text.MPU_Get_Magnetometer)
    __arm_cp.6_0                             0x08002974   Number         4  gy_87.o(.text.MPU_Get_Magnetometer)
    [Anonymous Symbol]                       0x08002978   Section        0  stm32f0xx_it.o(.text.NMI_Handler)
    [Anonymous Symbol]                       0x0800297a   Section        0  stm32f0xx_it.o(.text.PendSV_Handler)
    [Anonymous Symbol]                       0x0800297c   Section        0  stm32f0xx_it.o(.text.SVC_Handler)
    [Anonymous Symbol]                       0x0800297e   Section        0  stm32f0xx_it.o(.text.SysTick_Handler)
    [Anonymous Symbol]                       0x08002986   Section        0  main.o(.text.SystemClock_Config)
    [Anonymous Symbol]                       0x08002a0a   Section        0  system_stm32f0xx.o(.text.SystemInit)
    __NVIC_SetPriority                       0x08002a0d   Thumb Code    64  stm32f0xx_hal_cortex.o(.text.__NVIC_SetPriority)
    [Anonymous Symbol]                       0x08002a0c   Section        0  stm32f0xx_hal_cortex.o(.text.__NVIC_SetPriority)
    __arm_cp.1_0                             0x08002a44   Number         4  stm32f0xx_hal_cortex.o(.text.__NVIC_SetPriority)
    __arm_cp.1_1                             0x08002a48   Number         4  stm32f0xx_hal_cortex.o(.text.__NVIC_SetPriority)
    [Anonymous Symbol]                       0x08002a4c   Section        0  app_angle.o(.text.get_attitude_angle)
    __arm_cp.2_1                             0x08002f40   Number         4  app_angle.o(.text.get_attitude_angle)
    __arm_cp.2_2                             0x08002f44   Number         4  app_angle.o(.text.get_attitude_angle)
    __arm_cp.2_3                             0x08002f48   Number         4  app_angle.o(.text.get_attitude_angle)
    [Anonymous Symbol]                       0x08002f4c   Section        0  main.o(.text.main)
    __arm_cp.0_0                             0x08003000   Number         4  main.o(.text.main)
    __arm_cp.0_1                             0x08003004   Number         4  main.o(.text.main)
    __arm_cp.0_2                             0x08003008   Number         4  main.o(.text.main)
    __arm_cp.0_3                             0x0800300c   Number         4  main.o(.text.main)
    __arm_cp.0_4                             0x08003010   Number         4  main.o(.text.main)
    __arm_cp.0_5                             0x08003014   Number         4  main.o(.text.main)
    __arm_cp.0_6                             0x08003018   Number         4  main.o(.text.main)
    [Anonymous Symbol]                       0x0800301c   Section        0  app_angle.o(.text.q_rsqrt)
    __arm_cp.0_0                             0x0800304c   Number         4  app_angle.o(.text.q_rsqrt)
    [Anonymous Symbol]                       0x08003050   Section        0  app_angle.o(.text.reset_quaternion)
    __arm_cp.1_0                             0x08003064   Number         4  app_angle.o(.text.reset_quaternion)
    i.__ARM_fpclassify                       0x08003068   Section        0  fpclassify.o(i.__ARM_fpclassify)
    i.__ARM_fpclassifyf                      0x08003094   Section        0  fpclassifyf.o(i.__ARM_fpclassifyf)
    i.__kernel_poly                          0x080030b6   Section        0  poly.o(i.__kernel_poly)
    i.__mathlib_dbl_infnan                   0x08003162   Section        0  dunder.o(i.__mathlib_dbl_infnan)
    i.__mathlib_dbl_infnan2                  0x0800316c   Section        0  dunder.o(i.__mathlib_dbl_infnan2)
    i.__mathlib_dbl_invalid                  0x08003174   Section        0  dunder.o(i.__mathlib_dbl_invalid)
    i.__mathlib_dbl_underflow                0x08003184   Section        0  dunder.o(i.__mathlib_dbl_underflow)
    i.__mathlib_flt_infnan2                  0x08003198   Section        0  funder.o(i.__mathlib_flt_infnan2)
    i.__mathlib_flt_underflow                0x080031a0   Section        0  funder.o(i.__mathlib_flt_underflow)
    i._dgeq                                  0x080031ae   Section        0  dcmp.o(i._dgeq)
    i.asin                                   0x080031c4   Section        0  asin.o(i.asin)
    i.atan                                   0x08003438   Section        0  atan.o(i.atan)
    i.atan2                                  0x08003654   Section        0  atan2.o(i.atan2)
    i.atan2f                                 0x080037f0   Section        0  atan2f.o(i.atan2f)
    i.sqrt                                   0x08003a8c   Section        0  sqrt.o(i.sqrt)
    x$fpl$deqf                               0x08003ad4   Section      100  deqf.o(x$fpl$deqf)
    x$fpl$dgeqf                              0x08003b38   Section      100  dgef.o(x$fpl$dgeqf)
    x$fpl$fadd                               0x08003b9c   Section      140  faddsub.o(x$fpl$fadd)
    _fadd1                                   0x08003ba9   Thumb Code     0  faddsub.o(x$fpl$fadd)
    x$fpl$fmul                               0x08003c28   Section      176  fmul.o(x$fpl$fmul)
    x$fpl$frsb                               0x08003cd8   Section       24  faddsub.o(x$fpl$frsb)
    x$fpl$fsub                               0x08003cf0   Section      208  faddsub.o(x$fpl$fsub)
    _fsub1                                   0x08003cfd   Thumb Code     0  faddsub.o(x$fpl$fsub)
    ddiv_reciptbl                            0x08003dc0   Data         128  ddiv.o(.constdata)
    .constdata                               0x08003dc0   Section      128  ddiv.o(.constdata)
    x$fpl$usenofp                            0x08003dc0   Section        0  usenofp.o(x$fpl$usenofp)
    fdiv_tab                                 0x08003e40   Data          64  fdiv.o(.constdata)
    .constdata                               0x08003e40   Section       64  fdiv.o(.constdata)
    pS                                       0x08003e80   Data          48  asin.o(.constdata)
    .constdata                               0x08003e80   Section       80  asin.o(.constdata)
    qS                                       0x08003eb0   Data          32  asin.o(.constdata)
    atanhi                                   0x08003ed0   Data          32  atan.o(.constdata)
    .constdata                               0x08003ed0   Section      152  atan.o(.constdata)
    atanlo                                   0x08003ef0   Data          32  atan.o(.constdata)
    aTodd                                    0x08003f10   Data          40  atan.o(.constdata)
    aTeven                                   0x08003f38   Data          48  atan.o(.constdata)
    .constdata                               0x08003f68   Section        8  qnan.o(.constdata)
    [Anonymous Symbol]                       0x20000000   Section        0  stm32f0xx_hal.o(.data..L_MergedGlobals)
    .bss                                     0x20000020   Section       96  libspace.o(.bss)
    [Anonymous Symbol]                       0x20000080   Section        0  gy_87.o(.bss..L_MergedGlobals)
    [Anonymous Symbol]                       0x200000b4   Section        0  app_angle.o(.bss..L_MergedGlobals)
    get_attitude_angle.GyroIntegError.0      0x200000c0   Data           4  app_angle.o(.bss..L_MergedGlobals)
    get_attitude_angle.GyroIntegError.1      0x200000c4   Data           4  app_angle.o(.bss..L_MergedGlobals)
    get_attitude_angle.GyroIntegError.2      0x200000c8   Data           4  app_angle.o(.bss..L_MergedGlobals)
    Heap_Mem                                 0x20000198   Data         512  startup_stm32f030x6.o(HEAP)
    HEAP                                     0x20000198   Section      512  startup_stm32f030x6.o(HEAP)
    Stack_Mem                                0x20000398   Data        1024  startup_stm32f030x6.o(STACK)
    STACK                                    0x20000398   Section     1024  startup_stm32f030x6.o(STACK)
    __initial_sp                             0x20000798   Data           0  startup_stm32f030x6.o(STACK)

    Global Symbols

    Symbol Name                              Value     Ov Type        Size  Object(Section)

    BuildAttributes$$THM_ISAv3M$S$PE$A:L22$X:L11$S22$IEEE1$IW$~IW$USESV6$~STKCKD$USESV7$~SHL$OTIME$ROPI$IEEEX$EBA8$UX$STANDARDLIB$REQ8$PRES8$EABIv2 0x00000000   Number         0  anon$$obj.o ABSOLUTE
    __ARM_exceptions_init                     - Undefined Weak Reference
    __alloca_initialize                       - Undefined Weak Reference
    __arm_preinit_                            - Undefined Weak Reference
    __cpp_initialize__aeabi_                  - Undefined Weak Reference
    __cxa_finalize                            - Undefined Weak Reference
    __rt_locale                               - Undefined Weak Reference
    __sigvec_lookup                           - Undefined Weak Reference
    _atexit_init                              - Undefined Weak Reference
    _call_atexit_fns                          - Undefined Weak Reference
    _clock_init                               - Undefined Weak Reference
    _fp_trap_init                             - Undefined Weak Reference
    _fp_trap_shutdown                         - Undefined Weak Reference
    _get_lc_collate                           - Undefined Weak Reference
    _get_lc_ctype                             - Undefined Weak Reference
    _get_lc_monetary                          - Undefined Weak Reference
    _get_lc_numeric                           - Undefined Weak Reference
    _get_lc_time                              - Undefined Weak Reference
    _getenv_init                              - Undefined Weak Reference
    _handle_redirection                       - Undefined Weak Reference
    _init_alloc                               - Undefined Weak Reference
    _init_user_alloc                          - Undefined Weak Reference
    _initio                                   - Undefined Weak Reference
    _rand_init                                - Undefined Weak Reference
    _signal_finish                            - Undefined Weak Reference
    _signal_init                              - Undefined Weak Reference
    _terminate_alloc                          - Undefined Weak Reference
    _terminate_user_alloc                     - Undefined Weak Reference
    _terminateio                              - Undefined Weak Reference
    __Vectors_Size                           0x000000b0   Number         0  startup_stm32f030x6.o ABSOLUTE
    __Vectors                                0x08000000   Data           4  startup_stm32f030x6.o(RESET)
    __Vectors_End                            0x080000b0   Data           0  startup_stm32f030x6.o(RESET)
    __main                                   0x080000b1   Thumb Code     8  __main.o(!!!main)
    __scatterload                            0x080000b9   Thumb Code     0  __scatter.o(!!!scatter)
    __scatterload_rt2                        0x080000b9   Thumb Code    52  __scatter.o(!!!scatter)
    __scatterload_rt2_thumb_only             0x080000b9   Thumb Code     0  __scatter.o(!!!scatter)
    __scatterload_null                       0x080000c9   Thumb Code     0  __scatter.o(!!!scatter)
    __scatterload_copy                       0x080000f5   Thumb Code    26  __scatter_copy.o(!!handler_copy)
    __scatterload_zeroinit                   0x08000111   Thumb Code    28  __scatter_zi.o(!!handler_zi)
    __rt_lib_init                            0x0800012d   Thumb Code     0  libinit.o(.ARM.Collect$$libinit$$00000000)
    __rt_lib_init_alloca_1                   0x0800012f   Thumb Code     0  libinit2.o(.ARM.Collect$$libinit$$0000002E)
    __rt_lib_init_argv_1                     0x0800012f   Thumb Code     0  libinit2.o(.ARM.Collect$$libinit$$0000002C)
    __rt_lib_init_atexit_1                   0x0800012f   Thumb Code     0  libinit2.o(.ARM.Collect$$libinit$$0000001B)
    __rt_lib_init_clock_1                    0x0800012f   Thumb Code     0  libinit2.o(.ARM.Collect$$libinit$$00000021)
    __rt_lib_init_cpp_1                      0x0800012f   Thumb Code     0  libinit2.o(.ARM.Collect$$libinit$$00000032)
    __rt_lib_init_exceptions_1               0x0800012f   Thumb Code     0  libinit2.o(.ARM.Collect$$libinit$$00000030)
    __rt_lib_init_fp_1                       0x0800012f   Thumb Code     0  libinit2.o(.ARM.Collect$$libinit$$00000002)
    __rt_lib_init_fp_trap_1                  0x0800012f   Thumb Code     0  libinit2.o(.ARM.Collect$$libinit$$0000001F)
    __rt_lib_init_getenv_1                   0x0800012f   Thumb Code     0  libinit2.o(.ARM.Collect$$libinit$$00000023)
    __rt_lib_init_heap_1                     0x0800012f   Thumb Code     0  libinit2.o(.ARM.Collect$$libinit$$0000000A)
    __rt_lib_init_lc_collate_1               0x0800012f   Thumb Code     0  libinit2.o(.ARM.Collect$$libinit$$00000011)
    __rt_lib_init_lc_ctype_1                 0x0800012f   Thumb Code     0  libinit2.o(.ARM.Collect$$libinit$$00000013)
    __rt_lib_init_lc_monetary_1              0x0800012f   Thumb Code     0  libinit2.o(.ARM.Collect$$libinit$$00000015)
    __rt_lib_init_lc_numeric_1               0x0800012f   Thumb Code     0  libinit2.o(.ARM.Collect$$libinit$$00000017)
    __rt_lib_init_lc_time_1                  0x0800012f   Thumb Code     0  libinit2.o(.ARM.Collect$$libinit$$00000019)
    __rt_lib_init_preinit_1                  0x0800012f   Thumb Code     0  libinit2.o(.ARM.Collect$$libinit$$00000004)
    __rt_lib_init_rand_1                     0x0800012f   Thumb Code     0  libinit2.o(.ARM.Collect$$libinit$$0000000E)
    __rt_lib_init_return                     0x0800012f   Thumb Code     0  libinit2.o(.ARM.Collect$$libinit$$00000033)
    __rt_lib_init_signal_1                   0x0800012f   Thumb Code     0  libinit2.o(.ARM.Collect$$libinit$$0000001D)
    __rt_lib_init_stdio_1                    0x0800012f   Thumb Code     0  libinit2.o(.ARM.Collect$$libinit$$00000025)
    __rt_lib_init_user_alloc_1               0x0800012f   Thumb Code     0  libinit2.o(.ARM.Collect$$libinit$$0000000C)
    __rt_lib_shutdown                        0x08000131   Thumb Code     0  libshutdown.o(.ARM.Collect$$libshutdown$$00000000)
    __rt_lib_shutdown_cpp_1                  0x08000133   Thumb Code     0  libshutdown2.o(.ARM.Collect$$libshutdown$$00000002)
    __rt_lib_shutdown_fp_trap_1              0x08000133   Thumb Code     0  libshutdown2.o(.ARM.Collect$$libshutdown$$00000007)
    __rt_lib_shutdown_heap_1                 0x08000133   Thumb Code     0  libshutdown2.o(.ARM.Collect$$libshutdown$$0000000F)
    __rt_lib_shutdown_return                 0x08000133   Thumb Code     0  libshutdown2.o(.ARM.Collect$$libshutdown$$00000010)
    __rt_lib_shutdown_signal_1               0x08000133   Thumb Code     0  libshutdown2.o(.ARM.Collect$$libshutdown$$0000000A)
    __rt_lib_shutdown_stdio_1                0x08000133   Thumb Code     0  libshutdown2.o(.ARM.Collect$$libshutdown$$00000004)
    __rt_lib_shutdown_user_alloc_1           0x08000133   Thumb Code     0  libshutdown2.o(.ARM.Collect$$libshutdown$$0000000C)
    __rt_entry                               0x08000135   Thumb Code     0  __rtentry.o(.ARM.Collect$$rtentry$$00000000)
    __rt_entry_presh_1                       0x08000135   Thumb Code     0  __rtentry2.o(.ARM.Collect$$rtentry$$00000002)
    __rt_entry_sh                            0x08000135   Thumb Code     0  __rtentry4.o(.ARM.Collect$$rtentry$$00000004)
    __rt_entry_li                            0x0800013b   Thumb Code     0  __rtentry2.o(.ARM.Collect$$rtentry$$0000000A)
    __rt_entry_postsh_1                      0x0800013b   Thumb Code     0  __rtentry2.o(.ARM.Collect$$rtentry$$00000009)
    __rt_entry_main                          0x0800013f   Thumb Code     0  __rtentry2.o(.ARM.Collect$$rtentry$$0000000D)
    __rt_entry_postli_1                      0x0800013f   Thumb Code     0  __rtentry2.o(.ARM.Collect$$rtentry$$0000000C)
    __rt_exit                                0x08000147   Thumb Code     0  rtexit.o(.ARM.Collect$$rtexit$$00000000)
    __rt_exit_ls                             0x08000149   Thumb Code     0  rtexit2.o(.ARM.Collect$$rtexit$$00000003)
    __rt_exit_prels_1                        0x08000149   Thumb Code     0  rtexit2.o(.ARM.Collect$$rtexit$$00000002)
    __rt_exit_exit                           0x0800014d   Thumb Code     0  rtexit2.o(.ARM.Collect$$rtexit$$00000004)
    Reset_Handler                            0x08000155   Thumb Code     8  startup_stm32f030x6.o(.text)
    ADC1_IRQHandler                          0x08000167   Thumb Code     0  startup_stm32f030x6.o(.text)
    DMA1_Channel1_IRQHandler                 0x08000167   Thumb Code     0  startup_stm32f030x6.o(.text)
    DMA1_Channel2_3_IRQHandler               0x08000167   Thumb Code     0  startup_stm32f030x6.o(.text)
    DMA1_Channel4_5_IRQHandler               0x08000167   Thumb Code     0  startup_stm32f030x6.o(.text)
    EXTI0_1_IRQHandler                       0x08000167   Thumb Code     0  startup_stm32f030x6.o(.text)
    EXTI2_3_IRQHandler                       0x08000167   Thumb Code     0  startup_stm32f030x6.o(.text)
    EXTI4_15_IRQHandler                      0x08000167   Thumb Code     0  startup_stm32f030x6.o(.text)
    FLASH_IRQHandler                         0x08000167   Thumb Code     0  startup_stm32f030x6.o(.text)
    I2C1_IRQHandler                          0x08000167   Thumb Code     0  startup_stm32f030x6.o(.text)
    RCC_IRQHandler                           0x08000167   Thumb Code     0  startup_stm32f030x6.o(.text)
    RTC_IRQHandler                           0x08000167   Thumb Code     0  startup_stm32f030x6.o(.text)
    SPI1_IRQHandler                          0x08000167   Thumb Code     0  startup_stm32f030x6.o(.text)
    TIM14_IRQHandler                         0x08000167   Thumb Code     0  startup_stm32f030x6.o(.text)
    TIM16_IRQHandler                         0x08000167   Thumb Code     0  startup_stm32f030x6.o(.text)
    TIM17_IRQHandler                         0x08000167   Thumb Code     0  startup_stm32f030x6.o(.text)
    TIM1_BRK_UP_TRG_COM_IRQHandler           0x08000167   Thumb Code     0  startup_stm32f030x6.o(.text)
    TIM1_CC_IRQHandler                       0x08000167   Thumb Code     0  startup_stm32f030x6.o(.text)
    TIM3_IRQHandler                          0x08000167   Thumb Code     0  startup_stm32f030x6.o(.text)
    USART1_IRQHandler                        0x08000167   Thumb Code     0  startup_stm32f030x6.o(.text)
    WWDG_IRQHandler                          0x08000167   Thumb Code     0  startup_stm32f030x6.o(.text)
    __user_initial_stackheap                 0x08000169   Thumb Code     0  startup_stm32f030x6.o(.text)
    _memset_w                                0x0800018d   Thumb Code    26  rt_memclr.o(.text)
    _memset                                  0x080001a7   Thumb Code    30  rt_memclr.o(.text)
    __aeabi_memclr                           0x080001c5   Thumb Code     4  rt_memclr.o(.text)
    __rt_memclr                              0x080001c5   Thumb Code     0  rt_memclr.o(.text)
    __aeabi_memclr4                          0x080001c9   Thumb Code     0  rt_memclr.o(.text)
    __aeabi_memclr8                          0x080001c9   Thumb Code     0  rt_memclr.o(.text)
    __rt_memclr_w                            0x080001c9   Thumb Code     4  rt_memclr.o(.text)
    __aeabi_uidiv                            0x080001cd   Thumb Code     0  aeabi_sdiv.o(.text)
    __aeabi_uidivmod                         0x080001cd   Thumb Code    20  aeabi_sdiv.o(.text)
    __aeabi_idiv                             0x080001e1   Thumb Code     0  aeabi_sdiv.o(.text)
    __aeabi_idivmod                          0x080001e1   Thumb Code   338  aeabi_sdiv.o(.text)
    __use_two_region_memory                  0x08000339   Thumb Code     2  heapauxi.o(.text)
    __rt_heap_escrow$2region                 0x0800033b   Thumb Code     2  heapauxi.o(.text)
    __rt_heap_expand$2region                 0x0800033d   Thumb Code     2  heapauxi.o(.text)
    __aeabi_d2f                              0x08000341   Thumb Code     0  d2f.o(.text)
    _d2f                                     0x08000341   Thumb Code   120  d2f.o(.text)
    __aeabi_dadd                             0x080006b5   Thumb Code     0  daddsub.o(.text)
    _dadd                                    0x080006b5   Thumb Code    26  daddsub.o(.text)
    __aeabi_dsub                             0x080006cf   Thumb Code     0  daddsub.o(.text)
    _dsub                                    0x080006cf   Thumb Code    22  daddsub.o(.text)
    __aeabi_drsub                            0x080006e5   Thumb Code     0  daddsub.o(.text)
    _drsb                                    0x080006e5   Thumb Code    28  daddsub.o(.text)
    __aeabi_ddiv                             0x08000715   Thumb Code     0  ddiv.o(.text)
    _ddiv                                    0x08000715   Thumb Code  1072  ddiv.o(.text)
    _drdiv                                   0x08000b45   Thumb Code    20  ddiv.o(.text)
    __aeabi_dmul                             0x08000b5d   Thumb Code     0  dmul.o(.text)
    _dmul                                    0x08000b5d   Thumb Code   558  dmul.o(.text)
    __aeabi_f2d                              0x08000da5   Thumb Code     0  f2d.o(.text)
    _f2d                                     0x08000da5   Thumb Code    80  f2d.o(.text)
    __aeabi_fdiv                             0x08000df9   Thumb Code     0  fdiv.o(.text)
    _fdiv                                    0x08000df9   Thumb Code   334  fdiv.o(.text)
    _frdiv                                   0x08000f47   Thumb Code     8  fdiv.o(.text)
    __aeabi_f2iz                             0x08000f59   Thumb Code     0  ffixi.o(.text)
    _ffix                                    0x08000f59   Thumb Code    76  ffixi.o(.text)
    __aeabi_i2f_normalise                    0x08000fa5   Thumb Code    72  fflti.o(.text)
    __aeabi_i2f                              0x08000fed   Thumb Code    16  fflti.o(.text)
    _fflt                                    0x08000fed   Thumb Code     0  fflti.o(.text)
    __aeabi_ui2f                             0x08000ffd   Thumb Code     6  fflti.o(.text)
    _ffltu                                   0x08000ffd   Thumb Code     0  fflti.o(.text)
    __read_errno                             0x08001003   Thumb Code    10  _rserrno.o(.text)
    __set_errno                              0x0800100d   Thumb Code    12  _rserrno.o(.text)
    __ARM_scalbn                             0x08001019   Thumb Code    84  dscalbn.o(.text)
    _dsqrt                                   0x08001079   Thumb Code   248  dsqrt.o(.text)
    __aeabi_errno_addr                       0x08001179   Thumb Code     8  rt_errno_addr_intlibspace.o(.text)
    __errno$intlibspace                      0x08001179   Thumb Code     0  rt_errno_addr_intlibspace.o(.text)
    __rt_errno_addr$intlibspace              0x08001179   Thumb Code     0  rt_errno_addr_intlibspace.o(.text)
    __fpl_dcmp_InfNaN                        0x08001181   Thumb Code   154  dcmpin.o(.text)
    __ARM_scalbnf                            0x08001221   Thumb Code    64  fscalbn.o(.text)
    __user_libspace                          0x08001265   Thumb Code     8  libspace.o(.text)
    __user_perproc_libspace                  0x08001265   Thumb Code     0  libspace.o(.text)
    __user_perthread_libspace                0x08001265   Thumb Code     0  libspace.o(.text)
    __user_setup_stackheap                   0x0800126d   Thumb Code    62  sys_stackheap_outer.o(.text)
    exit                                     0x080012ab   Thumb Code    16  exit.o(.text)
    __fpl_cmpreturn                          0x080012bb   Thumb Code    46  cmpret.o(.text)
    __fpl_dcheck_NaN2                        0x080012e9   Thumb Code    14  dnan2.o(.text)
    __fpl_return_NaN                         0x080012fd   Thumb Code    94  retnan.o(.text)
    _sys_exit                                0x0800135d   Thumb Code     8  sys_exit.o(.text)
    __I$use$semihosting                      0x08001369   Thumb Code     0  use_no_semi.o(.text)
    __use_no_semihosting_swi                 0x08001369   Thumb Code     2  use_no_semi.o(.text)
    __semihosting_library_function           0x0800136b   Thumb Code     0  indicate_semi.o(.text)
    Gy87_Init                                0x0800136d   Thumb Code    64  gy_87.o(.text.Gy87_Init)
    Gy_87_Read_Data_Handle                   0x080013ad   Thumb Code   112  gy_87.o(.text.Gy_87_Read_Data_Handle)
    HAL_Delay                                0x0800141d   Thumb Code    36  stm32f0xx_hal.o(.text.HAL_Delay)
    HAL_GPIO_Init                            0x08001441   Thumb Code   412  stm32f0xx_hal_gpio.o(.text.HAL_GPIO_Init)
    HAL_GetTick                              0x080015dd   Thumb Code    12  stm32f0xx_hal.o(.text.HAL_GetTick)
    HAL_I2CEx_ConfigAnalogFilter             0x080015e9   Thumb Code    68  stm32f0xx_hal_i2c_ex.o(.text.HAL_I2CEx_ConfigAnalogFilter)
    HAL_I2CEx_ConfigDigitalFilter            0x0800162d   Thumb Code    68  stm32f0xx_hal_i2c_ex.o(.text.HAL_I2CEx_ConfigDigitalFilter)
    HAL_I2C_Init                             0x08001671   Thumb Code   176  stm32f0xx_hal_i2c.o(.text.HAL_I2C_Init)
    HAL_I2C_Mem_Read                         0x08001721   Thumb Code   424  stm32f0xx_hal_i2c.o(.text.HAL_I2C_Mem_Read)
    HAL_I2C_Mem_Write                        0x080018c9   Thumb Code   436  stm32f0xx_hal_i2c.o(.text.HAL_I2C_Mem_Write)
    HAL_I2C_MspInit                          0x08001a7d   Thumb Code   100  stm32f0xx_hal_msp.o(.text.HAL_I2C_MspInit)
    HAL_IncTick                              0x08001ae1   Thumb Code    20  stm32f0xx_hal.o(.text.HAL_IncTick)
    HAL_Init                                 0x08001af5   Thumb Code    28  stm32f0xx_hal.o(.text.HAL_Init)
    HAL_InitTick                             0x08001b11   Thumb Code    64  stm32f0xx_hal.o(.text.HAL_InitTick)
    HAL_MspInit                              0x08001b51   Thumb Code    44  stm32f0xx_hal_msp.o(.text.HAL_MspInit)
    HAL_NVIC_SetPriority                     0x08001b7d   Thumb Code     8  stm32f0xx_hal_cortex.o(.text.HAL_NVIC_SetPriority)
    HAL_RCCEx_PeriphCLKConfig                0x08001b85   Thumb Code   252  stm32f0xx_hal_rcc_ex.o(.text.HAL_RCCEx_PeriphCLKConfig)
    HAL_RCC_ClockConfig                      0x08001c81   Thumb Code   276  stm32f0xx_hal_rcc.o(.text.HAL_RCC_ClockConfig)
    HAL_RCC_GetSysClockFreq                  0x08001d95   Thumb Code   100  stm32f0xx_hal_rcc.o(.text.HAL_RCC_GetSysClockFreq)
    HAL_RCC_OscConfig                        0x08001df9   Thumb Code   988  stm32f0xx_hal_rcc.o(.text.HAL_RCC_OscConfig)
    HAL_SYSTICK_Config                       0x080021d5   Thumb Code    52  stm32f0xx_hal_cortex.o(.text.HAL_SYSTICK_Config)
    HMC5883L_setScale                        0x08002209   Thumb Code   452  gy_87.o(.text.HMC5883L_setScale)
    HardFault_Handler                        0x080023cd   Thumb Code     2  stm32f0xx_it.o(.text.HardFault_Handler)
    MPU_Basic_Init                           0x08002649   Thumb Code   508  gy_87.o(.text.MPU_Basic_Init)
    MPU_Get_Accelerometer                    0x08002845   Thumb Code    56  gy_87.o(.text.MPU_Get_Accelerometer)
    MPU_Get_Gyroscope                        0x0800287d   Thumb Code   124  gy_87.o(.text.MPU_Get_Gyroscope)
    MPU_Get_Magnetometer                     0x080028f9   Thumb Code   128  gy_87.o(.text.MPU_Get_Magnetometer)
    NMI_Handler                              0x08002979   Thumb Code     2  stm32f0xx_it.o(.text.NMI_Handler)
    PendSV_Handler                           0x0800297b   Thumb Code     2  stm32f0xx_it.o(.text.PendSV_Handler)
    SVC_Handler                              0x0800297d   Thumb Code     2  stm32f0xx_it.o(.text.SVC_Handler)
    SysTick_Handler                          0x0800297f   Thumb Code     8  stm32f0xx_it.o(.text.SysTick_Handler)
    SystemClock_Config                       0x08002987   Thumb Code   132  main.o(.text.SystemClock_Config)
    SystemInit                               0x08002a0b   Thumb Code     2  system_stm32f0xx.o(.text.SystemInit)
    get_attitude_angle                       0x08002a4d   Thumb Code  1280  app_angle.o(.text.get_attitude_angle)
    main                                     0x08002f4d   Thumb Code   208  main.o(.text.main)
    q_rsqrt                                  0x0800301d   Thumb Code    52  app_angle.o(.text.q_rsqrt)
    reset_quaternion                         0x08003051   Thumb Code    24  app_angle.o(.text.reset_quaternion)
    __ARM_fpclassify                         0x08003069   Thumb Code    40  fpclassify.o(i.__ARM_fpclassify)
    __ARM_fpclassifyf                        0x08003095   Thumb Code    34  fpclassifyf.o(i.__ARM_fpclassifyf)
    __kernel_poly                            0x080030b7   Thumb Code   172  poly.o(i.__kernel_poly)
    __mathlib_dbl_infnan                     0x08003163   Thumb Code    10  dunder.o(i.__mathlib_dbl_infnan)
    __mathlib_dbl_infnan2                    0x0800316d   Thumb Code     8  dunder.o(i.__mathlib_dbl_infnan2)
    __mathlib_dbl_invalid                    0x08003175   Thumb Code    16  dunder.o(i.__mathlib_dbl_invalid)
    __mathlib_dbl_underflow                  0x08003185   Thumb Code    14  dunder.o(i.__mathlib_dbl_underflow)
    __mathlib_flt_infnan2                    0x08003199   Thumb Code     8  funder.o(i.__mathlib_flt_infnan2)
    __mathlib_flt_underflow                  0x080031a1   Thumb Code    14  funder.o(i.__mathlib_flt_underflow)
    __aeabi_dcmpge                           0x080031af   Thumb Code     0  dcmp.o(i._dgeq)
    _dgeq                                    0x080031af   Thumb Code    22  dcmp.o(i._dgeq)
    asin                                     0x080031c5   Thumb Code   574  asin.o(i.asin)
    atan                                     0x08003439   Thumb Code   472  atan.o(i.atan)
    atan2                                    0x08003655   Thumb Code   372  atan2.o(i.atan2)
    atan2f                                   0x080037f1   Thumb Code   592  atan2f.o(i.atan2f)
    sqrt                                     0x08003a8d   Thumb Code    66  sqrt.o(i.sqrt)
    __aeabi_cdcmpeq                          0x08003ad5   Thumb Code     0  deqf.o(x$fpl$deqf)
    _dcmpeq                                  0x08003ad5   Thumb Code    94  deqf.o(x$fpl$deqf)
    _dcmpge                                  0x08003b39   Thumb Code    94  dgef.o(x$fpl$dgeqf)
    __aeabi_fadd                             0x08003b9d   Thumb Code     0  faddsub.o(x$fpl$fadd)
    _fadd                                    0x08003b9d   Thumb Code   134  faddsub.o(x$fpl$fadd)
    __aeabi_fmul                             0x08003c29   Thumb Code     0  fmul.o(x$fpl$fmul)
    _fmul                                    0x08003c29   Thumb Code   172  fmul.o(x$fpl$fmul)
    __aeabi_frsub                            0x08003cd9   Thumb Code     0  faddsub.o(x$fpl$frsb)
    _frsb                                    0x08003cd9   Thumb Code    24  faddsub.o(x$fpl$frsb)
    __aeabi_fsub                             0x08003cf1   Thumb Code     0  faddsub.o(x$fpl$fsub)
    _fsub                                    0x08003cf1   Thumb Code   204  faddsub.o(x$fpl$fsub)
    __I$use$fp                               0x08003dc0   Number         0  usenofp.o(x$fpl$usenofp)
    __mathlib_zero                           0x08003f68   Data           8  qnan.o(.constdata)
    AHBPrescTable                            0x08003f70   Data          16  system_stm32f0xx.o(.rodata.AHBPrescTable)
    Region$$Table$$Base                      0x08003f80   Number         0  anon$$obj.o(Region$$Table)
    Region$$Table$$Limit                     0x08003fa0   Number         0  anon$$obj.o(Region$$Table)
    uwTickFreq                               0x20000000   Data           1  stm32f0xx_hal.o(.data..L_MergedGlobals)
    uwTickPrio                               0x20000004   Data           4  stm32f0xx_hal.o(.data..L_MergedGlobals)
    NumQ                                     0x20000008   Data          16  app_angle.o(.data.NumQ)
    SystemCoreClock                          0x20000018   Data           4  system_stm32f0xx.o(.data.SystemCoreClock)
    __libspace_start                         0x20000020   Data          96  libspace.o(.bss)
    __temporary_stack_top$libspace           0x20000080   Data           0  libspace.o(.bss)
    res_2                                    0x20000080   Data           1  gy_87.o(.bss..L_MergedGlobals)
    Deviation_Count                          0x20000084   Data           4  gy_87.o(.bss..L_MergedGlobals)
    Deviation_gyro                           0x20000088   Data           6  gy_87.o(.bss..L_MergedGlobals)
    Original_gyro                            0x2000008e   Data           6  gy_87.o(.bss..L_MergedGlobals)
    mpu_data                                 0x20000094   Data          32  gy_87.o(.bss..L_MergedGlobals)
    vecxZ                                    0x200000b4   Data           4  app_angle.o(.bss..L_MergedGlobals)
    vecyZ                                    0x200000b8   Data           4  app_angle.o(.bss..L_MergedGlobals)
    veczZ                                    0x200000bc   Data           4  app_angle.o(.bss..L_MergedGlobals)
    Gravity                                  0x200000cc   Data          12  app_angle.o(.bss..L_MergedGlobals)
    Acc                                      0x200000d8   Data          12  app_angle.o(.bss..L_MergedGlobals)
    AccGravity                               0x200000e4   Data          12  app_angle.o(.bss..L_MergedGlobals)
    Gyro                                     0x200000f0   Data          12  app_angle.o(.bss..L_MergedGlobals)
    g_attitude                               0x200000fc   Data          12  app_angle.o(.bss.g_attitude)
    g_imu_data                               0x20000108   Data          48  app_angle.o(.bss.g_imu_data)
    hi2c1                                    0x20000138   Data          84  main.o(.bss.hi2c1)
    m_Scale                                  0x2000018c   Data           4  gy_87.o(.bss.m_Scale)
    res                                      0x20000190   Data           1  gy_87.o(.bss.res)
    uwTick                                   0x20000194   Data           4  stm32f0xx_hal.o(.bss.uwTick)



==============================================================================

Memory Map of the image

  Image Entry point : 0x080000b1

  Load Region LR_IROM1 (Base: 0x08000000, Size: 0x00003fc0, Max: 0x00008000, ABSOLUTE)

    Execution Region ER_IROM1 (Exec base: 0x08000000, Load base: 0x08000000, Size: 0x00003fa0, Max: 0x00008000, ABSOLUTE)

    Exec Addr    Load Addr    Size         Type   Attr      Idx    E Section Name        Object

    0x08000000   0x08000000   0x000000b0   Data   RO            3    RESET               startup_stm32f030x6.o
    0x080000b0   0x080000b0   0x00000008   Code   RO          697  * !!!main             c_p.l(__main.o)
    0x080000b8   0x080000b8   0x0000003c   Code   RO         1041    !!!scatter          c_p.l(__scatter.o)
    0x080000f4   0x080000f4   0x0000001a   Code   RO         1043    !!handler_copy      c_p.l(__scatter_copy.o)
    0x0800010e   0x0800010e   0x00000002   PAD
    0x08000110   0x08000110   0x0000001c   Code   RO         1045    !!handler_zi        c_p.l(__scatter_zi.o)
    0x0800012c   0x0800012c   0x00000002   Code   RO          899    .ARM.Collect$$libinit$$00000000  c_p.l(libinit.o)
    0x0800012e   0x0800012e   0x00000000   Code   RO          916    .ARM.Collect$$libinit$$00000002  c_p.l(libinit2.o)
    0x0800012e   0x0800012e   0x00000000   Code   RO          918    .ARM.Collect$$libinit$$00000004  c_p.l(libinit2.o)
    0x0800012e   0x0800012e   0x00000000   Code   RO          921    .ARM.Collect$$libinit$$0000000A  c_p.l(libinit2.o)
    0x0800012e   0x0800012e   0x00000000   Code   RO          923    .ARM.Collect$$libinit$$0000000C  c_p.l(libinit2.o)
    0x0800012e   0x0800012e   0x00000000   Code   RO          925    .ARM.Collect$$libinit$$0000000E  c_p.l(libinit2.o)
    0x0800012e   0x0800012e   0x00000000   Code   RO          928    .ARM.Collect$$libinit$$00000011  c_p.l(libinit2.o)
    0x0800012e   0x0800012e   0x00000000   Code   RO          930    .ARM.Collect$$libinit$$00000013  c_p.l(libinit2.o)
    0x0800012e   0x0800012e   0x00000000   Code   RO          932    .ARM.Collect$$libinit$$00000015  c_p.l(libinit2.o)
    0x0800012e   0x0800012e   0x00000000   Code   RO          934    .ARM.Collect$$libinit$$00000017  c_p.l(libinit2.o)
    0x0800012e   0x0800012e   0x00000000   Code   RO          936    .ARM.Collect$$libinit$$00000019  c_p.l(libinit2.o)
    0x0800012e   0x0800012e   0x00000000   Code   RO          938    .ARM.Collect$$libinit$$0000001B  c_p.l(libinit2.o)
    0x0800012e   0x0800012e   0x00000000   Code   RO          940    .ARM.Collect$$libinit$$0000001D  c_p.l(libinit2.o)
    0x0800012e   0x0800012e   0x00000000   Code   RO          942    .ARM.Collect$$libinit$$0000001F  c_p.l(libinit2.o)
    0x0800012e   0x0800012e   0x00000000   Code   RO          944    .ARM.Collect$$libinit$$00000021  c_p.l(libinit2.o)
    0x0800012e   0x0800012e   0x00000000   Code   RO          946    .ARM.Collect$$libinit$$00000023  c_p.l(libinit2.o)
    0x0800012e   0x0800012e   0x00000000   Code   RO          948    .ARM.Collect$$libinit$$00000025  c_p.l(libinit2.o)
    0x0800012e   0x0800012e   0x00000000   Code   RO          952    .ARM.Collect$$libinit$$0000002C  c_p.l(libinit2.o)
    0x0800012e   0x0800012e   0x00000000   Code   RO          954    .ARM.Collect$$libinit$$0000002E  c_p.l(libinit2.o)
    0x0800012e   0x0800012e   0x00000000   Code   RO          956    .ARM.Collect$$libinit$$00000030  c_p.l(libinit2.o)
    0x0800012e   0x0800012e   0x00000000   Code   RO          958    .ARM.Collect$$libinit$$00000032  c_p.l(libinit2.o)
    0x0800012e   0x0800012e   0x00000002   Code   RO          959    .ARM.Collect$$libinit$$00000033  c_p.l(libinit2.o)
    0x08000130   0x08000130   0x00000002   Code   RO          996    .ARM.Collect$$libshutdown$$00000000  c_p.l(libshutdown.o)
    0x08000132   0x08000132   0x00000000   Code   RO         1024    .ARM.Collect$$libshutdown$$00000002  c_p.l(libshutdown2.o)
    0x08000132   0x08000132   0x00000000   Code   RO         1026    .ARM.Collect$$libshutdown$$00000004  c_p.l(libshutdown2.o)
    0x08000132   0x08000132   0x00000000   Code   RO         1029    .ARM.Collect$$libshutdown$$00000007  c_p.l(libshutdown2.o)
    0x08000132   0x08000132   0x00000000   Code   RO         1032    .ARM.Collect$$libshutdown$$0000000A  c_p.l(libshutdown2.o)
    0x08000132   0x08000132   0x00000000   Code   RO         1034    .ARM.Collect$$libshutdown$$0000000C  c_p.l(libshutdown2.o)
    0x08000132   0x08000132   0x00000000   Code   RO         1037    .ARM.Collect$$libshutdown$$0000000F  c_p.l(libshutdown2.o)
    0x08000132   0x08000132   0x00000002   Code   RO         1038    .ARM.Collect$$libshutdown$$00000010  c_p.l(libshutdown2.o)
    0x08000134   0x08000134   0x00000000   Code   RO          795    .ARM.Collect$$rtentry$$00000000  c_p.l(__rtentry.o)
    0x08000134   0x08000134   0x00000000   Code   RO          855    .ARM.Collect$$rtentry$$00000002  c_p.l(__rtentry2.o)
    0x08000134   0x08000134   0x00000006   Code   RO          867    .ARM.Collect$$rtentry$$00000004  c_p.l(__rtentry4.o)
    0x0800013a   0x0800013a   0x00000000   Code   RO          857    .ARM.Collect$$rtentry$$00000009  c_p.l(__rtentry2.o)
    0x0800013a   0x0800013a   0x00000004   Code   RO          858    .ARM.Collect$$rtentry$$0000000A  c_p.l(__rtentry2.o)
    0x0800013e   0x0800013e   0x00000000   Code   RO          860    .ARM.Collect$$rtentry$$0000000C  c_p.l(__rtentry2.o)
    0x0800013e   0x0800013e   0x00000008   Code   RO          861    .ARM.Collect$$rtentry$$0000000D  c_p.l(__rtentry2.o)
    0x08000146   0x08000146   0x00000002   Code   RO          907    .ARM.Collect$$rtexit$$00000000  c_p.l(rtexit.o)
    0x08000148   0x08000148   0x00000000   Code   RO          967    .ARM.Collect$$rtexit$$00000002  c_p.l(rtexit2.o)
    0x08000148   0x08000148   0x00000004   Code   RO          968    .ARM.Collect$$rtexit$$00000003  c_p.l(rtexit2.o)
    0x0800014c   0x0800014c   0x00000006   Code   RO          969    .ARM.Collect$$rtexit$$00000004  c_p.l(rtexit2.o)
    0x08000152   0x08000152   0x00000002   PAD
    0x08000154   0x08000154   0x00000038   Code   RO            4    .text               startup_stm32f030x6.o
    0x0800018c   0x0800018c   0x00000040   Code   RO          689    .text               c_p.l(rt_memclr.o)
    0x080001cc   0x080001cc   0x0000016c   Code   RO          691    .text               c_p.l(aeabi_sdiv.o)
    0x08000338   0x08000338   0x00000006   Code   RO          695    .text               c_p.l(heapauxi.o)
    0x0800033e   0x0800033e   0x00000002   PAD
    0x08000340   0x08000340   0x0000007c   Code   RO          699    .text               fz_ps.l(d2f.o)
    0x080003bc   0x080003bc   0x00000358   Code   RO          701    .text               fz_ps.l(daddsub.o)
    0x08000714   0x08000714   0x00000448   Code   RO          715    .text               fz_ps.l(ddiv.o)
    0x08000b5c   0x08000b5c   0x00000248   Code   RO          720    .text               fz_ps.l(dmul.o)
    0x08000da4   0x08000da4   0x00000054   Code   RO          722    .text               fz_ps.l(f2d.o)
    0x08000df8   0x08000df8   0x00000160   Code   RO          742    .text               fz_ps.l(fdiv.o)
    0x08000f58   0x08000f58   0x0000004c   Code   RO          745    .text               fz_ps.l(ffixi.o)
    0x08000fa4   0x08000fa4   0x0000005e   Code   RO          747    .text               fz_ps.l(fflti.o)
    0x08001002   0x08001002   0x00000016   Code   RO          800    .text               c_p.l(_rserrno.o)
    0x08001018   0x08001018   0x00000060   Code   RO          808    .text               fz_ps.l(dscalbn.o)
    0x08001078   0x08001078   0x00000100   Code   RO          810    .text               fz_ps.l(dsqrt.o)
    0x08001178   0x08001178   0x00000008   Code   RO          874    .text               c_p.l(rt_errno_addr_intlibspace.o)
    0x08001180   0x08001180   0x000000a0   Code   RO          876    .text               fz_ps.l(dcmpin.o)
    0x08001220   0x08001220   0x00000044   Code   RO          880    .text               fz_ps.l(fscalbn.o)
    0x08001264   0x08001264   0x00000008   Code   RO          882    .text               c_p.l(libspace.o)
    0x0800126c   0x0800126c   0x0000003e   Code   RO          885    .text               c_p.l(sys_stackheap_outer.o)
    0x080012aa   0x080012aa   0x00000010   Code   RO          888    .text               c_p.l(exit.o)
    0x080012ba   0x080012ba   0x0000002e   Code   RO          900    .text               fz_ps.l(cmpret.o)
    0x080012e8   0x080012e8   0x00000014   Code   RO          902    .text               fz_ps.l(dnan2.o)
    0x080012fc   0x080012fc   0x0000005e   Code   RO          960    .text               fz_ps.l(retnan.o)
    0x0800135a   0x0800135a   0x00000002   PAD
    0x0800135c   0x0800135c   0x0000000c   Code   RO          962    .text               c_p.l(sys_exit.o)
    0x08001368   0x08001368   0x00000002   Code   RO          985    .text               c_p.l(use_no_semi.o)
    0x0800136a   0x0800136a   0x00000000   Code   RO          987    .text               c_p.l(indicate_semi.o)
    0x0800136a   0x0800136a   0x00000002   PAD
    0x0800136c   0x0800136c   0x00000040   Code   RO           17    .text.Gy87_Init     gy_87.o
    0x080013ac   0x080013ac   0x00000070   Code   RO           25    .text.Gy_87_Read_Data_Handle  gy_87.o
    0x0800141c   0x0800141c   0x00000024   Code   RO          410    .text.HAL_Delay     stm32f0xx_hal.o
    0x08001440   0x08001440   0x0000019c   Code   RO          447    .text.HAL_GPIO_Init  stm32f0xx_hal_gpio.o
    0x080015dc   0x080015dc   0x0000000c   Code   RO          402    .text.HAL_GetTick   stm32f0xx_hal.o
    0x080015e8   0x080015e8   0x00000044   Code   RO          323    .text.HAL_I2CEx_ConfigAnalogFilter  stm32f0xx_hal_i2c_ex.o
    0x0800162c   0x0800162c   0x00000044   Code   RO          325    .text.HAL_I2CEx_ConfigDigitalFilter  stm32f0xx_hal_i2c_ex.o
    0x08001670   0x08001670   0x000000b0   Code   RO          156    .text.HAL_I2C_Init  stm32f0xx_hal_i2c.o
    0x08001720   0x08001720   0x000001a8   Code   RO          222    .text.HAL_I2C_Mem_Read  stm32f0xx_hal_i2c.o
    0x080018c8   0x080018c8   0x000001b4   Code   RO          220    .text.HAL_I2C_Mem_Write  stm32f0xx_hal_i2c.o
    0x08001a7c   0x08001a7c   0x00000064   Code   RO          143    .text.HAL_I2C_MspInit  stm32f0xx_hal_msp.o
    0x08001ae0   0x08001ae0   0x00000014   Code   RO          400    .text.HAL_IncTick   stm32f0xx_hal.o
    0x08001af4   0x08001af4   0x0000001c   Code   RO          390    .text.HAL_Init      stm32f0xx_hal.o
    0x08001b10   0x08001b10   0x00000040   Code   RO          392    .text.HAL_InitTick  stm32f0xx_hal.o
    0x08001b50   0x08001b50   0x0000002c   Code   RO          141    .text.HAL_MspInit   stm32f0xx_hal_msp.o
    0x08001b7c   0x08001b7c   0x00000008   Code   RO          507    .text.HAL_NVIC_SetPriority  stm32f0xx_hal_cortex.o
    0x08001b84   0x08001b84   0x000000fc   Code   RO          375    .text.HAL_RCCEx_PeriphCLKConfig  stm32f0xx_hal_rcc_ex.o
    0x08001c80   0x08001c80   0x00000114   Code   RO          344    .text.HAL_RCC_ClockConfig  stm32f0xx_hal_rcc.o
    0x08001d94   0x08001d94   0x00000064   Code   RO          346    .text.HAL_RCC_GetSysClockFreq  stm32f0xx_hal_rcc.o
    0x08001df8   0x08001df8   0x000003dc   Code   RO          342    .text.HAL_RCC_OscConfig  stm32f0xx_hal_rcc.o
    0x080021d4   0x080021d4   0x00000034   Code   RO          519    .text.HAL_SYSTICK_Config  stm32f0xx_hal_cortex.o
    0x08002208   0x08002208   0x000001c4   Code   RO           15    .text.HMC5883L_setScale  gy_87.o
    0x080023cc   0x080023cc   0x00000002   Code   RO          125    .text.HardFault_Handler  stm32f0xx_it.o
    0x080023ce   0x080023ce   0x0000001c   Code   RO          180    .text.I2C_Flush_TXDR  stm32f0xx_hal_i2c.o
    0x080023ea   0x080023ea   0x00000002   PAD
    0x080023ec   0x080023ec   0x0000010c   Code   RO          312    .text.I2C_IsErrorOccurred  stm32f0xx_hal_i2c.o
    0x080024f8   0x080024f8   0x00000030   Code   RO          168    .text.I2C_TransferConfig  stm32f0xx_hal_i2c.o
    0x08002528   0x08002528   0x00000074   Code   RO          166    .text.I2C_WaitOnFlagUntilTimeout  stm32f0xx_hal_i2c.o
    0x0800259c   0x0800259c   0x00000054   Code   RO          172    .text.I2C_WaitOnSTOPFlagUntilTimeout  stm32f0xx_hal_i2c.o
    0x080025f0   0x080025f0   0x00000058   Code   RO          170    .text.I2C_WaitOnTXISFlagUntilTimeout  stm32f0xx_hal_i2c.o
    0x08002648   0x08002648   0x000001fc   Code   RO           13    .text.MPU_Basic_Init  gy_87.o
    0x08002844   0x08002844   0x00000038   Code   RO           21    .text.MPU_Get_Accelerometer  gy_87.o
    0x0800287c   0x0800287c   0x0000007c   Code   RO           19    .text.MPU_Get_Gyroscope  gy_87.o
    0x080028f8   0x080028f8   0x00000080   Code   RO           23    .text.MPU_Get_Magnetometer  gy_87.o
    0x08002978   0x08002978   0x00000002   Code   RO          123    .text.NMI_Handler   stm32f0xx_it.o
    0x0800297a   0x0800297a   0x00000002   Code   RO          129    .text.PendSV_Handler  stm32f0xx_it.o
    0x0800297c   0x0800297c   0x00000002   Code   RO          127    .text.SVC_Handler   stm32f0xx_it.o
    0x0800297e   0x0800297e   0x00000008   Code   RO          131    .text.SysTick_Handler  stm32f0xx_it.o
    0x08002986   0x08002986   0x00000084   Code   RO          109    .text.SystemClock_Config  main.o
    0x08002a0a   0x08002a0a   0x00000002   Code   RO          670    .text.SystemInit    system_stm32f0xx.o
    0x08002a0c   0x08002a0c   0x00000040   Code   RO          509    .text.__NVIC_SetPriority  stm32f0xx_hal_cortex.o
    0x08002a4c   0x08002a4c   0x00000500   Code   RO           47    .text.get_attitude_angle  app_angle.o
    0x08002f4c   0x08002f4c   0x000000d0   Code   RO          107    .text.main          main.o
    0x0800301c   0x0800301c   0x00000034   Code   RO           43    .text.q_rsqrt       app_angle.o
    0x08003050   0x08003050   0x00000018   Code   RO           45    .text.reset_quaternion  app_angle.o
    0x08003068   0x08003068   0x0000002c   Code   RO          833    i.__ARM_fpclassify  m_ps.l(fpclassify.o)
    0x08003094   0x08003094   0x00000022   Code   RO          835    i.__ARM_fpclassifyf  m_ps.l(fpclassifyf.o)
    0x080030b6   0x080030b6   0x000000ac   Code   RO          851    i.__kernel_poly     m_ps.l(poly.o)
    0x08003162   0x08003162   0x0000000a   Code   RO          820    i.__mathlib_dbl_infnan  m_ps.l(dunder.o)
    0x0800316c   0x0800316c   0x00000008   Code   RO          821    i.__mathlib_dbl_infnan2  m_ps.l(dunder.o)
    0x08003174   0x08003174   0x00000010   Code   RO          822    i.__mathlib_dbl_invalid  m_ps.l(dunder.o)
    0x08003184   0x08003184   0x00000014   Code   RO          825    i.__mathlib_dbl_underflow  m_ps.l(dunder.o)
    0x08003198   0x08003198   0x00000008   Code   RO          839    i.__mathlib_flt_infnan2  m_ps.l(funder.o)
    0x080031a0   0x080031a0   0x0000000e   Code   RO          843    i.__mathlib_flt_underflow  m_ps.l(funder.o)
    0x080031ae   0x080031ae   0x00000016   Code   RO          704    i._dgeq             fz_ps.l(dcmp.o)
    0x080031c4   0x080031c4   0x00000274   Code   RO          752    i.asin              m_ps.l(asin.o)
    0x08003438   0x08003438   0x0000021c   Code   RO          762    i.atan              m_ps.l(atan.o)
    0x08003654   0x08003654   0x0000019c   Code   RO          772    i.atan2             m_ps.l(atan2.o)
    0x080037f0   0x080037f0   0x0000029c   Code   RO          780    i.atan2f            m_ps.l(atan2f.o)
    0x08003a8c   0x08003a8c   0x00000048   Code   RO          788    i.sqrt              m_ps.l(sqrt.o)
    0x08003ad4   0x08003ad4   0x00000064   Code   RO          802    x$fpl$deqf          fz_ps.l(deqf.o)
    0x08003b38   0x08003b38   0x00000064   Code   RO          804    x$fpl$dgeqf         fz_ps.l(dgef.o)
    0x08003b9c   0x08003b9c   0x0000008c   Code   RO          724    x$fpl$fadd          fz_ps.l(faddsub.o)
    0x08003c28   0x08003c28   0x000000b0   Code   RO          749    x$fpl$fmul          fz_ps.l(fmul.o)
    0x08003cd8   0x08003cd8   0x00000018   Code   RO          725    x$fpl$frsb          fz_ps.l(faddsub.o)
    0x08003cf0   0x08003cf0   0x000000d0   Code   RO          726    x$fpl$fsub          fz_ps.l(faddsub.o)
    0x08003dc0   0x08003dc0   0x00000000   Code   RO          818    x$fpl$usenofp       fz_ps.l(usenofp.o)
    0x08003dc0   0x08003dc0   0x00000080   Data   RO          716    .constdata          fz_ps.l(ddiv.o)
    0x08003e40   0x08003e40   0x00000040   Data   RO          743    .constdata          fz_ps.l(fdiv.o)
    0x08003e80   0x08003e80   0x00000050   Data   RO          753    .constdata          m_ps.l(asin.o)
    0x08003ed0   0x08003ed0   0x00000098   Data   RO          763    .constdata          m_ps.l(atan.o)
    0x08003f68   0x08003f68   0x00000008   Data   RO          853    .constdata          m_ps.l(qnan.o)
    0x08003f70   0x08003f70   0x00000010   Data   RO          675    .rodata.AHBPrescTable  system_stm32f0xx.o
    0x08003f80   0x08003f80   0x00000020   Data   RO         1040    Region$$Table       anon$$obj.o


    Execution Region RW_IRAM1 (Exec base: 0x20000000, Load base: 0x08003fa0, Size: 0x00000798, Max: 0x00001000, ABSOLUTE)

    Exec Addr    Load Addr    Size         Type   Attr      Idx    E Section Name        Object

    0x20000000   0x08003fa0   0x00000008   Data   RW          437    .data..L_MergedGlobals  stm32f0xx_hal.o
    0x20000008   0x08003fa8   0x00000010   Data   RW           50    .data.NumQ          app_angle.o
    0x20000018   0x08003fb8   0x00000004   Data   RW          674    .data.SystemCoreClock  system_stm32f0xx.o
    0x2000001c   0x08003fbc   0x00000004   PAD
    0x20000020        -       0x00000060   Zero   RW          883    .bss                c_p.l(libspace.o)
    0x20000080        -       0x00000034   Zero   RW           33    .bss..L_MergedGlobals  gy_87.o
    0x200000b4        -       0x00000048   Zero   RW           54    .bss..L_MergedGlobals  app_angle.o
    0x200000fc        -       0x0000000c   Zero   RW           52    .bss.g_attitude     app_angle.o
    0x20000108        -       0x00000030   Zero   RW           53    .bss.g_imu_data     app_angle.o
    0x20000138        -       0x00000054   Zero   RW          113    .bss.hi2c1          main.o
    0x2000018c        -       0x00000004   Zero   RW           30    .bss.m_Scale        gy_87.o
    0x20000190        -       0x00000001   Zero   RW           29    .bss.res            gy_87.o
    0x20000191   0x08003fbc   0x00000003   PAD
    0x20000194        -       0x00000004   Zero   RW          436    .bss.uwTick         stm32f0xx_hal.o
    0x20000198        -       0x00000200   Zero   RW            2    HEAP                startup_stm32f030x6.o
    0x20000398        -       0x00000400   Zero   RW            1    STACK               startup_stm32f030x6.o


==============================================================================

Image component sizes


      Code (inc. data)   RO Data    RW Data    ZI Data      Debug   Object Name

      1356         28          0         16        132       2893   app_angle.o
      1444        128          0          0         57       7669   gy_87.o
       340         28          0          0         84       5280   main.o
        56         26        176          0       1536        592   startup_stm32f030x6.o
       160         16          0          8          4       5135   stm32f0xx_hal.o
       124         20          0          0          0       5161   stm32f0xx_hal_cortex.o
       412         24          0          0          0       4625   stm32f0xx_hal_gpio.o
      1668         32          0          0          0      38242   stm32f0xx_hal_i2c.o
       136          0          0          0          0       4775   stm32f0xx_hal_i2c_ex.o
       144         12          0          0          0       4571   stm32f0xx_hal_msp.o
      1364         72          0          0          0       7018   stm32f0xx_hal_rcc.o
       252         12          0          0          0       2898   stm32f0xx_hal_rcc_ex.o
        16          0          0          0          0        680   stm32f0xx_it.o
         2          0         16          4          0       1646   system_stm32f0xx.o

    ----------------------------------------------------------------------
      7476        398        224         28       1820      91185   Object Totals
         0          0         32          0          0          0   (incl. Generated)
         2          0          0          0          7          0   (incl. Padding)

    ----------------------------------------------------------------------

      Code (inc. data)   RO Data    RW Data    ZI Data      Debug   Library Member Name

         8          0          0          0          0         68   __main.o
         0          0          0          0          0          0   __rtentry.o
        12          0          0          0          0          0   __rtentry2.o
         6          0          0          0          0          0   __rtentry4.o
        60          8          0          0          0          0   __scatter.o
        26          0          0          0          0          0   __scatter_copy.o
        28          0          0          0          0          0   __scatter_zi.o
        22          0          0          0          0         92   _rserrno.o
       364          4          0          0          0         92   aeabi_sdiv.o
        16          0          0          0          0         68   exit.o
         6          0          0          0          0        136   heapauxi.o
         0          0          0          0          0          0   indicate_semi.o
         2          0          0          0          0          0   libinit.o
         2          0          0          0          0          0   libinit2.o
         2          0          0          0          0          0   libshutdown.o
         2          0          0          0          0          0   libshutdown2.o
         8          4          0          0         96         68   libspace.o
         8          4          0          0          0         68   rt_errno_addr_intlibspace.o
        64          0          0          0          0        108   rt_memclr.o
         2          0          0          0          0          0   rtexit.o
        10          0          0          0          0          0   rtexit2.o
        12          4          0          0          0         60   sys_exit.o
        62          0          0          0          0         80   sys_stackheap_outer.o
         2          0          0          0          0         68   use_no_semi.o
        46          0          0          0          0         60   cmpret.o
       124          4          0          0          0         72   d2f.o
       856         20          0          0          0        208   daddsub.o
        22          0          0          0          0         68   dcmp.o
       160          6          0          0          0         76   dcmpin.o
      1096         26        128          0          0        112   ddiv.o
       100          4          0          0          0         92   deqf.o
       100          4          0          0          0         92   dgef.o
       584         26          0          0          0         84   dmul.o
        20          6          0          0          0         68   dnan2.o
        96         12          0          0          0         72   dscalbn.o
       256          8          0          0          0         76   dsqrt.o
        84          4          0          0          0         60   f2d.o
       372          8          0          0          0        240   faddsub.o
       352         10         64          0          0         92   fdiv.o
        76          0          0          0          0         68   ffixi.o
        94          0          0          0          0         92   fflti.o
       176          4          0          0          0         80   fmul.o
        68          4          0          0          0         68   fscalbn.o
        94          0          0          0          0         68   retnan.o
         0          0          0          0          0          0   usenofp.o
       628         54         80          0          0        104   asin.o
       540         68        152          0          0        112   atan.o
       412         40          0          0          0        144   atan2.o
       668         76          0          0          0        120   atan2f.o
        54          6          0          0          0        272   dunder.o
        44          4          0          0          0         60   fpclassify.o
        34          0          0          0          0         60   fpclassifyf.o
        22          0          0          0          0        136   funder.o
       172          0          0          0          0         76   poly.o
         0          0          8          0          0          0   qnan.o
        72          6          0          0          0         76   sqrt.o

    ----------------------------------------------------------------------
      8156        424        432          0         96       3916   Library Totals
        10          0          0          0          0          0   (incl. Padding)

    ----------------------------------------------------------------------

      Code (inc. data)   RO Data    RW Data    ZI Data      Debug   Library Name

       724         24          0          0         96        908   c_p.l
      4776        146        192          0          0       1848   fz_ps.l
      2646        254        240          0          0       1160   m_ps.l

    ----------------------------------------------------------------------
      8156        424        432          0         96       3916   Library Totals

    ----------------------------------------------------------------------

==============================================================================


      Code (inc. data)   RO Data    RW Data    ZI Data      Debug   

     15632        822        656         28       1916      92993   Grand Totals
     15632        822        656         28       1916      92993   ELF Image Totals
     15632        822        656         28          0          0   ROM Totals

==============================================================================

    Total RO  Size (Code + RO Data)                16288 (  15.91kB)
    Total RW  Size (RW Data + ZI Data)              1944 (   1.90kB)
    Total ROM Size (Code + RO Data + RW Data)      16316 (  15.93kB)

==============================================================================

